Archive member included to satisfy reference by file (symbol)

.\CortexM3\ARM_GCC_541\Debug\semester3_prj_motorstyring.a(Motorpwm_right.o)
                              .\CortexM3\ARM_GCC_541\Debug\main.o (Motorpwm_right_WriteCompare)
.\CortexM3\ARM_GCC_541\Debug\semester3_prj_motorstyring.a(Motorpwm_Left.o)
                              .\CortexM3\ARM_GCC_541\Debug\main.o (Motorpwm_Left_WriteCompare)
.\CortexM3\ARM_GCC_541\Debug\semester3_prj_motorstyring.a(CyLib.o)
                              .\CortexM3\ARM_GCC_541\Debug\Cm3Start.o (CyHalt)
.\CortexM3\ARM_GCC_541\Debug\semester3_prj_motorstyring.a(cyPm.o)
                              .\CortexM3\ARM_GCC_541\Debug\semester3_prj_motorstyring.a(CyLib.o) (CyPmReadStatus)
.\CortexM3\ARM_GCC_541\Debug\semester3_prj_motorstyring.a(mode.o)
                              .\CortexM3\ARM_GCC_541\Debug\main.o (mode_Write)
.\CortexM3\ARM_GCC_541\Debug\semester3_prj_motorstyring.a(Enable_Left.o)
                              .\CortexM3\ARM_GCC_541\Debug\main.o (Enable_Left_Write)
.\CortexM3\ARM_GCC_541\Debug\semester3_prj_motorstyring.a(Enable_Right.o)
                              .\CortexM3\ARM_GCC_541\Debug\main.o (Enable_Right_Write)
.\CortexM3\ARM_GCC_541\Debug\semester3_prj_motorstyring.a(ADC_calR.o)
                              .\CortexM3\ARM_GCC_541\Debug\main.o (ADC_calR_Init)
.\CortexM3\ARM_GCC_541\Debug\semester3_prj_motorstyring.a(ADC_calR_INT.o)
                              .\CortexM3\ARM_GCC_541\Debug\semester3_prj_motorstyring.a(ADC_calR.o) (ADC_calR_ISR)
.\CortexM3\ARM_GCC_541\Debug\semester3_prj_motorstyring.a(ADC_calL.o)
                              .\CortexM3\ARM_GCC_541\Debug\main.o (ADC_calL_Init)
.\CortexM3\ARM_GCC_541\Debug\semester3_prj_motorstyring.a(ADC_calL_INT.o)
                              .\CortexM3\ARM_GCC_541\Debug\semester3_prj_motorstyring.a(ADC_calL.o) (ADC_calL_ISR)
.\CortexM3\ARM_GCC_541\Debug\semester3_prj_motorstyring.a(ADC_calR_theACLK.o)
                              .\CortexM3\ARM_GCC_541\Debug\semester3_prj_motorstyring.a(ADC_calR.o) (ADC_calR_theACLK_SetModeRegister)
.\CortexM3\ARM_GCC_541\Debug\semester3_prj_motorstyring.a(ADC_calL_theACLK.o)
                              .\CortexM3\ARM_GCC_541\Debug\semester3_prj_motorstyring.a(ADC_calL.o) (ADC_calL_theACLK_SetModeRegister)
.\CortexM3\ARM_GCC_541\Debug\semester3_prj_motorstyring.a(CyBootAsmGnu.o)
                              .\CortexM3\ARM_GCC_541\Debug\cyfitter_cfg.o (CyDelayCycles)
.\CortexM3\ARM_GCC_541\Debug\semester3_prj_motorstyring.a(CyFlash.o)
                              .\CortexM3\ARM_GCC_541\Debug\semester3_prj_motorstyring.a(cyPm.o) (CyFlash_SetWaitCycles)
.\CortexM3\ARM_GCC_541\Debug\semester3_prj_motorstyring.a(CySpc.o)
                              .\CortexM3\ARM_GCC_541\Debug\semester3_prj_motorstyring.a(CyFlash.o) (CySpcStart)
c:/program files (x86)/cypress/psoc creator/4.2/psoc creator/import/gnu/arm/5.4.1/bin/../lib/gcc/arm-none-eabi/5.4.1/armv7-m\libgcc.a(_arm_addsubsf3.o)
                              .\CortexM3\ARM_GCC_541\Debug\semester3_prj_motorstyring.a(ADC_calR.o) (__aeabi_i2f)
c:/program files (x86)/cypress/psoc creator/4.2/psoc creator/import/gnu/arm/5.4.1/bin/../lib/gcc/arm-none-eabi/5.4.1/armv7-m\libgcc.a(_arm_muldivsf3.o)
                              .\CortexM3\ARM_GCC_541\Debug\semester3_prj_motorstyring.a(ADC_calR.o) (__aeabi_fmul)
c:/program files (x86)/cypress/psoc creator/4.2/psoc creator/import/gnu/arm/5.4.1/bin/../lib/gcc/arm-none-eabi/5.4.1/armv7-m\libgcc.a(_aeabi_ldivmod.o)
                              .\CortexM3\ARM_GCC_541\Debug\semester3_prj_motorstyring.a(ADC_calR.o) (__aeabi_ldivmod)
c:/program files (x86)/cypress/psoc creator/4.2/psoc creator/import/gnu/arm/5.4.1/bin/../lib/gcc/arm-none-eabi/5.4.1/armv7-m\libgcc.a(_udivmoddi4.o)
                              c:/program files (x86)/cypress/psoc creator/4.2/psoc creator/import/gnu/arm/5.4.1/bin/../lib/gcc/arm-none-eabi/5.4.1/armv7-m\libgcc.a(_aeabi_ldivmod.o) (__udivmoddi4)
c:/program files (x86)/cypress/psoc creator/4.2/psoc creator/import/gnu/arm/5.4.1/bin/../lib/gcc/arm-none-eabi/5.4.1/armv7-m\libgcc.a(_dvmd_tls.o)
                              c:/program files (x86)/cypress/psoc creator/4.2/psoc creator/import/gnu/arm/5.4.1/bin/../lib/gcc/arm-none-eabi/5.4.1/armv7-m\libgcc.a(_aeabi_ldivmod.o) (__aeabi_ldiv0)
c:/program files (x86)/cypress/psoc creator/4.2/psoc creator/import/gnu/arm/5.4.1/bin/../lib/gcc/arm-none-eabi/5.4.1/../../../../arm-none-eabi/lib/armv7-m\libg_nano.a(lib_a-errno.o)
                              .\CortexM3\ARM_GCC_541\Debug\Cm3Start.o (__errno)
c:/program files (x86)/cypress/psoc creator/4.2/psoc creator/import/gnu/arm/5.4.1/bin/../lib/gcc/arm-none-eabi/5.4.1/../../../../arm-none-eabi/lib/armv7-m\libg_nano.a(lib_a-exit.o)
                              c:/program files (x86)/cypress/psoc creator/4.2/psoc creator/import/gnu/arm/5.4.1/bin/../lib/gcc/arm-none-eabi/5.4.1/../../../../arm-none-eabi/lib/armv7-m/crt0.o (exit)
[...]
Memory Configuration

Name             Origin             Length             Attributes
rom              0x00000000         0x00040000         xr
ram              0x1fff8000         0x00010000         xrw
*default*        0x00000000         0xffffffff

Linker script and memory map

LOAD c:/program files (x86)/cypress/psoc creator/4.2/psoc creator/import/gnu/arm/5.4.1/bin/../lib/gcc/arm-none-eabi/5.4.1/armv7-m/crti.o
LOAD c:/program files (x86)/cypress/psoc creator/4.2/psoc creator/import/gnu/arm/5.4.1/bin/../lib/gcc/arm-none-eabi/5.4.1/armv7-m/crtbegin.o
LOAD c:/program files (x86)/cypress/psoc creator/4.2/psoc creator/import/gnu/arm/5.4.1/bin/../lib/gcc/arm-none-eabi/5.4.1/../../../../arm-none-eabi/lib/armv7-m/crt0.o
START GROUP
LOAD .\CortexM3\ARM_GCC_541\Debug\main.o
LOAD .\CortexM3\ARM_GCC_541\Debug\cyfitter_cfg.o
LOAD .\CortexM3\ARM_GCC_541\Debug\cymetadata.o
LOAD .\CortexM3\ARM_GCC_541\Debug\Cm3Start.o
LOAD .\CortexM3\ARM_GCC_541\Debug\semester3_prj_motorstyring.a
LOAD C:\Program Files (x86)\Cypress\PSoC Creator\4.2\PSoC Creator\psoc\content\cycomponentlibrary\CyComponentLibrary.cylib\CortexM3\ARM_GCC_541\Debug\CyComponentLibrary.a
END GROUP
START GROUP
LOAD c:/program files (x86)/cypress/psoc creator/4.2/psoc creator/import/gnu/arm/5.4.1/bin/../lib/gcc/arm-none-eabi/5.4.1/armv7-m\libgcc.a
LOAD c:/program files (x86)/cypress/psoc creator/4.2/psoc creator/import/gnu/arm/5.4.1/bin/../lib/gcc/arm-none-eabi/5.4.1/../../../../arm-none-eabi/lib/armv7-m\libg_nano.a
LOAD c:/program files (x86)/cypress/psoc creator/4.2/psoc creator/import/gnu/arm/5.4.1/bin/../lib/gcc/arm-none-eabi/5.4.1/../../../../arm-none-eabi/lib/armv7-m\libc_nano.a
END GROUP
START GROUP
LOAD c:/program files (x86)/cypress/psoc creator/4.2/psoc creator/import/gnu/arm/5.4.1/bin/../lib/gcc/arm-none-eabi/5.4.1/armv7-m\libgcc.a
LOAD c:/program files (x86)/cypress/psoc creator/4.2/psoc creator/import/gnu/arm/5.4.1/bin/../lib/gcc/arm-none-eabi/5.4.1/../../../../arm-none-eabi/lib/armv7-m\libc_nano.a
END GROUP
LOAD c:/program files (x86)/cypress/psoc creator/4.2/psoc creator/import/gnu/arm/5.4.1/bin/../lib/gcc/arm-none-eabi/5.4.1/armv7-m/crtend.o
LOAD c:/program files (x86)/cypress/psoc creator/4.2/psoc creator/import/gnu/arm/5.4.1/bin/../lib/gcc/arm-none-eabi/5.4.1/armv7-m/crtn.o
START GROUP
LOAD c:/program files (x86)/cypress/psoc creator/4.2/psoc creator/import/gnu/arm/5.4.1/bin/../lib/gcc/arm-none-eabi/5.4.1/armv7-m\libgcc.a
LOAD c:/program files (x86)/cypress/psoc creator/4.2/psoc creator/import/gnu/arm/5.4.1/bin/../lib/gcc/arm-none-eabi/5.4.1/../../../../arm-none-eabi/lib/armv7-m\libc.a
LOAD c:/program files (x86)/cypress/psoc creator/4.2/psoc creator/import/gnu/arm/5.4.1/bin/../lib/gcc/arm-none-eabi/5.4.1/../../../../arm-none-eabi/lib/armv7-m\libnosys.a
END GROUP
                0x00000000                CY_APPL_ORIGIN = 0x0
                0x00000100                CY_FLASH_ROW_SIZE = 0x100
                0x00000020                CY_ECC_ROW_SIZE = 0x20
                0x00000000                CY_EE_IN_BTLDR = 0x0
                0x00000000                CY_APPL_LOADABLE = 0x0
                0x00000800                CY_EE_SIZE = 0x800
                0x00000001                CY_APPL_NUM = 0x1
                0x00000001                CY_APPL_MAX = 0x1
                0x00000040                CY_METADATA_SIZE = 0x40
                0x00000000                CY_APPL_LOADABLE = 0x0
                0x00000000                CY_CHECKSUM_EXCLUDE_SIZE = ALIGN (0x0, CY_FLASH_ROW_SIZE)
                [!provide]                PROVIDE (__cy_heap_start, _end)
                0x00000001                PROVIDE (__cy_region_num, ((__cy_regions_end - __cy_regions) / 0x10))
                0x20008000                PROVIDE (__cy_stack, (ORIGIN (ram) + LENGTH (ram)))
                [!provide]                PROVIDE (__cy_heap_end, (__cy_stack - 0x800))

.cybootloader   0x00000000        0x0
 *(.cybootloader)
                0x00000000                appl1_start = CY_APPL_ORIGIN?CY_APPL_ORIGIN:ALIGN (CY_FLASH_ROW_SIZE)
                0x0001ff00                appl2_start = (appl1_start + ALIGN ((((LENGTH (rom) - appl1_start) - (0x2 * CY_FLASH_ROW_SIZE)) / 0x2), CY_FLASH_ROW_SIZE))
                0x00000000                appl_start = (CY_APPL_NUM == 0x1)?appl1_start:appl2_start
                0x00000000                ecc_offset = ((appl_start / CY_FLASH_ROW_SIZE) * CY_ECC_ROW_SIZE)
                0x00000000                ee_offset = (CY_APPL_LOADABLE && ! (CY_EE_IN_BTLDR))?((CY_EE_SIZE / CY_APPL_MAX) * (CY_APPL_NUM - 0x1)):0x0
                0x00000800                ee_size = (CY_APPL_LOADABLE && ! (CY_EE_IN_BTLDR))?(CY_EE_SIZE / CY_APPL_MAX):CY_EE_SIZE
                [!provide]                PROVIDE (CY_ECC_OFFSET, ecc_offset)

.text           0x00000000      0xaee
 CREATE_OBJECT_SYMBOLS
                0x00000000                PROVIDE (__cy_interrupt_vector, RomVectors)
 *(.romvectors)
 .romvectors    0x00000000       0x10 .\CortexM3\ARM_GCC_541\Debug\Cm3Start.o
                0x00000000                RomVectors
                0x00000001                ASSERT ((. != __cy_interrupt_vector), No interrupt vector)
                0x00000001                ASSERT (CY_APPL_ORIGIN?(SIZEOF (.cybootloader) <= CY_APPL_ORIGIN):0x1, Wrong image location)
                0x00000010                PROVIDE (__cy_reset, Reset)
 *(.text.Reset)
 .text.Reset    0x00000010       0x18 .\CortexM3\ARM_GCC_541\Debug\Cm3Start.o
                0x00000010                Reset
                0x00000001                ASSERT ((. != __cy_reset), No reset code)
 *(.dma_init)
                0x00000001                ASSERT ((((appl_start + .) <= 0x10000) || 0x1), DMA Init must be within the first 64k of flash)
 *(.text .text.* .gnu.linkonce.t.*)
 .text          0x00000028       0x5c c:/program files (x86)/cypress/psoc creator/4.2/psoc creator/import/gnu/arm/5.4.1/bin/../lib/gcc/arm-none-eabi/5.4.1/armv7-m/crtbegin.o
 .text.korFrem  0x00000084       0x30 .\CortexM3\ARM_GCC_541\Debug\main.o
                0x00000084                korFrem
 .text.main     0x000000b4       0x44 .\CortexM3\ARM_GCC_541\Debug\main.o
                0x000000b4                main
 .text.CyClockStartupError
                0x000000f8        0x4 .\CortexM3\ARM_GCC_541\Debug\cyfitter_cfg.o
 .text.cfg_write_bytes32
                0x000000fc       0x34 .\CortexM3\ARM_GCC_541\Debug\cyfitter_cfg.o
 .text.CYMEMZERO
                0x00000130        0xc .\CortexM3\ARM_GCC_541\Debug\cyfitter_cfg.o
 .text.AnalogSetDefault
                0x0000013c       0x9c .\CortexM3\ARM_GCC_541\Debug\cyfitter_cfg.o
 .text.CYCONFIGCPY
                0x000001d8        0x8 .\CortexM3\ARM_GCC_541\Debug\cyfitter_cfg.o
 .text.ClockSetup
                0x000001e0       0xe4 .\CortexM3\ARM_GCC_541\Debug\cyfitter_cfg.o
 .text.cyfitter_cfg
                0x000002c4       0xdc .\CortexM3\ARM_GCC_541\Debug\cyfitter_cfg.o
                0x000002c4                cyfitter_cfg
 .text.IntDefaultHandler
                0x000003a0       0x10 .\CortexM3\ARM_GCC_541\Debug\Cm3Start.o
                0x000003a0                IntDefaultHandler
 .text.Start_c  0x000003b0       0x4c .\CortexM3\ARM_GCC_541\Debug\Cm3Start.o
                0x000003b0                Start_c
 .text.initialize_psoc
                0x000003fc       0x68 .\CortexM3\ARM_GCC_541\Debug\Cm3Start.o
                0x000003fc                initialize_psoc
 .text.Motorpwm_right_Enable
                0x00000464       0x10 .\CortexM3\ARM_GCC_541\Debug\semester3_prj_motorstyring.a(Motorpwm_right.o)
                0x00000464                Motorpwm_right_Enable
 .text.Motorpwm_right_WriteCounter
                0x00000474        0xc .\CortexM3\ARM_GCC_541\Debug\semester3_prj_motorstyring.a(Motorpwm_right.o)
                0x00000474                Motorpwm_right_WriteCounter
 .text.Motorpwm_right_WritePeriod
                0x00000480        0xc .\CortexM3\ARM_GCC_541\Debug\semester3_prj_motorstyring.a(Motorpwm_right.o)
                0x00000480                Motorpwm_right_WritePeriod
 .text.Motorpwm_right_WriteCompare
                0x0000048c        0xc .\CortexM3\ARM_GCC_541\Debug\semester3_prj_motorstyring.a(Motorpwm_right.o)
                0x0000048c                Motorpwm_right_WriteCompare
 .text.Motorpwm_right_SetInterruptMode
                0x00000498        0xc .\CortexM3\ARM_GCC_541\Debug\semester3_prj_motorstyring.a(Motorpwm_right.o)
                0x00000498                Motorpwm_right_SetInterruptMode
 .text.Motorpwm_right_ReadStatusRegister
                0x000004a4        0xc .\CortexM3\ARM_GCC_541\Debug\semester3_prj_motorstyring.a(Motorpwm_right.o)
                0x000004a4                Motorpwm_right_ReadStatusRegister
 .text.Motorpwm_right_ReadCapture
                0x000004b0        0xc .\CortexM3\ARM_GCC_541\Debug\semester3_prj_motorstyring.a(Motorpwm_right.o)
                0x000004b0                Motorpwm_right_ReadCapture
 .text.Motorpwm_right_ClearFIFO
                0x000004bc       0x14 .\CortexM3\ARM_GCC_541\Debug\semester3_prj_motorstyring.a(Motorpwm_right.o)
                0x000004bc                Motorpwm_right_ClearFIFO
 .text.Motorpwm_right_Init
                0x000004d0       0x50 .\CortexM3\ARM_GCC_541\Debug\semester3_prj_motorstyring.a(Motorpwm_right.o)
                0x000004d0                Motorpwm_right_Init
 .text.Motorpwm_right_Start
                0x00000520       0x1c .\CortexM3\ARM_GCC_541\Debug\semester3_prj_motorstyring.a(Motorpwm_right.o)
                0x00000520                Motorpwm_right_Start
 .text.Motorpwm_Left_Enable
                0x0000053c       0x10 .\CortexM3\ARM_GCC_541\Debug\semester3_prj_motorstyring.a(Motorpwm_Left.o)
                0x0000053c                Motorpwm_Left_Enable
 .text.Motorpwm_Left_WriteCounter
                0x0000054c        0xc .\CortexM3\ARM_GCC_541\Debug\semester3_prj_motorstyring.a(Motorpwm_Left.o)
                0x0000054c                Motorpwm_Left_WriteCounter
 .text.Motorpwm_Left_WritePeriod
                0x00000558        0xc .\CortexM3\ARM_GCC_541\Debug\semester3_prj_motorstyring.a(Motorpwm_Left.o)
                0x00000558                Motorpwm_Left_WritePeriod
 .text.Motorpwm_Left_WriteCompare
                0x00000564        0xc .\CortexM3\ARM_GCC_541\Debug\semester3_prj_motorstyring.a(Motorpwm_Left.o)
                0x00000564                Motorpwm_Left_WriteCompare
 .text.Motorpwm_Left_SetInterruptMode
                0x00000570        0xc .\CortexM3\ARM_GCC_541\Debug\semester3_prj_motorstyring.a(Motorpwm_Left.o)
                0x00000570                Motorpwm_Left_SetInterruptMode
 .text.Motorpwm_Left_ReadStatusRegister
                0x0000057c        0xc .\CortexM3\ARM_GCC_541\Debug\semester3_prj_motorstyring.a(Motorpwm_Left.o)
                0x0000057c                Motorpwm_Left_ReadStatusRegister
 .text.Motorpwm_Left_ReadCapture
                0x00000588        0xc .\CortexM3\ARM_GCC_541\Debug\semester3_prj_motorstyring.a(Motorpwm_Left.o)
                0x00000588                Motorpwm_Left_ReadCapture
 .text.Motorpwm_Left_ClearFIFO
                0x00000594       0x14 .\CortexM3\ARM_GCC_541\Debug\semester3_prj_motorstyring.a(Motorpwm_Left.o)
                0x00000594                Motorpwm_Left_ClearFIFO
 .text.Motorpwm_Left_Init
                0x000005a8       0x50 .\CortexM3\ARM_GCC_541\Debug\semester3_prj_motorstyring.a(Motorpwm_Left.o)
                0x000005a8                Motorpwm_Left_Init
 .text.Motorpwm_Left_Start
                0x000005f8       0x1c .\CortexM3\ARM_GCC_541\Debug\semester3_prj_motorstyring.a(Motorpwm_Left.o)
                0x000005f8                Motorpwm_Left_Start
 .text.CyHalt   0x00000614        0x4 .\CortexM3\ARM_GCC_541\Debug\semester3_prj_motorstyring.a(CyLib.o)
                0x00000614                CyHalt
 .text.CyDelayUs
                0x00000618       0x14 .\CortexM3\ARM_GCC_541\Debug\semester3_prj_motorstyring.a(CyLib.o)
                0x00000618                CyDelayUs
 .text.CyIntSetVector
                0x0000062c       0x28 .\CortexM3\ARM_GCC_541\Debug\semester3_prj_motorstyring.a(CyLib.o)
                0x0000062c                CyIntSetVector
 .text.CyIntSetPriority
                0x00000654       0x30 .\CortexM3\ARM_GCC_541\Debug\semester3_prj_motorstyring.a(CyLib.o)
                0x00000654                CyIntSetPriority
 .text.mode_Write
                0x00000684        0xc .\CortexM3\ARM_GCC_541\Debug\semester3_prj_motorstyring.a(mode.o)
                0x00000684                mode_Write
 .text.Enable_Left_Write
                0x00000690       0x18 .\CortexM3\ARM_GCC_541\Debug\semester3_prj_motorstyring.a(Enable_Left.o)
                0x00000690                Enable_Left_Write
 .text.Enable_Right_Write
                0x000006a8       0x18 .\CortexM3\ARM_GCC_541\Debug\semester3_prj_motorstyring.a(Enable_Right.o)
                0x000006a8                Enable_Right_Write
 .text.ADC_calR_CalcGain
                0x000006c0       0x64 .\CortexM3\ARM_GCC_541\Debug\semester3_prj_motorstyring.a(ADC_calR.o)
 .text.ADC_calR_Enable
                0x00000724       0x94 .\CortexM3\ARM_GCC_541\Debug\semester3_prj_motorstyring.a(ADC_calR.o)
                0x00000724                ADC_calR_Enable
 .text.ADC_calR_SetResolution
                0x000007b8       0x38 .\CortexM3\ARM_GCC_541\Debug\semester3_prj_motorstyring.a(ADC_calR.o)
                0x000007b8                ADC_calR_SetResolution
 .text.ADC_calR_Init
                0x000007f0       0x3c .\CortexM3\ARM_GCC_541\Debug\semester3_prj_motorstyring.a(ADC_calR.o)
                0x000007f0                ADC_calR_Init
 .text.ADC_calR_Start
                0x0000082c       0x1c .\CortexM3\ARM_GCC_541\Debug\semester3_prj_motorstyring.a(ADC_calR.o)
                0x0000082c                ADC_calR_Start
 .text.ADC_calR_StartConvert
                0x00000848       0x10 .\CortexM3\ARM_GCC_541\Debug\semester3_prj_motorstyring.a(ADC_calR.o)
                0x00000848                ADC_calR_StartConvert
 .text.ADC_calR_GetResult8
                0x00000858       0x18 .\CortexM3\ARM_GCC_541\Debug\semester3_prj_motorstyring.a(ADC_calR.o)
                0x00000858                ADC_calR_GetResult8
 .text.ADC_calR_ISR
                0x00000870        0x4 .\CortexM3\ARM_GCC_541\Debug\semester3_prj_motorstyring.a(ADC_calR_INT.o)
                0x00000870                ADC_calR_ISR
 .text.ADC_calL_CalcGain
                0x00000874       0x64 .\CortexM3\ARM_GCC_541\Debug\semester3_prj_motorstyring.a(ADC_calL.o)
 .text.ADC_calL_Enable
                0x000008d8       0x94 .\CortexM3\ARM_GCC_541\Debug\semester3_prj_motorstyring.a(ADC_calL.o)
                0x000008d8                ADC_calL_Enable
 .text.ADC_calL_SetResolution
                0x0000096c       0x38 .\CortexM3\ARM_GCC_541\Debug\semester3_prj_motorstyring.a(ADC_calL.o)
                0x0000096c                ADC_calL_SetResolution
 .text.ADC_calL_Init
                0x000009a4       0x3c .\CortexM3\ARM_GCC_541\Debug\semester3_prj_motorstyring.a(ADC_calL.o)
                0x000009a4                ADC_calL_Init
 .text.ADC_calL_Start
                0x000009e0       0x1c .\CortexM3\ARM_GCC_541\Debug\semester3_prj_motorstyring.a(ADC_calL.o)
                0x000009e0                ADC_calL_Start
 .text.ADC_calL_StartConvert
                0x000009fc       0x10 .\CortexM3\ARM_GCC_541\Debug\semester3_prj_motorstyring.a(ADC_calL.o)
                0x000009fc                ADC_calL_StartConvert
 .text.ADC_calL_GetResult8
                0x00000a0c       0x18 .\CortexM3\ARM_GCC_541\Debug\semester3_prj_motorstyring.a(ADC_calL.o)
                0x00000a0c                ADC_calL_GetResult8
 .text.ADC_calL_ISR
                0x00000a24        0x4 .\CortexM3\ARM_GCC_541\Debug\semester3_prj_motorstyring.a(ADC_calL_INT.o)
                0x00000a24                ADC_calL_ISR
 .text.ADC_calR_theACLK_SetModeRegister
                0x00000a28       0x14 .\CortexM3\ARM_GCC_541\Debug\semester3_prj_motorstyring.a(ADC_calR_theACLK.o)
                0x00000a28                ADC_calR_theACLK_SetModeRegister
 .text.ADC_calL_theACLK_SetModeRegister
                0x00000a3c       0x14 .\CortexM3\ARM_GCC_541\Debug\semester3_prj_motorstyring.a(ADC_calL_theACLK.o)
                0x00000a3c                ADC_calL_theACLK_SetModeRegister
 .text          0x00000a50       0x20 .\CortexM3\ARM_GCC_541\Debug\semester3_prj_motorstyring.a(CyBootAsmGnu.o)
                0x00000a50                CyDelayCycles
                0x00000a60                CyEnterCriticalSection
                0x00000a68                CyExitCriticalSection
 .text.__errno  0x00000a70        0xc c:/program files (x86)/cypress/psoc creator/4.2/psoc creator/import/gnu/arm/5.4.1/bin/../lib/gcc/arm-none-eabi/5.4.1/../../../../arm-none-eabi/lib/armv7-m\libg_nano.a(lib_a-errno.o)
                0x00000a70                __errno
 .text.__libc_init_array
                0x00000a7c       0x4c c:/program files (x86)/cypress/psoc creator/4.2/psoc creator/import/gnu/arm/5.4.1/bin/../lib/gcc/arm-none-eabi/5.4.1/../../../../arm-none-eabi/lib/armv7-m\libg_nano.a(lib_a-init.o)
                0x00000a7c                __libc_init_array
 .text.memcpy   0x00000ac8       0x16 c:/program files (x86)/cypress/psoc creator/4.2/psoc creator/import/gnu/arm/5.4.1/bin/../lib/gcc/arm-none-eabi/5.4.1/../../../../arm-none-eabi/lib/armv7-m\libg_nano.a(lib_a-memcpy-stub.o)
                0x00000ac8                memcpy
 .text.memset   0x00000ade       0x10 c:/program files (x86)/cypress/psoc creator/4.2/psoc creator/import/gnu/arm/5.4.1/bin/../lib/gcc/arm-none-eabi/5.4.1/../../../../arm-none-eabi/lib/armv7-m\libg_nano.a(lib_a-memset.o)
                0x00000ade                memset
 *(.plt)
 *(.gnu.warning)
 *(.glue_7t)
 .glue_7t       0x00000aee        0x0 linker stubs
 *(.glue_7)
 .glue_7        0x00000aee        0x0 linker stubs
 *(.vfp11_veneer)
 .vfp11_veneer  0x00000aee        0x0 linker stubs
 *(.bootloader)
 *(.ARM.extab* .gnu.linkonce.armextab.*)
 *(.gcc_except_table)

.v4_bx          0x00000af0        0x0
 .v4_bx         0x00000af0        0x0 linker stubs

.iplt           0x00000af0        0x0
 .iplt          0x00000af0        0x0 c:/program files (x86)/cypress/psoc creator/4.2/psoc creator/import/gnu/arm/5.4.1/bin/../lib/gcc/arm-none-eabi/5.4.1/armv7-m/crtbegin.o

.eh_frame_hdr
 *(.eh_frame_hdr)

.eh_frame       0x00000af0        0x4
 *(.eh_frame)
 .eh_frame      0x00000af0        0x0 c:/program files (x86)/cypress/psoc creator/4.2/psoc creator/import/gnu/arm/5.4.1/bin/../lib/gcc/arm-none-eabi/5.4.1/armv7-m/crtbegin.o
 .eh_frame      0x00000af0        0x4 c:/program files (x86)/cypress/psoc creator/4.2/psoc creator/import/gnu/arm/5.4.1/bin/../lib/gcc/arm-none-eabi/5.4.1/armv7-m/crtend.o
                [!provide]                PROVIDE (__exidx_start, .)

.ARM.exidx
 *(.ARM.exidx* .gnu.linkonce.armexidx.*)
                0x00000af4                __exidx_end = .

.rodata         0x00000af4       0x6c
 *(.rodata .rodata.* .gnu.linkonce.r.*)
 .rodata        0x00000af4       0x36 .\CortexM3\ARM_GCC_541\Debug\cyfitter_cfg.o
 .rodata.str1.1
                0x00000b2a        0x2 c:/program files (x86)/cypress/psoc creator/4.2/psoc creator/import/gnu/arm/5.4.1/bin/../lib/gcc/arm-none-eabi/5.4.1/../../../../arm-none-eabi/lib/armv7-m\libg_nano.a(lib_a-impure.o)
                0x00000b2c                . = ALIGN (0x4)
 *(.init)
 .init          0x00000b2c        0x4 c:/program files (x86)/cypress/psoc creator/4.2/psoc creator/import/gnu/arm/5.4.1/bin/../lib/gcc/arm-none-eabi/5.4.1/armv7-m/crti.o
                0x00000b2c                _init
 .init          0x00000b30        0x8 c:/program files (x86)/cypress/psoc creator/4.2/psoc creator/import/gnu/arm/5.4.1/bin/../lib/gcc/arm-none-eabi/5.4.1/armv7-m/crtn.o
                0x00000b38                . = ALIGN (0x4)
                0x00000b38                __preinit_array_start = .
 *(.preinit_array)
                0x00000b38                __preinit_array_end = .
                0x00000b38                . = ALIGN (0x4)
                0x00000b38                __init_array_start = .
 *(SORT(.init_array.*))
 *(.init_array)
 .init_array    0x00000b38        0x4 c:/program files (x86)/cypress/psoc creator/4.2/psoc creator/import/gnu/arm/5.4.1/bin/../lib/gcc/arm-none-eabi/5.4.1/armv7-m/crtbegin.o
 .init_array    0x00000b3c        0x4 .\CortexM3\ARM_GCC_541\Debug\Cm3Start.o
                0x00000b40                __init_array_end = .
                0x00000b40                . = ALIGN (0x4)
 *(.fini)
 .fini          0x00000b40        0x4 c:/program files (x86)/cypress/psoc creator/4.2/psoc creator/import/gnu/arm/5.4.1/bin/../lib/gcc/arm-none-eabi/5.4.1/armv7-m/crti.o
                0x00000b40                _fini
 .fini          0x00000b44        0x8 c:/program files (x86)/cypress/psoc creator/4.2/psoc creator/import/gnu/arm/5.4.1/bin/../lib/gcc/arm-none-eabi/5.4.1/armv7-m/crtn.o
                0x00000b4c                . = ALIGN (0x4)
                0x00000b4c                __fini_array_start = .
 *(.fini_array)
 .fini_array    0x00000b4c        0x4 c:/program files (x86)/cypress/psoc creator/4.2/psoc creator/import/gnu/arm/5.4.1/bin/../lib/gcc/arm-none-eabi/5.4.1/armv7-m/crtbegin.o
 *(SORT(.fini_array.*))
                0x00000b50                __fini_array_end = .
                0x00000b50                . = ALIGN (0x4)
 *crtbegin.o(.ctors)
 *(EXCLUDE_FILE(*crtend.o) .ctors)
 *(SORT(.ctors.*))
 *crtend.o(.ctors)
                0x00000b50                . = ALIGN (0x4)
 *crtbegin.o(.dtors)
 *(EXCLUDE_FILE(*crtend.o) .dtors)
 *(SORT(.dtors.*))
 *crtend.o(.dtors)
                0x00000b50                . = ALIGN (0x4)
                0x00000b50                __cy_regions = .
                0x00000b50        0x4 LONG 0xb60 __cy_region_init_ram
                0x00000b54        0x4 LONG 0x1fff80c8 __cy_region_start_data
                0x00000b58        0x4 LONG 0x78 __cy_region_init_size_ram
                0x00000b5c        0x4 LONG 0x38 __cy_region_zero_size_ram
                0x00000b60                __cy_regions_end = .
                0x00000b60                . = ALIGN (0x8)
                0x00000b60                _etext = .

.cy_checksum_exclude
                0x00000b60        0x0
 *(.cy_checksum_exclude)

.ramvectors     0x1fff8000       0xc0
                0x1fff8000                __cy_region_start_ram = .
 *(.ramvectors)
 .ramvectors    0x1fff8000       0xc0 .\CortexM3\ARM_GCC_541\Debug\Cm3Start.o
                0x1fff8000                CyRamVectors

.noinit         0x1fff80c0        0x1
 *(.noinit)
 .noinit        0x1fff80c0        0x1 .\CortexM3\ARM_GCC_541\Debug\semester3_prj_motorstyring.a(CyLib.o)
                0x1fff80c0                CyResetStatus

.data           0x1fff80c8       0x78 load address 0x00000b60
                0x1fff80c8                __cy_region_start_data = .
 *(.jcr)
 .jcr           0x1fff80c8        0x0 c:/program files (x86)/cypress/psoc creator/4.2/psoc creator/import/gnu/arm/5.4.1/bin/../lib/gcc/arm-none-eabi/5.4.1/armv7-m/crtbegin.o
 .jcr           0x1fff80c8        0x4 c:/program files (x86)/cypress/psoc creator/4.2/psoc creator/import/gnu/arm/5.4.1/bin/../lib/gcc/arm-none-eabi/5.4.1/armv7-m/crtend.o
 *(.got.plt)
 *(.got)
 *(.shdata)
 *(.data .data.* .gnu.linkonce.d.*)
 .data          0x1fff80cc       0x10 .\CortexM3\ARM_GCC_541\Debug\semester3_prj_motorstyring.a(CyLib.o)
                0x1fff80cc                cydelay_32k_ms
                0x1fff80d0                cydelay_freq_khz
                0x1fff80d4                cydelay_freq_mhz
                0x1fff80d8                cydelay_freq_hz
 .data.impure_data
                0x1fff80dc       0x60 c:/program files (x86)/cypress/psoc creator/4.2/psoc creator/import/gnu/arm/5.4.1/bin/../lib/gcc/arm-none-eabi/5.4.1/../../../../arm-none-eabi/lib/armv7-m\libg_nano.a(lib_a-impure.o)
 .data._impure_ptr
                0x1fff813c        0x4 c:/program files (x86)/cypress/psoc creator/4.2/psoc creator/import/gnu/arm/5.4.1/bin/../lib/gcc/arm-none-eabi/5.4.1/../../../../arm-none-eabi/lib/armv7-m\libg_nano.a(lib_a-impure.o)
                0x1fff813c                _impure_ptr
                0x1fff8140                . = ALIGN (0x8)
 *(.ram)
                0x1fff8140                _edata = .

.igot.plt       0x1fff8140        0x0 load address 0x00000bd8
 .igot.plt      0x1fff8140        0x0 c:/program files (x86)/cypress/psoc creator/4.2/psoc creator/import/gnu/arm/5.4.1/bin/../lib/gcc/arm-none-eabi/5.4.1/armv7-m/crtbegin.o

.bss            0x1fff8140       0x38 load address 0x00000bd8
                0x1fff8140                PROVIDE (__bss_start__, .)
 *(.shbss)
 *(.bss .bss.* .gnu.linkonce.b.*)
 .bss           0x1fff8140       0x1c c:/program files (x86)/cypress/psoc creator/4.2/psoc creator/import/gnu/arm/5.4.1/bin/../lib/gcc/arm-none-eabi/5.4.1/armv7-m/crtbegin.o
 .bss           0x1fff815c        0x1 .\CortexM3\ARM_GCC_541\Debug\semester3_prj_motorstyring.a(Motorpwm_right.o)
                0x1fff815c                Motorpwm_right_initVar
 .bss           0x1fff815d        0x1 .\CortexM3\ARM_GCC_541\Debug\semester3_prj_motorstyring.a(Motorpwm_Left.o)
                0x1fff815d                Motorpwm_Left_initVar
 .bss           0x1fff815e        0x1 .\CortexM3\ARM_GCC_541\Debug\semester3_prj_motorstyring.a(ADC_calR.o)
                0x1fff815e                ADC_calR_initVar
 .bss           0x1fff815f        0x1 .\CortexM3\ARM_GCC_541\Debug\semester3_prj_motorstyring.a(ADC_calL.o)
                0x1fff815f                ADC_calL_initVar
 *(COMMON)
 COMMON         0x1fff8160        0xc .\CortexM3\ARM_GCC_541\Debug\semester3_prj_motorstyring.a(ADC_calR.o)
                0x1fff8160                ADC_calR_offset
                0x1fff8164                ADC_calR_countsPer10Volt
                0x1fff8168                ADC_calR_countsPerVolt
                0x1fff816a                ADC_calR_shift
 COMMON         0x1fff816c        0xc .\CortexM3\ARM_GCC_541\Debug\semester3_prj_motorstyring.a(ADC_calL.o)
                0x1fff816c                ADC_calL_offset
                0x1fff816e                ADC_calL_shift
                0x1fff8170                ADC_calL_countsPerVolt
                0x1fff8174                ADC_calL_countsPer10Volt
                0x1fff8178                . = ALIGN (0x8)
 *(.ram.b)
                0x1fff8178                _end = .
                0x1fff8178                __end = .
                0x1fff8178                PROVIDE (end, .)
                0x1fff8178                PROVIDE (__bss_end__, .)
                0x00000b60                __cy_region_init_ram = LOADADDR (.data)
                0x00000078                __cy_region_init_size_ram = (_edata - ADDR (.data))
                0x00000038                __cy_region_zero_size_ram = (_end - _edata)

.heap           0x1fff8178       0x80 load address 0x00000bd8
                0x1fff8178                . = _end
                0x1fff81f8                . = (. + 0x80)
 *fill*         0x1fff8178       0x80 
                0x1fff81f8                __cy_heap_limit = .

.stack          0x20007800      0x800
                0x20007800                __cy_stack_limit = .
                0x20008000                . = (. + 0x800)
 *fill*         0x20007800      0x800 
                0x00000001                ASSERT ((__cy_stack_limit >= __cy_heap_limit), region RAM overflowed with stack)
                0x00000000                cy_checksum_exclude_size = (CY_APPL_LOADABLE == 0x1)?SIZEOF (.cy_checksum_exclude):0x0
                0x00000001                ASSERT ((cy_checksum_exclude_size <= CY_CHECKSUM_EXCLUDE_SIZE), CY_BOOT: Section .cy_checksum_exclude size exceedes specified limit.)

.cyloadermeta
 *(.cyloadermeta)

.cyloadablemeta
 *(.cyloadablemeta)

.cyconfigecc    0x80000000      0x234
 *(.cyconfigecc)
 .cyconfigecc   0x80000000      0x234 .\CortexM3\ARM_GCC_541\Debug\cymetadata.o
                0x80000000                cy_meta_configecc

.cycustnvl      0x90000000        0x4
 *(.cycustnvl)
 .cycustnvl     0x90000000        0x4 .\CortexM3\ARM_GCC_541\Debug\cymetadata.o
                0x90000000                cy_meta_custnvl

.cywolatch      0x90100000        0x4
 *(.cywolatch)
 .cywolatch     0x90100000        0x4 .\CortexM3\ARM_GCC_541\Debug\cymetadata.o
                0x90100000                cy_meta_wonvl

.cyeeprom       0x90200000        0x0
 *(.cyeeprom)
                0x00000001                ASSERT ((. <= ((0x90200000 + ee_offset) + ee_size)), .cyeeprom data will not fit in EEPROM)

.cyflashprotect
                0x90400000      0x100
 *(.cyflashprotect)
 .cyflashprotect
                0x90400000      0x100 .\CortexM3\ARM_GCC_541\Debug\cymetadata.o
                0x90400000                cy_meta_flashprotect

.cymeta         0x90500000        0xc
 *(.cymeta)
 .cymeta        0x90500000        0xc .\CortexM3\ARM_GCC_541\Debug\cymetadata.o
                0x90500000                cy_metadata

.rel.dyn        0x00000bd8        0x0 load address 0x9050000c
 .rel.iplt      0x00000bd8        0x0 c:/program files (x86)/cypress/psoc creator/4.2/psoc creator/import/gnu/arm/5.4.1/bin/../lib/gcc/arm-none-eabi/5.4.1/armv7-m/crtbegin.o

.stab
 *(.stab)

.stabstr
 *(.stabstr)

.debug
 *(.debug)

.line
 *(.line)

.debug_srcinfo
 *(.debug_srcinfo)

.debug_sfnames
 *(.debug_sfnames)

.debug_aranges  0x00000000      0x9c0
 *(.debug_aranges)
 .debug_aranges
                0x00000000       0x50 .\CortexM3\ARM_GCC_541\Debug\main.o
 .debug_aranges
                0x00000050       0x58 .\CortexM3\ARM_GCC_541\Debug\cyfitter_cfg.o
 .debug_aranges
                0x000000a8       0x18 .\CortexM3\ARM_GCC_541\Debug\cymetadata.o
 .debug_aranges
                0x000000c0       0x48 .\CortexM3\ARM_GCC_541\Debug\Cm3Start.o
 .debug_aranges
                0x00000108       0x98 .\CortexM3\ARM_GCC_541\Debug\semester3_prj_motorstyring.a(Motorpwm_right.o)
 .debug_aranges
                0x000001a0       0x98 .\CortexM3\ARM_GCC_541\Debug\semester3_prj_motorstyring.a(Motorpwm_Left.o)
 .debug_aranges
                0x00000238      0x2a0 .\CortexM3\ARM_GCC_541\Debug\semester3_prj_motorstyring.a(CyLib.o)
 .debug_aranges
                0x000004d8       0x98 .\CortexM3\ARM_GCC_541\Debug\semester3_prj_motorstyring.a(cyPm.o)
 .debug_aranges
                0x00000570       0x28 .\CortexM3\ARM_GCC_541\Debug\semester3_prj_motorstyring.a(mode.o)
 .debug_aranges
                0x00000598       0x38 .\CortexM3\ARM_GCC_541\Debug\semester3_prj_motorstyring.a(Enable_Left.o)
 .debug_aranges
                0x000005d0       0x38 .\CortexM3\ARM_GCC_541\Debug\semester3_prj_motorstyring.a(Enable_Right.o)
 .debug_aranges
                0x00000608       0xa8 .\CortexM3\ARM_GCC_541\Debug\semester3_prj_motorstyring.a(ADC_calR.o)
 .debug_aranges
                0x000006b0       0x20 .\CortexM3\ARM_GCC_541\Debug\semester3_prj_motorstyring.a(ADC_calR_INT.o)
 .debug_aranges
                0x000006d0       0xa8 .\CortexM3\ARM_GCC_541\Debug\semester3_prj_motorstyring.a(ADC_calL.o)
 .debug_aranges
                0x00000778       0x20 .\CortexM3\ARM_GCC_541\Debug\semester3_prj_motorstyring.a(ADC_calL_INT.o)
 .debug_aranges
                0x00000798       0x80 .\CortexM3\ARM_GCC_541\Debug\semester3_prj_motorstyring.a(ADC_calR_theACLK.o)
 .debug_aranges
                0x00000818       0x80 .\CortexM3\ARM_GCC_541\Debug\semester3_prj_motorstyring.a(ADC_calL_theACLK.o)
 .debug_aranges
                0x00000898       0x20 .\CortexM3\ARM_GCC_541\Debug\semester3_prj_motorstyring.a(CyBootAsmGnu.o)
 .debug_aranges
                0x000008b8       0x88 .\CortexM3\ARM_GCC_541\Debug\semester3_prj_motorstyring.a(CyFlash.o)
 .debug_aranges
                0x00000940       0x80 .\CortexM3\ARM_GCC_541\Debug\semester3_prj_motorstyring.a(CySpc.o)

.debug_pubnames
 *(.debug_pubnames)

.debug_info     0x00000000     0x54c6
 *(.debug_info .gnu.linkonce.wi.*)
 .debug_info    0x00000000      0x542 .\CortexM3\ARM_GCC_541\Debug\main.o
 .debug_info    0x00000542      0x503 .\CortexM3\ARM_GCC_541\Debug\cyfitter_cfg.o
 .debug_info    0x00000a45      0x135 .\CortexM3\ARM_GCC_541\Debug\cymetadata.o
 .debug_info    0x00000b7a      0x3bb .\CortexM3\ARM_GCC_541\Debug\Cm3Start.o
 .debug_info    0x00000f35      0x333 .\CortexM3\ARM_GCC_541\Debug\semester3_prj_motorstyring.a(Motorpwm_right.o)
 .debug_info    0x00001268      0x333 .\CortexM3\ARM_GCC_541\Debug\semester3_prj_motorstyring.a(Motorpwm_Left.o)
 .debug_info    0x0000159b     0x1374 .\CortexM3\ARM_GCC_541\Debug\semester3_prj_motorstyring.a(CyLib.o)
 .debug_info    0x0000290f      0xa2a .\CortexM3\ARM_GCC_541\Debug\semester3_prj_motorstyring.a(cyPm.o)
 .debug_info    0x00003339       0xd6 .\CortexM3\ARM_GCC_541\Debug\semester3_prj_motorstyring.a(mode.o)
 .debug_info    0x0000340f      0x11f .\CortexM3\ARM_GCC_541\Debug\semester3_prj_motorstyring.a(Enable_Left.o)
 .debug_info    0x0000352e      0x11f .\CortexM3\ARM_GCC_541\Debug\semester3_prj_motorstyring.a(Enable_Right.o)
 .debug_info    0x0000364d      0x5c0 .\CortexM3\ARM_GCC_541\Debug\semester3_prj_motorstyring.a(ADC_calR.o)
 .debug_info    0x00003c0d       0x92 .\CortexM3\ARM_GCC_541\Debug\semester3_prj_motorstyring.a(ADC_calR_INT.o)
 .debug_info    0x00003c9f      0x5c0 .\CortexM3\ARM_GCC_541\Debug\semester3_prj_motorstyring.a(ADC_calL.o)
 .debug_info    0x0000425f       0x92 .\CortexM3\ARM_GCC_541\Debug\semester3_prj_motorstyring.a(ADC_calL_INT.o)
 .debug_info    0x000042f1      0x2c4 .\CortexM3\ARM_GCC_541\Debug\semester3_prj_motorstyring.a(ADC_calR_theACLK.o)
 .debug_info    0x000045b5      0x2c4 .\CortexM3\ARM_GCC_541\Debug\semester3_prj_motorstyring.a(ADC_calL_theACLK.o)
 .debug_info    0x00004879       0xb0 .\CortexM3\ARM_GCC_541\Debug\semester3_prj_motorstyring.a(CyBootAsmGnu.o)
 .debug_info    0x00004929      0x64d .\CortexM3\ARM_GCC_541\Debug\semester3_prj_motorstyring.a(CyFlash.o)
 .debug_info    0x00004f76      0x550 .\CortexM3\ARM_GCC_541\Debug\semester3_prj_motorstyring.a(CySpc.o)

.debug_abbrev   0x00000000     0x16ae
 *(.debug_abbrev)
 .debug_abbrev  0x00000000       0xef .\CortexM3\ARM_GCC_541\Debug\main.o
 .debug_abbrev  0x000000ef      0x1fe .\CortexM3\ARM_GCC_541\Debug\cyfitter_cfg.o
 .debug_abbrev  0x000002ed       0x66 .\CortexM3\ARM_GCC_541\Debug\cymetadata.o
 .debug_abbrev  0x00000353      0x1e8 .\CortexM3\ARM_GCC_541\Debug\Cm3Start.o
 .debug_abbrev  0x0000053b      0x133 .\CortexM3\ARM_GCC_541\Debug\semester3_prj_motorstyring.a(Motorpwm_right.o)
 .debug_abbrev  0x0000066e      0x133 .\CortexM3\ARM_GCC_541\Debug\semester3_prj_motorstyring.a(Motorpwm_Left.o)
 .debug_abbrev  0x000007a1      0x254 .\CortexM3\ARM_GCC_541\Debug\semester3_prj_motorstyring.a(CyLib.o)
 .debug_abbrev  0x000009f5      0x1ab .\CortexM3\ARM_GCC_541\Debug\semester3_prj_motorstyring.a(cyPm.o)
 .debug_abbrev  0x00000ba0       0x81 .\CortexM3\ARM_GCC_541\Debug\semester3_prj_motorstyring.a(mode.o)
 .debug_abbrev  0x00000c21       0x90 .\CortexM3\ARM_GCC_541\Debug\semester3_prj_motorstyring.a(Enable_Left.o)
 .debug_abbrev  0x00000cb1       0x90 .\CortexM3\ARM_GCC_541\Debug\semester3_prj_motorstyring.a(Enable_Right.o)
 .debug_abbrev  0x00000d41      0x1ac .\CortexM3\ARM_GCC_541\Debug\semester3_prj_motorstyring.a(ADC_calR.o)
 .debug_abbrev  0x00000eed       0x42 .\CortexM3\ARM_GCC_541\Debug\semester3_prj_motorstyring.a(ADC_calR_INT.o)
 .debug_abbrev  0x00000f2f      0x1ac .\CortexM3\ARM_GCC_541\Debug\semester3_prj_motorstyring.a(ADC_calL.o)
 .debug_abbrev  0x000010db       0x42 .\CortexM3\ARM_GCC_541\Debug\semester3_prj_motorstyring.a(ADC_calL_INT.o)
 .debug_abbrev  0x0000111d      0x121 .\CortexM3\ARM_GCC_541\Debug\semester3_prj_motorstyring.a(ADC_calR_theACLK.o)
 .debug_abbrev  0x0000123e      0x121 .\CortexM3\ARM_GCC_541\Debug\semester3_prj_motorstyring.a(ADC_calL_theACLK.o)
 .debug_abbrev  0x0000135f       0x14 .\CortexM3\ARM_GCC_541\Debug\semester3_prj_motorstyring.a(CyBootAsmGnu.o)
 .debug_abbrev  0x00001373      0x1a7 .\CortexM3\ARM_GCC_541\Debug\semester3_prj_motorstyring.a(CyFlash.o)
 .debug_abbrev  0x0000151a      0x194 .\CortexM3\ARM_GCC_541\Debug\semester3_prj_motorstyring.a(CySpc.o)

.debug_line     0x00000000     0x24ec
 *(.debug_line)
 .debug_line    0x00000000      0x24c .\CortexM3\ARM_GCC_541\Debug\main.o
 .debug_line    0x0000024c      0x1ec .\CortexM3\ARM_GCC_541\Debug\cyfitter_cfg.o
 .debug_line    0x00000438      0x141 .\CortexM3\ARM_GCC_541\Debug\cymetadata.o
 .debug_line    0x00000579      0x234 .\CortexM3\ARM_GCC_541\Debug\Cm3Start.o
 .debug_line    0x000007ad      0x18e .\CortexM3\ARM_GCC_541\Debug\semester3_prj_motorstyring.a(Motorpwm_right.o)
 .debug_line    0x0000093b      0x18d .\CortexM3\ARM_GCC_541\Debug\semester3_prj_motorstyring.a(Motorpwm_Left.o)
 .debug_line    0x00000ac8      0x816 .\CortexM3\ARM_GCC_541\Debug\semester3_prj_motorstyring.a(CyLib.o)
 .debug_line    0x000012de      0x367 .\CortexM3\ARM_GCC_541\Debug\semester3_prj_motorstyring.a(cyPm.o)
 .debug_line    0x00001645       0x6c .\CortexM3\ARM_GCC_541\Debug\semester3_prj_motorstyring.a(mode.o)
 .debug_line    0x000016b1       0x98 .\CortexM3\ARM_GCC_541\Debug\semester3_prj_motorstyring.a(Enable_Left.o)
 .debug_line    0x00001749       0x99 .\CortexM3\ARM_GCC_541\Debug\semester3_prj_motorstyring.a(Enable_Right.o)
 .debug_line    0x000017e2      0x21e .\CortexM3\ARM_GCC_541\Debug\semester3_prj_motorstyring.a(ADC_calR.o)
 .debug_line    0x00001a00       0x55 .\CortexM3\ARM_GCC_541\Debug\semester3_prj_motorstyring.a(ADC_calR_INT.o)
 .debug_line    0x00001a55      0x21e .\CortexM3\ARM_GCC_541\Debug\semester3_prj_motorstyring.a(ADC_calL.o)
 .debug_line    0x00001c73       0x55 .\CortexM3\ARM_GCC_541\Debug\semester3_prj_motorstyring.a(ADC_calL_INT.o)
 .debug_line    0x00001cc8      0x1a2 .\CortexM3\ARM_GCC_541\Debug\semester3_prj_motorstyring.a(ADC_calR_theACLK.o)
 .debug_line    0x00001e6a      0x1a2 .\CortexM3\ARM_GCC_541\Debug\semester3_prj_motorstyring.a(ADC_calL_theACLK.o)
 .debug_line    0x0000200c       0x66 .\CortexM3\ARM_GCC_541\Debug\semester3_prj_motorstyring.a(CyBootAsmGnu.o)
 .debug_line    0x00002072      0x21a .\CortexM3\ARM_GCC_541\Debug\semester3_prj_motorstyring.a(CyFlash.o)
 .debug_line    0x0000228c      0x260 .\CortexM3\ARM_GCC_541\Debug\semester3_prj_motorstyring.a(CySpc.o)

.debug_frame    0x00000000     0x1910
 *(.debug_frame)
 .debug_frame   0x00000000      0x104 .\CortexM3\ARM_GCC_541\Debug\main.o
 .debug_frame   0x00000104       0xfc .\CortexM3\ARM_GCC_541\Debug\cyfitter_cfg.o
 .debug_frame   0x00000200       0xb8 .\CortexM3\ARM_GCC_541\Debug\Cm3Start.o
 .debug_frame   0x000002b8      0x134 .\CortexM3\ARM_GCC_541\Debug\semester3_prj_motorstyring.a(Motorpwm_right.o)
 .debug_frame   0x000003ec      0x134 .\CortexM3\ARM_GCC_541\Debug\semester3_prj_motorstyring.a(Motorpwm_Left.o)
 .debug_frame   0x00000520      0x738 .\CortexM3\ARM_GCC_541\Debug\semester3_prj_motorstyring.a(CyLib.o)
 .debug_frame   0x00000c58      0x1f8 .\CortexM3\ARM_GCC_541\Debug\semester3_prj_motorstyring.a(cyPm.o)
 .debug_frame   0x00000e50       0x30 .\CortexM3\ARM_GCC_541\Debug\semester3_prj_motorstyring.a(mode.o)
 .debug_frame   0x00000e80       0x50 .\CortexM3\ARM_GCC_541\Debug\semester3_prj_motorstyring.a(Enable_Left.o)
 .debug_frame   0x00000ed0       0x50 .\CortexM3\ARM_GCC_541\Debug\semester3_prj_motorstyring.a(Enable_Right.o)
 .debug_frame   0x00000f20      0x1b4 .\CortexM3\ARM_GCC_541\Debug\semester3_prj_motorstyring.a(ADC_calR.o)
 .debug_frame   0x000010d4       0x20 .\CortexM3\ARM_GCC_541\Debug\semester3_prj_motorstyring.a(ADC_calR_INT.o)
 .debug_frame   0x000010f4      0x1b0 .\CortexM3\ARM_GCC_541\Debug\semester3_prj_motorstyring.a(ADC_calL.o)
 .debug_frame   0x000012a4       0x20 .\CortexM3\ARM_GCC_541\Debug\semester3_prj_motorstyring.a(ADC_calL_INT.o)
 .debug_frame   0x000012c4      0x100 .\CortexM3\ARM_GCC_541\Debug\semester3_prj_motorstyring.a(ADC_calR_theACLK.o)
 .debug_frame   0x000013c4      0x100 .\CortexM3\ARM_GCC_541\Debug\semester3_prj_motorstyring.a(ADC_calL_theACLK.o)
 .debug_frame   0x000014c4      0x194 .\CortexM3\ARM_GCC_541\Debug\semester3_prj_motorstyring.a(CyFlash.o)
 .debug_frame   0x00001658      0x180 .\CortexM3\ARM_GCC_541\Debug\semester3_prj_motorstyring.a(CySpc.o)
 .debug_frame   0x000017d8       0x44 c:/program files (x86)/cypress/psoc creator/4.2/psoc creator/import/gnu/arm/5.4.1/bin/../lib/gcc/arm-none-eabi/5.4.1/armv7-m\libgcc.a(_aeabi_ldivmod.o)
 .debug_frame   0x0000181c       0x38 c:/program files (x86)/cypress/psoc creator/4.2/psoc creator/import/gnu/arm/5.4.1/bin/../lib/gcc/arm-none-eabi/5.4.1/armv7-m\libgcc.a(_udivmoddi4.o)
 .debug_frame   0x00001854       0x20 c:/program files (x86)/cypress/psoc creator/4.2/psoc creator/import/gnu/arm/5.4.1/bin/../lib/gcc/arm-none-eabi/5.4.1/../../../../arm-none-eabi/lib/armv7-m\libg_nano.a(lib_a-errno.o)
 .debug_frame   0x00001874       0x28 c:/program files (x86)/cypress/psoc creator/4.2/psoc creator/import/gnu/arm/5.4.1/bin/../lib/gcc/arm-none-eabi/5.4.1/../../../../arm-none-eabi/lib/armv7-m\libg_nano.a(lib_a-exit.o)
 .debug_frame   0x0000189c       0x2c c:/program files (x86)/cypress/psoc creator/4.2/psoc creator/import/gnu/arm/5.4.1/bin/../lib/gcc/arm-none-eabi/5.4.1/../../../../arm-none-eabi/lib/armv7-m\libg_nano.a(lib_a-init.o)
 .debug_frame   0x000018c8       0x28 c:/program files (x86)/cypress/psoc creator/4.2/psoc creator/import/gnu/arm/5.4.1/bin/../lib/gcc/arm-none-eabi/5.4.1/../../../../arm-none-eabi/lib/armv7-m\libg_nano.a(lib_a-memcpy-stub.o)
 .debug_frame   0x000018f0       0x20 c:/program files (x86)/cypress/psoc creator/4.2/psoc creator/import/gnu/arm/5.4.1/bin/../lib/gcc/arm-none-eabi/5.4.1/../../../../arm-none-eabi/lib/armv7-m\libg_nano.a(lib_a-memset.o)

.debug_str      0x00000000     0x2112
 *(.debug_str)
 .debug_str     0x00000000      0x30e .\CortexM3\ARM_GCC_541\Debug\main.o
                                0x356 (size before relaxing)
 .debug_str     0x0000030e      0x18a .\CortexM3\ARM_GCC_541\Debug\cyfitter_cfg.o
                                0x339 (size before relaxing)
 .debug_str     0x00000498       0x7f .\CortexM3\ARM_GCC_541\Debug\cymetadata.o
                                0x204 (size before relaxing)
 .debug_str     0x00000517      0x144 .\CortexM3\ARM_GCC_541\Debug\Cm3Start.o
                                0x32a (size before relaxing)
 .debug_str     0x0000065b      0x231 .\CortexM3\ARM_GCC_541\Debug\semester3_prj_motorstyring.a(Motorpwm_right.o)
                                0x41c (size before relaxing)
 .debug_str     0x0000088c      0x1bb .\CortexM3\ARM_GCC_541\Debug\semester3_prj_motorstyring.a(Motorpwm_Left.o)
                                0x409 (size before relaxing)
 .debug_str     0x00000a47      0x80e .\CortexM3\ARM_GCC_541\Debug\semester3_prj_motorstyring.a(CyLib.o)
                                0xa67 (size before relaxing)
 .debug_str     0x00001255      0x365 .\CortexM3\ARM_GCC_541\Debug\semester3_prj_motorstyring.a(cyPm.o)
                                0x753 (size before relaxing)
 .debug_str     0x000015ba       0x28 .\CortexM3\ARM_GCC_541\Debug\semester3_prj_motorstyring.a(mode.o)
                                0x1cc (size before relaxing)
 .debug_str     0x000015e2       0x72 .\CortexM3\ARM_GCC_541\Debug\semester3_prj_motorstyring.a(Enable_Left.o)
                                0x220 (size before relaxing)
 .debug_str     0x00001654       0x6b .\CortexM3\ARM_GCC_541\Debug\semester3_prj_motorstyring.a(Enable_Right.o)
                                0x225 (size before relaxing)
 .debug_str     0x000016bf      0x222 .\CortexM3\ARM_GCC_541\Debug\semester3_prj_motorstyring.a(ADC_calR.o)
                                0x4c4 (size before relaxing)
 .debug_str     0x000018e1       0x33 .\CortexM3\ARM_GCC_541\Debug\semester3_prj_motorstyring.a(ADC_calR_INT.o)
                                0x1b9 (size before relaxing)
 .debug_str     0x00001914      0x1c4 .\CortexM3\ARM_GCC_541\Debug\semester3_prj_motorstyring.a(ADC_calL.o)
                                0x4c4 (size before relaxing)
 .debug_str     0x00001ad8       0x33 .\CortexM3\ARM_GCC_541\Debug\semester3_prj_motorstyring.a(ADC_calL_INT.o)
                                0x1b9 (size before relaxing)
 .debug_str     0x00001b0b      0x1fa .\CortexM3\ARM_GCC_541\Debug\semester3_prj_motorstyring.a(ADC_calR_theACLK.o)
                                0x3c7 (size before relaxing)
 .debug_str     0x00001d05      0x1a6 .\CortexM3\ARM_GCC_541\Debug\semester3_prj_motorstyring.a(ADC_calL_theACLK.o)
                                0x3c7 (size before relaxing)
 .debug_str     0x00001eab      0x1bb .\CortexM3\ARM_GCC_541\Debug\semester3_prj_motorstyring.a(CyFlash.o)
                                0x3e0 (size before relaxing)
 .debug_str     0x00002066       0xac .\CortexM3\ARM_GCC_541\Debug\semester3_prj_motorstyring.a(CySpc.o)
                                0x358 (size before relaxing)

.debug_loc      0x00000000     0x245d
 *(.debug_loc)
 .debug_loc     0x00000000      0x1e0 .\CortexM3\ARM_GCC_541\Debug\main.o
 .debug_loc     0x000001e0      0x1fd .\CortexM3\ARM_GCC_541\Debug\cyfitter_cfg.o
 .debug_loc     0x000003dd      0x144 .\CortexM3\ARM_GCC_541\Debug\Cm3Start.o
 .debug_loc     0x00000521       0x26 .\CortexM3\ARM_GCC_541\Debug\semester3_prj_motorstyring.a(Motorpwm_right.o)
 .debug_loc     0x00000547       0x26 .\CortexM3\ARM_GCC_541\Debug\semester3_prj_motorstyring.a(Motorpwm_Left.o)
 .debug_loc     0x0000056d      0xa11 .\CortexM3\ARM_GCC_541\Debug\semester3_prj_motorstyring.a(CyLib.o)
 .debug_loc     0x00000f7e      0x1e4 .\CortexM3\ARM_GCC_541\Debug\semester3_prj_motorstyring.a(cyPm.o)
 .debug_loc     0x00001162       0x42 .\CortexM3\ARM_GCC_541\Debug\semester3_prj_motorstyring.a(Enable_Left.o)
 .debug_loc     0x000011a4       0x42 .\CortexM3\ARM_GCC_541\Debug\semester3_prj_motorstyring.a(Enable_Right.o)
 .debug_loc     0x000011e6      0x295 .\CortexM3\ARM_GCC_541\Debug\semester3_prj_motorstyring.a(ADC_calR.o)
 .debug_loc     0x0000147b      0x295 .\CortexM3\ARM_GCC_541\Debug\semester3_prj_motorstyring.a(ADC_calL.o)
 .debug_loc     0x00001710      0x14d .\CortexM3\ARM_GCC_541\Debug\semester3_prj_motorstyring.a(ADC_calR_theACLK.o)
 .debug_loc     0x0000185d      0x149 .\CortexM3\ARM_GCC_541\Debug\semester3_prj_motorstyring.a(ADC_calL_theACLK.o)
 .debug_loc     0x000019a6      0x3b2 .\CortexM3\ARM_GCC_541\Debug\semester3_prj_motorstyring.a(CyFlash.o)
 .debug_loc     0x00001d58      0x705 .\CortexM3\ARM_GCC_541\Debug\semester3_prj_motorstyring.a(CySpc.o)

.debug_macinfo
 *(.debug_macinfo)

.debug_ranges   0x00000000      0x868
 *(.debug_ranges)
 .debug_ranges  0x00000000       0x40 .\CortexM3\ARM_GCC_541\Debug\main.o
 .debug_ranges  0x00000040       0x48 .\CortexM3\ARM_GCC_541\Debug\cyfitter_cfg.o
 .debug_ranges  0x00000088       0x38 .\CortexM3\ARM_GCC_541\Debug\Cm3Start.o
 .debug_ranges  0x000000c0       0x88 .\CortexM3\ARM_GCC_541\Debug\semester3_prj_motorstyring.a(Motorpwm_right.o)
 .debug_ranges  0x00000148       0x88 .\CortexM3\ARM_GCC_541\Debug\semester3_prj_motorstyring.a(Motorpwm_Left.o)
 .debug_ranges  0x000001d0      0x290 .\CortexM3\ARM_GCC_541\Debug\semester3_prj_motorstyring.a(CyLib.o)
 .debug_ranges  0x00000460       0x88 .\CortexM3\ARM_GCC_541\Debug\semester3_prj_motorstyring.a(cyPm.o)
 .debug_ranges  0x000004e8       0x18 .\CortexM3\ARM_GCC_541\Debug\semester3_prj_motorstyring.a(mode.o)
 .debug_ranges  0x00000500       0x28 .\CortexM3\ARM_GCC_541\Debug\semester3_prj_motorstyring.a(Enable_Left.o)
 .debug_ranges  0x00000528       0x28 .\CortexM3\ARM_GCC_541\Debug\semester3_prj_motorstyring.a(Enable_Right.o)
 .debug_ranges  0x00000550       0x98 .\CortexM3\ARM_GCC_541\Debug\semester3_prj_motorstyring.a(ADC_calR.o)
 .debug_ranges  0x000005e8       0x10 .\CortexM3\ARM_GCC_541\Debug\semester3_prj_motorstyring.a(ADC_calR_INT.o)
 .debug_ranges  0x000005f8       0x98 .\CortexM3\ARM_GCC_541\Debug\semester3_prj_motorstyring.a(ADC_calL.o)
 .debug_ranges  0x00000690       0x10 .\CortexM3\ARM_GCC_541\Debug\semester3_prj_motorstyring.a(ADC_calL_INT.o)
 .debug_ranges  0x000006a0       0x70 .\CortexM3\ARM_GCC_541\Debug\semester3_prj_motorstyring.a(ADC_calR_theACLK.o)
 .debug_ranges  0x00000710       0x70 .\CortexM3\ARM_GCC_541\Debug\semester3_prj_motorstyring.a(ADC_calL_theACLK.o)
 .debug_ranges  0x00000780       0x78 .\CortexM3\ARM_GCC_541\Debug\semester3_prj_motorstyring.a(CyFlash.o)
 .debug_ranges  0x000007f8       0x70 .\CortexM3\ARM_GCC_541\Debug\semester3_prj_motorstyring.a(CySpc.o)

.comment        0x00000000       0x6e
 .comment       0x00000000       0x6e .\CortexM3\ARM_GCC_541\Debug\main.o
                                 0x6f (size before relaxing)
 .comment       0x0000006e       0x6f .\CortexM3\ARM_GCC_541\Debug\cyfitter_cfg.o
 .comment       0x0000006e       0x6f .\CortexM3\ARM_GCC_541\Debug\cymetadata.o
 .comment       0x0000006e       0x6f .\CortexM3\ARM_GCC_541\Debug\Cm3Start.o
 .comment       0x0000006e       0x6f .\CortexM3\ARM_GCC_541\Debug\semester3_prj_motorstyring.a(Motorpwm_right.o)
 .comment       0x0000006e       0x6f .\CortexM3\ARM_GCC_541\Debug\semester3_prj_motorstyring.a(Motorpwm_Left.o)
 .comment       0x0000006e       0x6f .\CortexM3\ARM_GCC_541\Debug\semester3_prj_motorstyring.a(CyLib.o)
 .comment       0x0000006e       0x6f .\CortexM3\ARM_GCC_541\Debug\semester3_prj_motorstyring.a(cyPm.o)
 .comment       0x0000006e       0x6f .\CortexM3\ARM_GCC_541\Debug\semester3_prj_motorstyring.a(mode.o)
 .comment       0x0000006e       0x6f .\CortexM3\ARM_GCC_541\Debug\semester3_prj_motorstyring.a(Enable_Left.o)
 .comment       0x0000006e       0x6f .\CortexM3\ARM_GCC_541\Debug\semester3_prj_motorstyring.a(Enable_Right.o)
 .comment       0x0000006e       0x6f .\CortexM3\ARM_GCC_541\Debug\semester3_prj_motorstyring.a(ADC_calR.o)
 .comment       0x0000006e       0x6f .\CortexM3\ARM_GCC_541\Debug\semester3_prj_motorstyring.a(ADC_calR_INT.o)
 .comment       0x0000006e       0x6f .\CortexM3\ARM_GCC_541\Debug\semester3_prj_motorstyring.a(ADC_calL.o)
 .comment       0x0000006e       0x6f .\CortexM3\ARM_GCC_541\Debug\semester3_prj_motorstyring.a(ADC_calL_INT.o)
 .comment       0x0000006e       0x6f .\CortexM3\ARM_GCC_541\Debug\semester3_prj_motorstyring.a(ADC_calR_theACLK.o)
 .comment       0x0000006e       0x6f .\CortexM3\ARM_GCC_541\Debug\semester3_prj_motorstyring.a(ADC_calL_theACLK.o)
 .comment       0x0000006e       0x6f .\CortexM3\ARM_GCC_541\Debug\semester3_prj_motorstyring.a(CyFlash.o)
 .comment       0x0000006e       0x6f .\CortexM3\ARM_GCC_541\Debug\semester3_prj_motorstyring.a(CySpc.o)

.debug_weaknames
 *(.debug_weaknames)

.debug_funcnames
 *(.debug_funcnames)

.debug_typenames
 *(.debug_typenames)

.debug_varnames
 *(.debug_varnames)

.note.gnu.arm.ident
 *(.note.gnu.arm.ident)

.ARM.attributes
                0x00000000       0x29
 *(.ARM.attributes)
 .ARM.attributes
                0x00000000       0x1d c:/program files (x86)/cypress/psoc creator/4.2/psoc creator/import/gnu/arm/5.4.1/bin/../lib/gcc/arm-none-eabi/5.4.1/armv7-m/crti.o
 .ARM.attributes
                0x0000001d       0x2d c:/program files (x86)/cypress/psoc creator/4.2/psoc creator/import/gnu/arm/5.4.1/bin/../lib/gcc/arm-none-eabi/5.4.1/armv7-m/crtbegin.o
 .ARM.attributes
                0x0000004a       0x1b c:/program files (x86)/cypress/psoc creator/4.2/psoc creator/import/gnu/arm/5.4.1/bin/../lib/gcc/arm-none-eabi/5.4.1/../../../../arm-none-eabi/lib/armv7-m/crt0.o
 .ARM.attributes
                0x00000065       0x33 .\CortexM3\ARM_GCC_541\Debug\main.o
 .ARM.attributes
                0x00000098       0x33 .\CortexM3\ARM_GCC_541\Debug\cyfitter_cfg.o
 .ARM.attributes
                0x000000cb       0x33 .\CortexM3\ARM_GCC_541\Debug\cymetadata.o
 .ARM.attributes
                0x000000fe       0x33 .\CortexM3\ARM_GCC_541\Debug\Cm3Start.o
 .ARM.attributes
                0x00000131       0x33 .\CortexM3\ARM_GCC_541\Debug\semester3_prj_motorstyring.a(Motorpwm_right.o)
 .ARM.attributes
                0x00000164       0x33 .\CortexM3\ARM_GCC_541\Debug\semester3_prj_motorstyring.a(Motorpwm_Left.o)
 .ARM.attributes
                0x00000197       0x33 .\CortexM3\ARM_GCC_541\Debug\semester3_prj_motorstyring.a(CyLib.o)
 .ARM.attributes
                0x000001ca       0x33 .\CortexM3\ARM_GCC_541\Debug\semester3_prj_motorstyring.a(cyPm.o)
 .ARM.attributes
                0x000001fd       0x33 .\CortexM3\ARM_GCC_541\Debug\semester3_prj_motorstyring.a(mode.o)
 .ARM.attributes
                0x00000230       0x33 .\CortexM3\ARM_GCC_541\Debug\semester3_prj_motorstyring.a(Enable_Left.o)
 .ARM.attributes
                0x00000263       0x33 .\CortexM3\ARM_GCC_541\Debug\semester3_prj_motorstyring.a(Enable_Right.o)
 .ARM.attributes
                0x00000296       0x33 .\CortexM3\ARM_GCC_541\Debug\semester3_prj_motorstyring.a(ADC_calR.o)
 .ARM.attributes
                0x000002c9       0x33 .\CortexM3\ARM_GCC_541\Debug\semester3_prj_motorstyring.a(ADC_calR_INT.o)
 .ARM.attributes
                0x000002fc       0x33 .\CortexM3\ARM_GCC_541\Debug\semester3_prj_motorstyring.a(ADC_calL.o)
 .ARM.attributes
                0x0000032f       0x33 .\CortexM3\ARM_GCC_541\Debug\semester3_prj_motorstyring.a(ADC_calL_INT.o)
 .ARM.attributes
                0x00000362       0x33 .\CortexM3\ARM_GCC_541\Debug\semester3_prj_motorstyring.a(ADC_calR_theACLK.o)
 .ARM.attributes
                0x00000395       0x33 .\CortexM3\ARM_GCC_541\Debug\semester3_prj_motorstyring.a(ADC_calL_theACLK.o)
 .ARM.attributes
                0x000003c8       0x21 .\CortexM3\ARM_GCC_541\Debug\semester3_prj_motorstyring.a(CyBootAsmGnu.o)
 .ARM.attributes
                0x000003e9       0x33 .\CortexM3\ARM_GCC_541\Debug\semester3_prj_motorstyring.a(CyFlash.o)
 .ARM.attributes
                0x0000041c       0x33 .\CortexM3\ARM_GCC_541\Debug\semester3_prj_motorstyring.a(CySpc.o)
 .ARM.attributes
                0x0000044f       0x1d c:/program files (x86)/cypress/psoc creator/4.2/psoc creator/import/gnu/arm/5.4.1/bin/../lib/gcc/arm-none-eabi/5.4.1/armv7-m\libgcc.a(_arm_addsubsf3.o)
 .ARM.attributes
                0x0000046c       0x1d c:/program files (x86)/cypress/psoc creator/4.2/psoc creator/import/gnu/arm/5.4.1/bin/../lib/gcc/arm-none-eabi/5.4.1/armv7-m\libgcc.a(_arm_muldivsf3.o)
 .ARM.attributes
                0x00000489       0x1d c:/program files (x86)/cypress/psoc creator/4.2/psoc creator/import/gnu/arm/5.4.1/bin/../lib/gcc/arm-none-eabi/5.4.1/armv7-m\libgcc.a(_aeabi_ldivmod.o)
 .ARM.attributes
                0x000004a6       0x2d c:/program files (x86)/cypress/psoc creator/4.2/psoc creator/import/gnu/arm/5.4.1/bin/../lib/gcc/arm-none-eabi/5.4.1/armv7-m\libgcc.a(_udivmoddi4.o)
 .ARM.attributes
                0x000004d3       0x1d c:/program files (x86)/cypress/psoc creator/4.2/psoc creator/import/gnu/arm/5.4.1/bin/../lib/gcc/arm-none-eabi/5.4.1/armv7-m\libgcc.a(_dvmd_tls.o)
 .ARM.attributes
                0x000004f0       0x2d c:/program files (x86)/cypress/psoc creator/4.2/psoc creator/import/gnu/arm/5.4.1/bin/../lib/gcc/arm-none-eabi/5.4.1/../../../../arm-none-eabi/lib/armv7-m\libg_nano.a(lib_a-errno.o)
 .ARM.attributes
                0x0000051d       0x2d c:/program files (x86)/cypress/psoc creator/4.2/psoc creator/import/gnu/arm/5.4.1/bin/../lib/gcc/arm-none-eabi/5.4.1/../../../../arm-none-eabi/lib/armv7-m\libg_nano.a(lib_a-exit.o)
 .ARM.attributes
                0x0000054a       0x2d c:/program files (x86)/cypress/psoc creator/4.2/psoc creator/import/gnu/arm/5.4.1/bin/../lib/gcc/arm-none-eabi/5.4.1/../../../../arm-none-eabi/lib/armv7-m\libg_nano.a(lib_a-impure.o)
 .ARM.attributes
                0x00000577       0x2d c:/program files (x86)/cypress/psoc creator/4.2/psoc creator/import/gnu/arm/5.4.1/bin/../lib/gcc/arm-none-eabi/5.4.1/../../../../arm-none-eabi/lib/armv7-m\libg_nano.a(lib_a-init.o)
 .ARM.attributes
                0x000005a4       0x2d c:/program files (x86)/cypress/psoc creator/4.2/psoc creator/import/gnu/arm/5.4.1/bin/../lib/gcc/arm-none-eabi/5.4.1/../../../../arm-none-eabi/lib/armv7-m\libg_nano.a(lib_a-memcpy-stub.o)
 .ARM.attributes
                0x000005d1       0x2d c:/program files (x86)/cypress/psoc creator/4.2/psoc creator/import/gnu/arm/5.4.1/bin/../lib/gcc/arm-none-eabi/5.4.1/../../../../arm-none-eabi/lib/armv7-m\libg_nano.a(lib_a-memset.o)
 .ARM.attributes
                0x000005fe       0x2d c:/program files (x86)/cypress/psoc creator/4.2/psoc creator/import/gnu/arm/5.4.1/bin/../lib/gcc/arm-none-eabi/5.4.1/armv7-m/crtend.o
 .ARM.attributes
                0x0000062b       0x1d c:/program files (x86)/cypress/psoc creator/4.2/psoc creator/import/gnu/arm/5.4.1/bin/../lib/gcc/arm-none-eabi/5.4.1/armv7-m/crtn.o

/DISCARD/
 *(.note.GNU-stack)
OUTPUT(C:\Users\Chris\Documents\PSoC Creator\semester3_prj_motorstyring\semester3_prj_motorstyring.cydsn\CortexM3\ARM_GCC_541\Debug\semester3_prj_motorstyring.elf elf32-littlearm)
