Archive member included to satisfy reference by file (symbol)

.\CortexM3\ARM_GCC_541\Debug\Motorstyring.a(Motorpwm_right.o)
                              .\CortexM3\ARM_GCC_541\Debug\motorStyring.o (Motorpwm_right_WriteCompare)
.\CortexM3\ARM_GCC_541\Debug\Motorstyring.a(Motorpwm_Left.o)
                              .\CortexM3\ARM_GCC_541\Debug\motorStyring.o (Motorpwm_Left_WriteCompare)
.\CortexM3\ARM_GCC_541\Debug\Motorstyring.a(mode.o)
                              .\CortexM3\ARM_GCC_541\Debug\motorStyring.o (mode_Write)
.\CortexM3\ARM_GCC_541\Debug\Motorstyring.a(ADC_calR.o)
                              .\CortexM3\ARM_GCC_541\Debug\motorStyring.o (ADC_calR_Init)
.\CortexM3\ARM_GCC_541\Debug\Motorstyring.a(ADC_calR_INT.o)
                              .\CortexM3\ARM_GCC_541\Debug\Motorstyring.a(ADC_calR.o) (ADC_calR_ISR)
.\CortexM3\ARM_GCC_541\Debug\Motorstyring.a(ADC_calL.o)
                              .\CortexM3\ARM_GCC_541\Debug\motorStyring.o (ADC_calL_Init)
.\CortexM3\ARM_GCC_541\Debug\Motorstyring.a(ADC_calL_INT.o)
                              .\CortexM3\ARM_GCC_541\Debug\Motorstyring.a(ADC_calL.o) (ADC_calL_ISR)
.\CortexM3\ARM_GCC_541\Debug\Motorstyring.a(SPIS_1.o)
                              .\CortexM3\ARM_GCC_541\Debug\main.o (SPIS_1_WriteTxData)
.\CortexM3\ARM_GCC_541\Debug\Motorstyring.a(SPIS_1_INT.o)
                              .\CortexM3\ARM_GCC_541\Debug\Motorstyring.a(SPIS_1.o) (SPIS_1_RX_ISR)
.\CortexM3\ARM_GCC_541\Debug\Motorstyring.a(UART_1.o)
                              .\CortexM3\ARM_GCC_541\Debug\main.o (UART_1_Start)
.\CortexM3\ARM_GCC_541\Debug\Motorstyring.a(ISR_SLAVE_RX.o)
                              .\CortexM3\ARM_GCC_541\Debug\main.o (ISR_SLAVE_RX_StartEx)
.\CortexM3\ARM_GCC_541\Debug\Motorstyring.a(UART_rx.o)
                              .\CortexM3\ARM_GCC_541\Debug\main.o (UART_rx_StartEx)
.\CortexM3\ARM_GCC_541\Debug\Motorstyring.a(I2C_Master.o)
                              .\CortexM3\ARM_GCC_541\Debug\main.o (I2C_Master_Start)
.\CortexM3\ARM_GCC_541\Debug\Motorstyring.a(I2C_Master_INT.o)
                              .\CortexM3\ARM_GCC_541\Debug\Motorstyring.a(I2C_Master.o) (I2C_Master_ISR)
.\CortexM3\ARM_GCC_541\Debug\Motorstyring.a(I2C_Master_PM.o)
                              .\CortexM3\ARM_GCC_541\Debug\Motorstyring.a(I2C_Master.o) (I2C_Master_backup)
.\CortexM3\ARM_GCC_541\Debug\Motorstyring.a(I2C_Master_MASTER.o)
                              .\CortexM3\ARM_GCC_541\Debug\Motorstyring.a(I2C_Master.o) (I2C_Master_mstrStatus)
.\CortexM3\ARM_GCC_541\Debug\Motorstyring.a(ADC_calR_theACLK.o)
                              .\CortexM3\ARM_GCC_541\Debug\Motorstyring.a(ADC_calR.o) (ADC_calR_theACLK_SetModeRegister)
.\CortexM3\ARM_GCC_541\Debug\Motorstyring.a(ADC_calL_theACLK.o)
                              .\CortexM3\ARM_GCC_541\Debug\Motorstyring.a(ADC_calL.o) (ADC_calL_theACLK_SetModeRegister)
.\CortexM3\ARM_GCC_541\Debug\Motorstyring.a(UART_1_IntClock.o)
                              .\CortexM3\ARM_GCC_541\Debug\Motorstyring.a(UART_1.o) (UART_1_IntClock_Start)
.\CortexM3\ARM_GCC_541\Debug\Motorstyring.a(CyLib.o)
                              .\CortexM3\ARM_GCC_541\Debug\Cm3Start.o (CyHalt)
.\CortexM3\ARM_GCC_541\Debug\Motorstyring.a(cyPm.o)
                              .\CortexM3\ARM_GCC_541\Debug\Motorstyring.a(CyLib.o) (CyPmReadStatus)
.\CortexM3\ARM_GCC_541\Debug\Motorstyring.a(sonarOutput.o)
                              .\CortexM3\ARM_GCC_541\Debug\sonar.o (sonarOutput_Write)
.\CortexM3\ARM_GCC_541\Debug\Motorstyring.a(Stepper_control.o)
                              .\CortexM3\ARM_GCC_541\Debug\opsamlerStyring.o (Stepper_control_Write)
.\CortexM3\ARM_GCC_541\Debug\Motorstyring.a(Steps_1.o)
                              .\CortexM3\ARM_GCC_541\Debug\opsamlerStyring.o (Steps_1_Write)
.\CortexM3\ARM_GCC_541\Debug\Motorstyring.a(CyBootAsmGnu.o)
                              .\CortexM3\ARM_GCC_541\Debug\cyfitter_cfg.o (CyDelayCycles)
.\CortexM3\ARM_GCC_541\Debug\Motorstyring.a(CyFlash.o)
                              .\CortexM3\ARM_GCC_541\Debug\Motorstyring.a(cyPm.o) (CyFlash_SetWaitCycles)
.\CortexM3\ARM_GCC_541\Debug\Motorstyring.a(CySpc.o)
                              .\CortexM3\ARM_GCC_541\Debug\Motorstyring.a(CyFlash.o) (CySpcStart)
c:/program files (x86)/cypress/psoc creator/4.2/psoc creator/import/gnu/arm/5.4.1/bin/../lib/gcc/arm-none-eabi/5.4.1/armv7-m\libgcc.a(_arm_addsubsf3.o)
                              .\CortexM3\ARM_GCC_541\Debug\Motorstyring.a(ADC_calR.o) (__aeabi_i2f)
c:/program files (x86)/cypress/psoc creator/4.2/psoc creator/import/gnu/arm/5.4.1/bin/../lib/gcc/arm-none-eabi/5.4.1/armv7-m\libgcc.a(_arm_muldivsf3.o)
                              .\CortexM3\ARM_GCC_541\Debug\Motorstyring.a(ADC_calR.o) (__aeabi_fmul)
c:/program files (x86)/cypress/psoc creator/4.2/psoc creator/import/gnu/arm/5.4.1/bin/../lib/gcc/arm-none-eabi/5.4.1/armv7-m\libgcc.a(_aeabi_ldivmod.o)
[...]
Memory Configuration

Name             Origin             Length             Attributes
rom              0x00000000         0x00040000         xr
ram              0x1fff8000         0x00010000         xrw
*default*        0x00000000         0xffffffff

Linker script and memory map

LOAD c:/program files (x86)/cypress/psoc creator/4.2/psoc creator/import/gnu/arm/5.4.1/bin/../lib/gcc/arm-none-eabi/5.4.1/armv7-m/crti.o
LOAD c:/program files (x86)/cypress/psoc creator/4.2/psoc creator/import/gnu/arm/5.4.1/bin/../lib/gcc/arm-none-eabi/5.4.1/armv7-m/crtbegin.o
LOAD c:/program files (x86)/cypress/psoc creator/4.2/psoc creator/import/gnu/arm/5.4.1/bin/../lib/gcc/arm-none-eabi/5.4.1/../../../../arm-none-eabi/lib/armv7-m/crt0.o
START GROUP
LOAD .\CortexM3\ARM_GCC_541\Debug\main.o
LOAD .\CortexM3\ARM_GCC_541\Debug\motorStyring.o
LOAD .\CortexM3\ARM_GCC_541\Debug\sonar.o
LOAD .\CortexM3\ARM_GCC_541\Debug\opsamlerStyring.o
LOAD .\CortexM3\ARM_GCC_541\Debug\cyfitter_cfg.o
LOAD .\CortexM3\ARM_GCC_541\Debug\cymetadata.o
LOAD .\CortexM3\ARM_GCC_541\Debug\Cm3Start.o
LOAD .\CortexM3\ARM_GCC_541\Debug\Motorstyring.a
LOAD C:\Program Files (x86)\Cypress\PSoC Creator\4.2\PSoC Creator\psoc\content\cycomponentlibrary\CyComponentLibrary.cylib\CortexM3\ARM_GCC_541\Debug\CyComponentLibrary.a
END GROUP
START GROUP
LOAD c:/program files (x86)/cypress/psoc creator/4.2/psoc creator/import/gnu/arm/5.4.1/bin/../lib/gcc/arm-none-eabi/5.4.1/armv7-m\libgcc.a
LOAD c:/program files (x86)/cypress/psoc creator/4.2/psoc creator/import/gnu/arm/5.4.1/bin/../lib/gcc/arm-none-eabi/5.4.1/../../../../arm-none-eabi/lib/armv7-m\libg_nano.a
LOAD c:/program files (x86)/cypress/psoc creator/4.2/psoc creator/import/gnu/arm/5.4.1/bin/../lib/gcc/arm-none-eabi/5.4.1/../../../../arm-none-eabi/lib/armv7-m\libc_nano.a
END GROUP
START GROUP
LOAD c:/program files (x86)/cypress/psoc creator/4.2/psoc creator/import/gnu/arm/5.4.1/bin/../lib/gcc/arm-none-eabi/5.4.1/armv7-m\libgcc.a
LOAD c:/program files (x86)/cypress/psoc creator/4.2/psoc creator/import/gnu/arm/5.4.1/bin/../lib/gcc/arm-none-eabi/5.4.1/../../../../arm-none-eabi/lib/armv7-m\libc_nano.a
END GROUP
LOAD c:/program files (x86)/cypress/psoc creator/4.2/psoc creator/import/gnu/arm/5.4.1/bin/../lib/gcc/arm-none-eabi/5.4.1/armv7-m/crtend.o
LOAD c:/program files (x86)/cypress/psoc creator/4.2/psoc creator/import/gnu/arm/5.4.1/bin/../lib/gcc/arm-none-eabi/5.4.1/armv7-m/crtn.o
START GROUP
LOAD c:/program files (x86)/cypress/psoc creator/4.2/psoc creator/import/gnu/arm/5.4.1/bin/../lib/gcc/arm-none-eabi/5.4.1/armv7-m\libgcc.a
LOAD c:/program files (x86)/cypress/psoc creator/4.2/psoc creator/import/gnu/arm/5.4.1/bin/../lib/gcc/arm-none-eabi/5.4.1/../../../../arm-none-eabi/lib/armv7-m\libc.a
LOAD c:/program files (x86)/cypress/psoc creator/4.2/psoc creator/import/gnu/arm/5.4.1/bin/../lib/gcc/arm-none-eabi/5.4.1/../../../../arm-none-eabi/lib/armv7-m\libnosys.a
END GROUP
                0x00000000                CY_APPL_ORIGIN = 0x0
                0x00000100                CY_FLASH_ROW_SIZE = 0x100
                0x00000020                CY_ECC_ROW_SIZE = 0x20
                0x00000000                CY_EE_IN_BTLDR = 0x0
                0x00000000                CY_APPL_LOADABLE = 0x0
                0x00000800                CY_EE_SIZE = 0x800
                0x00000001                CY_APPL_NUM = 0x1
                0x00000001                CY_APPL_MAX = 0x1
                0x00000040                CY_METADATA_SIZE = 0x40
                0x00000000                CY_APPL_LOADABLE = 0x0
                0x00000000                CY_CHECKSUM_EXCLUDE_SIZE = ALIGN (0x0, CY_FLASH_ROW_SIZE)
                [!provide]                PROVIDE (__cy_heap_start, _end)
                0x00000001                PROVIDE (__cy_region_num, ((__cy_regions_end - __cy_regions) / 0x10))
                0x20008000                PROVIDE (__cy_stack, (ORIGIN (ram) + LENGTH (ram)))
                [!provide]                PROVIDE (__cy_heap_end, (__cy_stack - 0x800))

.cybootloader   0x00000000        0x0
 *(.cybootloader)
                0x00000000                appl1_start = CY_APPL_ORIGIN?CY_APPL_ORIGIN:ALIGN (CY_FLASH_ROW_SIZE)
                0x0001ff00                appl2_start = (appl1_start + ALIGN ((((LENGTH (rom) - appl1_start) - (0x2 * CY_FLASH_ROW_SIZE)) / 0x2), CY_FLASH_ROW_SIZE))
                0x00000000                appl_start = (CY_APPL_NUM == 0x1)?appl1_start:appl2_start
                0x00000000                ecc_offset = ((appl_start / CY_FLASH_ROW_SIZE) * CY_ECC_ROW_SIZE)
                0x00000000                ee_offset = (CY_APPL_LOADABLE && ! (CY_EE_IN_BTLDR))?((CY_EE_SIZE / CY_APPL_MAX) * (CY_APPL_NUM - 0x1)):0x0
                0x00000800                ee_size = (CY_APPL_LOADABLE && ! (CY_EE_IN_BTLDR))?(CY_EE_SIZE / CY_APPL_MAX):CY_EE_SIZE
                [!provide]                PROVIDE (CY_ECC_OFFSET, ecc_offset)

.text           0x00000000     0x1c14
 CREATE_OBJECT_SYMBOLS
                0x00000000                PROVIDE (__cy_interrupt_vector, RomVectors)
 *(.romvectors)
 .romvectors    0x00000000       0x10 .\CortexM3\ARM_GCC_541\Debug\Cm3Start.o
                0x00000000                RomVectors
                0x00000001                ASSERT ((. != __cy_interrupt_vector), No interrupt vector)
                0x00000001                ASSERT (CY_APPL_ORIGIN?(SIZEOF (.cybootloader) <= CY_APPL_ORIGIN):0x1, Wrong image location)
                0x00000010                PROVIDE (__cy_reset, Reset)
 *(.text.Reset)
 .text.Reset    0x00000010       0x18 .\CortexM3\ARM_GCC_541\Debug\Cm3Start.o
                0x00000010                Reset
                0x00000001                ASSERT ((. != __cy_reset), No reset code)
 *(.dma_init)
                0x00000001                ASSERT ((((appl_start + .) <= 0x10000) || 0x1), DMA Init must be within the first 64k of flash)
 *(.text .text.* .gnu.linkonce.t.*)
 .text          0x00000028       0x5c c:/program files (x86)/cypress/psoc creator/4.2/psoc creator/import/gnu/arm/5.4.1/bin/../lib/gcc/arm-none-eabi/5.4.1/armv7-m/crtbegin.o
 .text.ISR_SPIS_rx_handler
                0x00000084       0x40 .\CortexM3\ARM_GCC_541\Debug\main.o
                0x00000084                ISR_SPIS_rx_handler
 .text.ISR_UART_rx_handler
                0x000000c4       0x24 .\CortexM3\ARM_GCC_541\Debug\main.o
                0x000000c4                ISR_UART_rx_handler
 .text.slaveBytesRecieve
                0x000000e8       0x98 .\CortexM3\ARM_GCC_541\Debug\main.o
                0x000000e8                slaveBytesRecieve
 .text.main     0x00000180       0x3c .\CortexM3\ARM_GCC_541\Debug\main.o
                0x00000180                main
 .text.init_motorFunktioner
                0x000001bc       0x2c .\CortexM3\ARM_GCC_541\Debug\motorStyring.o
                0x000001bc                init_motorFunktioner
 .text.searchBall
                0x000001e8       0x24 .\CortexM3\ARM_GCC_541\Debug\motorStyring.o
                0x000001e8                searchBall
 .text.korFrem  0x0000020c       0x24 .\CortexM3\ARM_GCC_541\Debug\motorStyring.o
                0x0000020c                korFrem
 .text.fastStop
                0x00000230        0xc .\CortexM3\ARM_GCC_541\Debug\motorStyring.o
                0x00000230                fastStop
 .text.stop     0x0000023c        0xc .\CortexM3\ARM_GCC_541\Debug\motorStyring.o
                0x0000023c                stop
 .text.korTilbage
                0x00000248       0x24 .\CortexM3\ARM_GCC_541\Debug\motorStyring.o
                0x00000248                korTilbage
 .text.drejHojre
                0x0000026c       0x24 .\CortexM3\ARM_GCC_541\Debug\motorStyring.o
                0x0000026c                drejHojre
 .text.drejVenstre
                0x00000290       0x24 .\CortexM3\ARM_GCC_541\Debug\motorStyring.o
                0x00000290                drejVenstre
 .text.stepper_up
                0x000002b4       0x10 .\CortexM3\ARM_GCC_541\Debug\opsamlerStyring.o
                0x000002b4                stepper_up
 .text.stepper_init
                0x000002c4        0xc .\CortexM3\ARM_GCC_541\Debug\opsamlerStyring.o
                0x000002c4                stepper_init
 .text.stepper_down
                0x000002d0       0x10 .\CortexM3\ARM_GCC_541\Debug\opsamlerStyring.o
                0x000002d0                stepper_down
 .text.stepper_stop
                0x000002e0        0xc .\CortexM3\ARM_GCC_541\Debug\opsamlerStyring.o
                0x000002e0                stepper_stop
 .text.CyClockStartupError
                0x000002ec        0x4 .\CortexM3\ARM_GCC_541\Debug\cyfitter_cfg.o
 .text.cfg_write_bytes32
                0x000002f0       0x34 .\CortexM3\ARM_GCC_541\Debug\cyfitter_cfg.o
 .text.CYMEMZERO
                0x00000324        0xc .\CortexM3\ARM_GCC_541\Debug\cyfitter_cfg.o
 .text.AnalogSetDefault
                0x00000330       0x9c .\CortexM3\ARM_GCC_541\Debug\cyfitter_cfg.o
 .text.CYCONFIGCPY
                0x000003cc        0x8 .\CortexM3\ARM_GCC_541\Debug\cyfitter_cfg.o
 .text.ClockSetup
                0x000003d4      0x110 .\CortexM3\ARM_GCC_541\Debug\cyfitter_cfg.o
 .text.cyfitter_cfg
                0x000004e4      0x120 .\CortexM3\ARM_GCC_541\Debug\cyfitter_cfg.o
                0x000004e4                cyfitter_cfg
 .text.IntDefaultHandler
                0x00000604       0x10 .\CortexM3\ARM_GCC_541\Debug\Cm3Start.o
                0x00000604                IntDefaultHandler
 .text._sbrk    0x00000614       0x30 .\CortexM3\ARM_GCC_541\Debug\Cm3Start.o
                0x00000614                _sbrk
 .text.Start_c  0x00000644       0x4c .\CortexM3\ARM_GCC_541\Debug\Cm3Start.o
                0x00000644                Start_c
 .text.initialize_psoc
                0x00000690       0x68 .\CortexM3\ARM_GCC_541\Debug\Cm3Start.o
                0x00000690                initialize_psoc
 .text.Motorpwm_right_Enable
                0x000006f8       0x10 .\CortexM3\ARM_GCC_541\Debug\Motorstyring.a(Motorpwm_right.o)
                0x000006f8                Motorpwm_right_Enable
 .text.Motorpwm_right_WriteCounter
                0x00000708        0xc .\CortexM3\ARM_GCC_541\Debug\Motorstyring.a(Motorpwm_right.o)
                0x00000708                Motorpwm_right_WriteCounter
 .text.Motorpwm_right_WritePeriod
                0x00000714        0xc .\CortexM3\ARM_GCC_541\Debug\Motorstyring.a(Motorpwm_right.o)
                0x00000714                Motorpwm_right_WritePeriod
 .text.Motorpwm_right_WriteCompare
                0x00000720        0xc .\CortexM3\ARM_GCC_541\Debug\Motorstyring.a(Motorpwm_right.o)
                0x00000720                Motorpwm_right_WriteCompare
 .text.Motorpwm_right_SetInterruptMode
                0x0000072c        0xc .\CortexM3\ARM_GCC_541\Debug\Motorstyring.a(Motorpwm_right.o)
                0x0000072c                Motorpwm_right_SetInterruptMode
 .text.Motorpwm_right_ReadStatusRegister
                0x00000738        0xc .\CortexM3\ARM_GCC_541\Debug\Motorstyring.a(Motorpwm_right.o)
                0x00000738                Motorpwm_right_ReadStatusRegister
 .text.Motorpwm_right_ReadCapture
                0x00000744        0xc .\CortexM3\ARM_GCC_541\Debug\Motorstyring.a(Motorpwm_right.o)
                0x00000744                Motorpwm_right_ReadCapture
 .text.Motorpwm_right_ClearFIFO
                0x00000750       0x14 .\CortexM3\ARM_GCC_541\Debug\Motorstyring.a(Motorpwm_right.o)
                0x00000750                Motorpwm_right_ClearFIFO
 .text.Motorpwm_right_Init
                0x00000764       0x50 .\CortexM3\ARM_GCC_541\Debug\Motorstyring.a(Motorpwm_right.o)
                0x00000764                Motorpwm_right_Init
 .text.Motorpwm_right_Start
                0x000007b4       0x1c .\CortexM3\ARM_GCC_541\Debug\Motorstyring.a(Motorpwm_right.o)
                0x000007b4                Motorpwm_right_Start
 .text.Motorpwm_Left_Enable
                0x000007d0       0x10 .\CortexM3\ARM_GCC_541\Debug\Motorstyring.a(Motorpwm_Left.o)
                0x000007d0                Motorpwm_Left_Enable
 .text.Motorpwm_Left_WriteCounter
                0x000007e0        0xc .\CortexM3\ARM_GCC_541\Debug\Motorstyring.a(Motorpwm_Left.o)
                0x000007e0                Motorpwm_Left_WriteCounter
 .text.Motorpwm_Left_WritePeriod
                0x000007ec        0xc .\CortexM3\ARM_GCC_541\Debug\Motorstyring.a(Motorpwm_Left.o)
                0x000007ec                Motorpwm_Left_WritePeriod
 .text.Motorpwm_Left_WriteCompare
                0x000007f8        0xc .\CortexM3\ARM_GCC_541\Debug\Motorstyring.a(Motorpwm_Left.o)
                0x000007f8                Motorpwm_Left_WriteCompare
 .text.Motorpwm_Left_SetInterruptMode
                0x00000804        0xc .\CortexM3\ARM_GCC_541\Debug\Motorstyring.a(Motorpwm_Left.o)
                0x00000804                Motorpwm_Left_SetInterruptMode
 .text.Motorpwm_Left_ReadStatusRegister
                0x00000810        0xc .\CortexM3\ARM_GCC_541\Debug\Motorstyring.a(Motorpwm_Left.o)
                0x00000810                Motorpwm_Left_ReadStatusRegister
 .text.Motorpwm_Left_ReadCapture
                0x0000081c        0xc .\CortexM3\ARM_GCC_541\Debug\Motorstyring.a(Motorpwm_Left.o)
                0x0000081c                Motorpwm_Left_ReadCapture
 .text.Motorpwm_Left_ClearFIFO
                0x00000828       0x14 .\CortexM3\ARM_GCC_541\Debug\Motorstyring.a(Motorpwm_Left.o)
                0x00000828                Motorpwm_Left_ClearFIFO
 .text.Motorpwm_Left_Init
                0x0000083c       0x50 .\CortexM3\ARM_GCC_541\Debug\Motorstyring.a(Motorpwm_Left.o)
                0x0000083c                Motorpwm_Left_Init
 .text.Motorpwm_Left_Start
                0x0000088c       0x1c .\CortexM3\ARM_GCC_541\Debug\Motorstyring.a(Motorpwm_Left.o)
                0x0000088c                Motorpwm_Left_Start
 .text.mode_Write
                0x000008a8        0xc .\CortexM3\ARM_GCC_541\Debug\Motorstyring.a(mode.o)
                0x000008a8                mode_Write
 .text.ADC_calR_CalcGain
                0x000008b4       0x64 .\CortexM3\ARM_GCC_541\Debug\Motorstyring.a(ADC_calR.o)
 .text.ADC_calR_Enable
                0x00000918       0x94 .\CortexM3\ARM_GCC_541\Debug\Motorstyring.a(ADC_calR.o)
                0x00000918                ADC_calR_Enable
 .text.ADC_calR_SetResolution
                0x000009ac       0x38 .\CortexM3\ARM_GCC_541\Debug\Motorstyring.a(ADC_calR.o)
                0x000009ac                ADC_calR_SetResolution
 .text.ADC_calR_Init
                0x000009e4       0x3c .\CortexM3\ARM_GCC_541\Debug\Motorstyring.a(ADC_calR.o)
                0x000009e4                ADC_calR_Init
 .text.ADC_calR_Start
                0x00000a20       0x1c .\CortexM3\ARM_GCC_541\Debug\Motorstyring.a(ADC_calR.o)
                0x00000a20                ADC_calR_Start
 .text.ADC_calR_StartConvert
                0x00000a3c       0x10 .\CortexM3\ARM_GCC_541\Debug\Motorstyring.a(ADC_calR.o)
                0x00000a3c                ADC_calR_StartConvert
 .text.ADC_calR_ISR
                0x00000a4c        0x4 .\CortexM3\ARM_GCC_541\Debug\Motorstyring.a(ADC_calR_INT.o)
                0x00000a4c                ADC_calR_ISR
 .text.ADC_calL_CalcGain
                0x00000a50       0x64 .\CortexM3\ARM_GCC_541\Debug\Motorstyring.a(ADC_calL.o)
 .text.ADC_calL_Enable
                0x00000ab4       0x94 .\CortexM3\ARM_GCC_541\Debug\Motorstyring.a(ADC_calL.o)
                0x00000ab4                ADC_calL_Enable
 .text.ADC_calL_SetResolution
                0x00000b48       0x38 .\CortexM3\ARM_GCC_541\Debug\Motorstyring.a(ADC_calL.o)
                0x00000b48                ADC_calL_SetResolution
 .text.ADC_calL_Init
                0x00000b80       0x3c .\CortexM3\ARM_GCC_541\Debug\Motorstyring.a(ADC_calL.o)
                0x00000b80                ADC_calL_Init
 .text.ADC_calL_Start
                0x00000bbc       0x1c .\CortexM3\ARM_GCC_541\Debug\Motorstyring.a(ADC_calL.o)
                0x00000bbc                ADC_calL_Start
 .text.ADC_calL_StartConvert
                0x00000bd8       0x10 .\CortexM3\ARM_GCC_541\Debug\Motorstyring.a(ADC_calL.o)
                0x00000bd8                ADC_calL_StartConvert
 .text.ADC_calL_ISR
                0x00000be8        0x4 .\CortexM3\ARM_GCC_541\Debug\Motorstyring.a(ADC_calL_INT.o)
                0x00000be8                ADC_calL_ISR
 .text.SPIS_1_Enable
                0x00000bec       0x38 .\CortexM3\ARM_GCC_541\Debug\Motorstyring.a(SPIS_1.o)
                0x00000bec                SPIS_1_Enable
 .text.SPIS_1_ReadTxStatus
                0x00000c24        0xc .\CortexM3\ARM_GCC_541\Debug\Motorstyring.a(SPIS_1.o)
                0x00000c24                SPIS_1_ReadTxStatus
 .text.SPIS_1_ReadRxStatus
                0x00000c30        0xc .\CortexM3\ARM_GCC_541\Debug\Motorstyring.a(SPIS_1.o)
                0x00000c30                SPIS_1_ReadRxStatus
 .text.SPIS_1_WriteTxData
                0x00000c3c       0x18 .\CortexM3\ARM_GCC_541\Debug\Motorstyring.a(SPIS_1.o)
                0x00000c3c                SPIS_1_WriteTxData
 .text.SPIS_1_ReadRxData
                0x00000c54        0xc .\CortexM3\ARM_GCC_541\Debug\Motorstyring.a(SPIS_1.o)
                0x00000c54                SPIS_1_ReadRxData
 .text.SPIS_1_ClearFIFO
                0x00000c60       0x3c .\CortexM3\ARM_GCC_541\Debug\Motorstyring.a(SPIS_1.o)
                0x00000c60                SPIS_1_ClearFIFO
 .text.SPIS_1_Init
                0x00000c9c       0x48 .\CortexM3\ARM_GCC_541\Debug\Motorstyring.a(SPIS_1.o)
                0x00000c9c                SPIS_1_Init
 .text.SPIS_1_Start
                0x00000ce4       0x1c .\CortexM3\ARM_GCC_541\Debug\Motorstyring.a(SPIS_1.o)
                0x00000ce4                SPIS_1_Start
 .text.SPIS_1_RX_ISR
                0x00000d00        0x4 .\CortexM3\ARM_GCC_541\Debug\Motorstyring.a(SPIS_1_INT.o)
                0x00000d00                SPIS_1_RX_ISR
 .text.UART_1_Init
                0x00000d04       0x28 .\CortexM3\ARM_GCC_541\Debug\Motorstyring.a(UART_1.o)
                0x00000d04                UART_1_Init
 .text.UART_1_Enable
                0x00000d2c       0x38 .\CortexM3\ARM_GCC_541\Debug\Motorstyring.a(UART_1.o)
                0x00000d2c                UART_1_Enable
 .text.UART_1_Start
                0x00000d64       0x1c .\CortexM3\ARM_GCC_541\Debug\Motorstyring.a(UART_1.o)
                0x00000d64                UART_1_Start
 .text.UART_1_ReadRxData
                0x00000d80        0xc .\CortexM3\ARM_GCC_541\Debug\Motorstyring.a(UART_1.o)
                0x00000d80                UART_1_ReadRxData
 .text.UART_1_GetRxBufferSize
                0x00000d8c       0x18 .\CortexM3\ARM_GCC_541\Debug\Motorstyring.a(UART_1.o)
                0x00000d8c                UART_1_GetRxBufferSize
 .text.UART_1_WriteTxData
                0x00000da4       0x14 .\CortexM3\ARM_GCC_541\Debug\Motorstyring.a(UART_1.o)
                0x00000da4                UART_1_WriteTxData
 .text.UART_1_PutChar
                0x00000db8       0x18 .\CortexM3\ARM_GCC_541\Debug\Motorstyring.a(UART_1.o)
                0x00000db8                UART_1_PutChar
 .text.UART_1_PutString
                0x00000dd0       0x24 .\CortexM3\ARM_GCC_541\Debug\Motorstyring.a(UART_1.o)
                0x00000dd0                UART_1_PutString
 .text.ISR_SLAVE_RX_SetVector
                0x00000df4        0xc .\CortexM3\ARM_GCC_541\Debug\Motorstyring.a(ISR_SLAVE_RX.o)
                0x00000df4                ISR_SLAVE_RX_SetVector
 .text.ISR_SLAVE_RX_SetPriority
                0x00000e00       0x10 .\CortexM3\ARM_GCC_541\Debug\Motorstyring.a(ISR_SLAVE_RX.o)
                0x00000e00                ISR_SLAVE_RX_SetPriority
 .text.ISR_SLAVE_RX_Enable
                0x00000e10        0xc .\CortexM3\ARM_GCC_541\Debug\Motorstyring.a(ISR_SLAVE_RX.o)
                0x00000e10                ISR_SLAVE_RX_Enable
 .text.ISR_SLAVE_RX_Disable
                0x00000e1c        0xc .\CortexM3\ARM_GCC_541\Debug\Motorstyring.a(ISR_SLAVE_RX.o)
                0x00000e1c                ISR_SLAVE_RX_Disable
 .text.ISR_SLAVE_RX_StartEx
                0x00000e28       0x1c .\CortexM3\ARM_GCC_541\Debug\Motorstyring.a(ISR_SLAVE_RX.o)
                0x00000e28                ISR_SLAVE_RX_StartEx
 .text.UART_rx_SetVector
                0x00000e44        0xc .\CortexM3\ARM_GCC_541\Debug\Motorstyring.a(UART_rx.o)
                0x00000e44                UART_rx_SetVector
 .text.UART_rx_SetPriority
                0x00000e50       0x10 .\CortexM3\ARM_GCC_541\Debug\Motorstyring.a(UART_rx.o)
                0x00000e50                UART_rx_SetPriority
 .text.UART_rx_Enable
                0x00000e60        0xc .\CortexM3\ARM_GCC_541\Debug\Motorstyring.a(UART_rx.o)
                0x00000e60                UART_rx_Enable
 .text.UART_rx_Disable
                0x00000e6c        0xc .\CortexM3\ARM_GCC_541\Debug\Motorstyring.a(UART_rx.o)
                0x00000e6c                UART_rx_Disable
 .text.UART_rx_StartEx
                0x00000e78       0x1c .\CortexM3\ARM_GCC_541\Debug\Motorstyring.a(UART_rx.o)
                0x00000e78                UART_rx_StartEx
 .text.I2C_Master_Init
                0x00000e94       0x68 .\CortexM3\ARM_GCC_541\Debug\Motorstyring.a(I2C_Master.o)
                0x00000e94                I2C_Master_Init
 .text.I2C_Master_Enable
                0x00000efc       0x24 .\CortexM3\ARM_GCC_541\Debug\Motorstyring.a(I2C_Master.o)
                0x00000efc                I2C_Master_Enable
 .text.I2C_Master_Start
                0x00000f20       0x28 .\CortexM3\ARM_GCC_541\Debug\Motorstyring.a(I2C_Master.o)
                0x00000f20                I2C_Master_Start
 .text.I2C_Master_ISR
                0x00000f48      0x2d0 .\CortexM3\ARM_GCC_541\Debug\Motorstyring.a(I2C_Master_INT.o)
                0x00000f48                I2C_Master_ISR
 .text.ADC_calR_theACLK_SetModeRegister
                0x00001218       0x14 .\CortexM3\ARM_GCC_541\Debug\Motorstyring.a(ADC_calR_theACLK.o)
                0x00001218                ADC_calR_theACLK_SetModeRegister
 .text.ADC_calL_theACLK_SetModeRegister
                0x0000122c       0x14 .\CortexM3\ARM_GCC_541\Debug\Motorstyring.a(ADC_calL_theACLK.o)
                0x0000122c                ADC_calL_theACLK_SetModeRegister
 .text.UART_1_IntClock_Start
                0x00001240       0x1c .\CortexM3\ARM_GCC_541\Debug\Motorstyring.a(UART_1_IntClock.o)
                0x00001240                UART_1_IntClock_Start
 .text.CyHalt   0x0000125c        0x4 .\CortexM3\ARM_GCC_541\Debug\Motorstyring.a(CyLib.o)
                0x0000125c                CyHalt
 .text.CyDelay  0x00001260       0x2c .\CortexM3\ARM_GCC_541\Debug\Motorstyring.a(CyLib.o)
                0x00001260                CyDelay
 .text.CyDelayUs
                0x0000128c       0x14 .\CortexM3\ARM_GCC_541\Debug\Motorstyring.a(CyLib.o)
                0x0000128c                CyDelayUs
 .text.CyIntSetVector
                0x000012a0       0x28 .\CortexM3\ARM_GCC_541\Debug\Motorstyring.a(CyLib.o)
                0x000012a0                CyIntSetVector
 .text.CyIntSetPriority
                0x000012c8       0x30 .\CortexM3\ARM_GCC_541\Debug\Motorstyring.a(CyLib.o)
                0x000012c8                CyIntSetPriority
 .text.Stepper_control_Write
                0x000012f8        0xc .\CortexM3\ARM_GCC_541\Debug\Motorstyring.a(Stepper_control.o)
                0x000012f8                Stepper_control_Write
 .text.Steps_1_Write
                0x00001304        0xc .\CortexM3\ARM_GCC_541\Debug\Motorstyring.a(Steps_1.o)
                0x00001304                Steps_1_Write
 .text          0x00001310       0x20 .\CortexM3\ARM_GCC_541\Debug\Motorstyring.a(CyBootAsmGnu.o)
                0x00001310                CyDelayCycles
                0x00001320                CyEnterCriticalSection
                0x00001328                CyExitCriticalSection
 .text.__errno  0x00001330        0xc c:/program files (x86)/cypress/psoc creator/4.2/psoc creator/import/gnu/arm/5.4.1/bin/../lib/gcc/arm-none-eabi/5.4.1/../../../../arm-none-eabi/lib/armv7-m\libg_nano.a(lib_a-errno.o)
                0x00001330                __errno
 .text.__libc_init_array
                0x0000133c       0x4c c:/program files (x86)/cypress/psoc creator/4.2/psoc creator/import/gnu/arm/5.4.1/bin/../lib/gcc/arm-none-eabi/5.4.1/../../../../arm-none-eabi/lib/armv7-m\libg_nano.a(lib_a-init.o)
                0x0000133c                __libc_init_array
 .text.memcpy   0x00001388       0x16 c:/program files (x86)/cypress/psoc creator/4.2/psoc creator/import/gnu/arm/5.4.1/bin/../lib/gcc/arm-none-eabi/5.4.1/../../../../arm-none-eabi/lib/armv7-m\libg_nano.a(lib_a-memcpy-stub.o)
                0x00001388                memcpy
 .text.memset   0x0000139e       0x10 c:/program files (x86)/cypress/psoc creator/4.2/psoc creator/import/gnu/arm/5.4.1/bin/../lib/gcc/arm-none-eabi/5.4.1/../../../../arm-none-eabi/lib/armv7-m\libg_nano.a(lib_a-memset.o)
                0x0000139e                memset
 *fill*         0x000013ae        0x2 
 .text.snprintf
                0x000013b0       0x64 c:/program files (x86)/cypress/psoc creator/4.2/psoc creator/import/gnu/arm/5.4.1/bin/../lib/gcc/arm-none-eabi/5.4.1/../../../../arm-none-eabi/lib/armv7-m\libg_nano.a(lib_a-snprintf.o)
                0x000013b0                sniprintf
                0x000013b0                snprintf
 .text.__ssputs_r
                0x00001414       0xb2 c:/program files (x86)/cypress/psoc creator/4.2/psoc creator/import/gnu/arm/5.4.1/bin/../lib/gcc/arm-none-eabi/5.4.1/../../../../arm-none-eabi/lib/armv7-m\libg_nano.a(lib_a-nano-svfprintf.o)
                0x00001414                __ssputs_r
 *fill*         0x000014c6        0x2 
 .text._svfprintf_r
                0x000014c8      0x1e8 c:/program files (x86)/cypress/psoc creator/4.2/psoc creator/import/gnu/arm/5.4.1/bin/../lib/gcc/arm-none-eabi/5.4.1/../../../../arm-none-eabi/lib/armv7-m\libg_nano.a(lib_a-nano-svfprintf.o)
                0x000014c8                _svfiprintf_r
                0x000014c8                _svfprintf_r
 .text._printf_common
                0x000016b0       0xec c:/program files (x86)/cypress/psoc creator/4.2/psoc creator/import/gnu/arm/5.4.1/bin/../lib/gcc/arm-none-eabi/5.4.1/../../../../arm-none-eabi/lib/armv7-m\libg_nano.a(lib_a-nano-vfprintf_i.o)
                0x000016b0                _printf_common
 .text._printf_i
                0x0000179c      0x24c c:/program files (x86)/cypress/psoc creator/4.2/psoc creator/import/gnu/arm/5.4.1/bin/../lib/gcc/arm-none-eabi/5.4.1/../../../../arm-none-eabi/lib/armv7-m\libg_nano.a(lib_a-nano-vfprintf_i.o)
                0x0000179c                _printf_i
 .text.memchr   0x000019e8       0x1c c:/program files (x86)/cypress/psoc creator/4.2/psoc creator/import/gnu/arm/5.4.1/bin/../lib/gcc/arm-none-eabi/5.4.1/../../../../arm-none-eabi/lib/armv7-m\libg_nano.a(lib_a-memchr-stub.o)
                0x000019e8                memchr
 .text.memmove  0x00001a04       0x36 c:/program files (x86)/cypress/psoc creator/4.2/psoc creator/import/gnu/arm/5.4.1/bin/../lib/gcc/arm-none-eabi/5.4.1/../../../../arm-none-eabi/lib/armv7-m\libg_nano.a(lib_a-memmove.o)
                0x00001a04                memmove
 *fill*         0x00001a3a        0x2 
 .text._free_r  0x00001a3c       0x98 c:/program files (x86)/cypress/psoc creator/4.2/psoc creator/import/gnu/arm/5.4.1/bin/../lib/gcc/arm-none-eabi/5.4.1/../../../../arm-none-eabi/lib/armv7-m\libg_nano.a(lib_a-nano-freer.o)
                0x00001a3c                _free_r
 .text._malloc_r
                0x00001ad4       0xbc c:/program files (x86)/cypress/psoc creator/4.2/psoc creator/import/gnu/arm/5.4.1/bin/../lib/gcc/arm-none-eabi/5.4.1/../../../../arm-none-eabi/lib/armv7-m\libg_nano.a(lib_a-nano-mallocr.o)
                0x00001ad4                _malloc_r
 .text._realloc_r
                0x00001b90       0x4c c:/program files (x86)/cypress/psoc creator/4.2/psoc creator/import/gnu/arm/5.4.1/bin/../lib/gcc/arm-none-eabi/5.4.1/../../../../arm-none-eabi/lib/armv7-m\libg_nano.a(lib_a-nano-reallocr.o)
                0x00001b90                _realloc_r
 .text._sbrk_r  0x00001bdc       0x20 c:/program files (x86)/cypress/psoc creator/4.2/psoc creator/import/gnu/arm/5.4.1/bin/../lib/gcc/arm-none-eabi/5.4.1/../../../../arm-none-eabi/lib/armv7-m\libg_nano.a(lib_a-sbrkr.o)
                0x00001bdc                _sbrk_r
 .text.__malloc_lock
                0x00001bfc        0x2 c:/program files (x86)/cypress/psoc creator/4.2/psoc creator/import/gnu/arm/5.4.1/bin/../lib/gcc/arm-none-eabi/5.4.1/../../../../arm-none-eabi/lib/armv7-m\libg_nano.a(lib_a-mlock.o)
                0x00001bfc                __malloc_lock
 .text.__malloc_unlock
                0x00001bfe        0x2 c:/program files (x86)/cypress/psoc creator/4.2/psoc creator/import/gnu/arm/5.4.1/bin/../lib/gcc/arm-none-eabi/5.4.1/../../../../arm-none-eabi/lib/armv7-m\libg_nano.a(lib_a-mlock.o)
                0x00001bfe                __malloc_unlock
 .text._malloc_usable_size_r
                0x00001c00       0x14 c:/program files (x86)/cypress/psoc creator/4.2/psoc creator/import/gnu/arm/5.4.1/bin/../lib/gcc/arm-none-eabi/5.4.1/../../../../arm-none-eabi/lib/armv7-m\libg_nano.a(lib_a-nano-msizer.o)
                0x00001c00                _malloc_usable_size_r
 *(.plt)
 *(.gnu.warning)
 *(.glue_7t)
 .glue_7t       0x00001c14        0x0 linker stubs
 *(.glue_7)
 .glue_7        0x00001c14        0x0 linker stubs
 *(.vfp11_veneer)
 .vfp11_veneer  0x00001c14        0x0 linker stubs
 *(.bootloader)
 *(.ARM.extab* .gnu.linkonce.armextab.*)
 *(.gcc_except_table)

.v4_bx          0x00001c14        0x0
 .v4_bx         0x00001c14        0x0 linker stubs

.iplt           0x00001c14        0x0
 .iplt          0x00001c14        0x0 c:/program files (x86)/cypress/psoc creator/4.2/psoc creator/import/gnu/arm/5.4.1/bin/../lib/gcc/arm-none-eabi/5.4.1/armv7-m/crtbegin.o

.eh_frame_hdr
 *(.eh_frame_hdr)

.eh_frame       0x00001c14        0x4
 *(.eh_frame)
 .eh_frame      0x00001c14        0x0 c:/program files (x86)/cypress/psoc creator/4.2/psoc creator/import/gnu/arm/5.4.1/bin/../lib/gcc/arm-none-eabi/5.4.1/armv7-m/crtbegin.o
 .eh_frame      0x00001c14        0x4 c:/program files (x86)/cypress/psoc creator/4.2/psoc creator/import/gnu/arm/5.4.1/bin/../lib/gcc/arm-none-eabi/5.4.1/armv7-m/crtend.o
                [!provide]                PROVIDE (__exidx_start, .)

.ARM.exidx
 *(.ARM.exidx* .gnu.linkonce.armexidx.*)
                0x00001c18                __exidx_end = .

.rodata         0x00001c18       0xc0
 *(.rodata .rodata.* .gnu.linkonce.r.*)
 .rodata.str1.4
                0x00001c18       0x14 .\CortexM3\ARM_GCC_541\Debug\main.o
                                 0x13 (size before relaxing)
 .rodata        0x00001c2c       0x42 .\CortexM3\ARM_GCC_541\Debug\cyfitter_cfg.o
 .rodata.str1.1
                0x00001c6e        0x2 c:/program files (x86)/cypress/psoc creator/4.2/psoc creator/import/gnu/arm/5.4.1/bin/../lib/gcc/arm-none-eabi/5.4.1/../../../../arm-none-eabi/lib/armv7-m\libg_nano.a(lib_a-impure.o)
 .rodata.str1.1
                0x00001c70       0x11 c:/program files (x86)/cypress/psoc creator/4.2/psoc creator/import/gnu/arm/5.4.1/bin/../lib/gcc/arm-none-eabi/5.4.1/../../../../arm-none-eabi/lib/armv7-m\libg_nano.a(lib_a-nano-svfprintf.o)
 .rodata.str1.1
                0x00001c81       0x22 c:/program files (x86)/cypress/psoc creator/4.2/psoc creator/import/gnu/arm/5.4.1/bin/../lib/gcc/arm-none-eabi/5.4.1/../../../../arm-none-eabi/lib/armv7-m\libg_nano.a(lib_a-nano-vfprintf_i.o)
                0x00001ca4                . = ALIGN (0x4)
 *fill*         0x00001ca3        0x1 
 *(.init)
 .init          0x00001ca4        0x4 c:/program files (x86)/cypress/psoc creator/4.2/psoc creator/import/gnu/arm/5.4.1/bin/../lib/gcc/arm-none-eabi/5.4.1/armv7-m/crti.o
                0x00001ca4                _init
 .init          0x00001ca8        0x8 c:/program files (x86)/cypress/psoc creator/4.2/psoc creator/import/gnu/arm/5.4.1/bin/../lib/gcc/arm-none-eabi/5.4.1/armv7-m/crtn.o
                0x00001cb0                . = ALIGN (0x4)
                0x00001cb0                __preinit_array_start = .
 *(.preinit_array)
                0x00001cb0                __preinit_array_end = .
                0x00001cb0                . = ALIGN (0x4)
                0x00001cb0                __init_array_start = .
 *(SORT(.init_array.*))
 *(.init_array)
 .init_array    0x00001cb0        0x4 c:/program files (x86)/cypress/psoc creator/4.2/psoc creator/import/gnu/arm/5.4.1/bin/../lib/gcc/arm-none-eabi/5.4.1/armv7-m/crtbegin.o
 .init_array    0x00001cb4        0x4 .\CortexM3\ARM_GCC_541\Debug\Cm3Start.o
                0x00001cb8                __init_array_end = .
                0x00001cb8                . = ALIGN (0x4)
 *(.fini)
 .fini          0x00001cb8        0x4 c:/program files (x86)/cypress/psoc creator/4.2/psoc creator/import/gnu/arm/5.4.1/bin/../lib/gcc/arm-none-eabi/5.4.1/armv7-m/crti.o
                0x00001cb8                _fini
 .fini          0x00001cbc        0x8 c:/program files (x86)/cypress/psoc creator/4.2/psoc creator/import/gnu/arm/5.4.1/bin/../lib/gcc/arm-none-eabi/5.4.1/armv7-m/crtn.o
                0x00001cc4                . = ALIGN (0x4)
                0x00001cc4                __fini_array_start = .
 *(.fini_array)
 .fini_array    0x00001cc4        0x4 c:/program files (x86)/cypress/psoc creator/4.2/psoc creator/import/gnu/arm/5.4.1/bin/../lib/gcc/arm-none-eabi/5.4.1/armv7-m/crtbegin.o
 *(SORT(.fini_array.*))
                0x00001cc8                __fini_array_end = .
                0x00001cc8                . = ALIGN (0x4)
 *crtbegin.o(.ctors)
 *(EXCLUDE_FILE(*crtend.o) .ctors)
 *(SORT(.ctors.*))
 *crtend.o(.ctors)
                0x00001cc8                . = ALIGN (0x4)
 *crtbegin.o(.dtors)
 *(EXCLUDE_FILE(*crtend.o) .dtors)
 *(SORT(.dtors.*))
 *crtend.o(.dtors)
                0x00001cc8                . = ALIGN (0x4)
                0x00001cc8                __cy_regions = .
                0x00001cc8        0x4 LONG 0x1cd8 __cy_region_init_ram
                0x00001ccc        0x4 LONG 0x1fff80c8 __cy_region_start_data
                0x00001cd0        0x4 LONG 0x88 __cy_region_init_size_ram
                0x00001cd4        0x4 LONG 0x68 __cy_region_zero_size_ram
                0x00001cd8                __cy_regions_end = .
                0x00001cd8                . = ALIGN (0x8)
                0x00001cd8                _etext = .

.cy_checksum_exclude
                0x00001cd8        0x0
 *(.cy_checksum_exclude)

.ramvectors     0x1fff8000       0xc0
                0x1fff8000                __cy_region_start_ram = .
 *(.ramvectors)
 .ramvectors    0x1fff8000       0xc0 .\CortexM3\ARM_GCC_541\Debug\Cm3Start.o
                0x1fff8000                CyRamVectors

.noinit         0x1fff80c0        0x1
 *(.noinit)
 .noinit        0x1fff80c0        0x1 .\CortexM3\ARM_GCC_541\Debug\Motorstyring.a(CyLib.o)
                0x1fff80c0                CyResetStatus

.data           0x1fff80c8       0x88 load address 0x00001cd8
                0x1fff80c8                __cy_region_start_data = .
 *(.jcr)
 .jcr           0x1fff80c8        0x0 c:/program files (x86)/cypress/psoc creator/4.2/psoc creator/import/gnu/arm/5.4.1/bin/../lib/gcc/arm-none-eabi/5.4.1/armv7-m/crtbegin.o
 .jcr           0x1fff80c8        0x4 c:/program files (x86)/cypress/psoc creator/4.2/psoc creator/import/gnu/arm/5.4.1/bin/../lib/gcc/arm-none-eabi/5.4.1/armv7-m/crtend.o
 *(.got.plt)
 *(.got)
 *(.shdata)
 *(.data .data.* .gnu.linkonce.d.*)
 .data          0x1fff80cc        0x8 .\CortexM3\ARM_GCC_541\Debug\main.o
                0x1fff80cc                PWMR
                0x1fff80d0                PWML
 .data          0x1fff80d4        0x4 .\CortexM3\ARM_GCC_541\Debug\Cm3Start.o
 .data          0x1fff80d8       0x10 .\CortexM3\ARM_GCC_541\Debug\Motorstyring.a(CyLib.o)
                0x1fff80d8                cydelay_32k_ms
                0x1fff80dc                cydelay_freq_khz
                0x1fff80e0                cydelay_freq_mhz
                0x1fff80e4                cydelay_freq_hz
 .data.impure_data
                0x1fff80e8       0x60 c:/program files (x86)/cypress/psoc creator/4.2/psoc creator/import/gnu/arm/5.4.1/bin/../lib/gcc/arm-none-eabi/5.4.1/../../../../arm-none-eabi/lib/armv7-m\libg_nano.a(lib_a-impure.o)
 .data._impure_ptr
                0x1fff8148        0x4 c:/program files (x86)/cypress/psoc creator/4.2/psoc creator/import/gnu/arm/5.4.1/bin/../lib/gcc/arm-none-eabi/5.4.1/../../../../arm-none-eabi/lib/armv7-m\libg_nano.a(lib_a-impure.o)
                0x1fff8148                _impure_ptr
                0x1fff8150                . = ALIGN (0x8)
 *fill*         0x1fff814c        0x4 
 *(.ram)
                0x1fff8150                _edata = .

.igot.plt       0x1fff8150        0x0 load address 0x00001d60
 .igot.plt      0x1fff8150        0x0 c:/program files (x86)/cypress/psoc creator/4.2/psoc creator/import/gnu/arm/5.4.1/bin/../lib/gcc/arm-none-eabi/5.4.1/armv7-m/crtbegin.o

.bss            0x1fff8150       0x68 load address 0x00001d60
                0x1fff8150                PROVIDE (__bss_start__, .)
 *(.shbss)
 *(.bss .bss.* .gnu.linkonce.b.*)
 .bss           0x1fff8150       0x1c c:/program files (x86)/cypress/psoc creator/4.2/psoc creator/import/gnu/arm/5.4.1/bin/../lib/gcc/arm-none-eabi/5.4.1/armv7-m/crtbegin.o
 .bss           0x1fff816c        0x8 .\CortexM3\ARM_GCC_541\Debug\main.o
                0x1fff816c                calR
                0x1fff8170                calL
 .bss           0x1fff8174        0x1 .\CortexM3\ARM_GCC_541\Debug\Motorstyring.a(Motorpwm_right.o)
                0x1fff8174                Motorpwm_right_initVar
 .bss           0x1fff8175        0x1 .\CortexM3\ARM_GCC_541\Debug\Motorstyring.a(Motorpwm_Left.o)
                0x1fff8175                Motorpwm_Left_initVar
 .bss           0x1fff8176        0x1 .\CortexM3\ARM_GCC_541\Debug\Motorstyring.a(ADC_calR.o)
                0x1fff8176                ADC_calR_initVar
 .bss           0x1fff8177        0x1 .\CortexM3\ARM_GCC_541\Debug\Motorstyring.a(ADC_calL.o)
                0x1fff8177                ADC_calL_initVar
 .bss           0x1fff8178        0x1 .\CortexM3\ARM_GCC_541\Debug\Motorstyring.a(SPIS_1.o)
                0x1fff8178                SPIS_1_initVar
 .bss           0x1fff8179        0x2 .\CortexM3\ARM_GCC_541\Debug\Motorstyring.a(UART_1.o)
                0x1fff8179                UART_1_initVar
 .bss           0x1fff817b        0x1 .\CortexM3\ARM_GCC_541\Debug\Motorstyring.a(I2C_Master.o)
                0x1fff817b                I2C_Master_initVar
 .bss.__malloc_sbrk_start
                0x1fff817c        0x4 c:/program files (x86)/cypress/psoc creator/4.2/psoc creator/import/gnu/arm/5.4.1/bin/../lib/gcc/arm-none-eabi/5.4.1/../../../../arm-none-eabi/lib/armv7-m\libg_nano.a(lib_a-nano-mallocr.o)
                0x1fff817c                __malloc_sbrk_start
 .bss.__malloc_free_list
                0x1fff8180        0x4 c:/program files (x86)/cypress/psoc creator/4.2/psoc creator/import/gnu/arm/5.4.1/bin/../lib/gcc/arm-none-eabi/5.4.1/../../../../arm-none-eabi/lib/armv7-m\libg_nano.a(lib_a-nano-mallocr.o)
                0x1fff8180                __malloc_free_list
 *(COMMON)
 COMMON         0x1fff8184        0x2 .\CortexM3\ARM_GCC_541\Debug\main.o
                0x1fff8184                slave_bytesRecieved
                0x1fff8185                uart_out
 *fill*         0x1fff8186        0x2 
 COMMON         0x1fff8188        0xc .\CortexM3\ARM_GCC_541\Debug\Motorstyring.a(ADC_calR.o)
                0x1fff8188                ADC_calR_offset
                0x1fff818c                ADC_calR_countsPer10Volt
                0x1fff8190                ADC_calR_countsPerVolt
                0x1fff8192                ADC_calR_shift
 COMMON         0x1fff8194        0xc .\CortexM3\ARM_GCC_541\Debug\Motorstyring.a(ADC_calL.o)
                0x1fff8194                ADC_calL_offset
                0x1fff8196                ADC_calL_shift
                0x1fff8198                ADC_calL_countsPerVolt
                0x1fff819c                ADC_calL_countsPer10Volt
 COMMON         0x1fff81a0        0x1 .\CortexM3\ARM_GCC_541\Debug\Motorstyring.a(I2C_Master.o)
                0x1fff81a0                I2C_Master_state
 *fill*         0x1fff81a1        0x3 
 COMMON         0x1fff81a4        0xf .\CortexM3\ARM_GCC_541\Debug\Motorstyring.a(I2C_Master_MASTER.o)
                0x1fff81a4                I2C_Master_mstrRdBufIndex
                0x1fff81a5                I2C_Master_mstrWrBufIndex
                0x1fff81a6                I2C_Master_mstrWrBufSize
                0x1fff81a8                I2C_Master_mstrWrBufPtr
                0x1fff81ac                I2C_Master_mstrRdBufPtr
                0x1fff81b0                I2C_Master_mstrControl
                0x1fff81b1                I2C_Master_mstrStatus
                0x1fff81b2                I2C_Master_mstrRdBufSize
 *fill*         0x1fff81b3        0x1 
 COMMON         0x1fff81b4        0x4 c:/program files (x86)/cypress/psoc creator/4.2/psoc creator/import/gnu/arm/5.4.1/bin/../lib/gcc/arm-none-eabi/5.4.1/../../../../arm-none-eabi/lib/armv7-m\libg_nano.a(lib_a-reent.o)
                0x1fff81b4                errno
                0x1fff81b8                . = ALIGN (0x8)
 *(.ram.b)
                0x1fff81b8                _end = .
                0x1fff81b8                __end = .
                0x1fff81b8                PROVIDE (end, .)
                0x1fff81b8                PROVIDE (__bss_end__, .)
                0x00001cd8                __cy_region_init_ram = LOADADDR (.data)
                0x00000088                __cy_region_init_size_ram = (_edata - ADDR (.data))
                0x00000068                __cy_region_zero_size_ram = (_end - _edata)

.heap           0x1fff81b8       0x80 load address 0x00001d60
                0x1fff81b8                . = _end
                0x1fff8238                . = (. + 0x80)
 *fill*         0x1fff81b8       0x80 
                0x1fff8238                __cy_heap_limit = .

.stack          0x20007800      0x800
                0x20007800                __cy_stack_limit = .
                0x20008000                . = (. + 0x800)
 *fill*         0x20007800      0x800 
                0x00000001                ASSERT ((__cy_stack_limit >= __cy_heap_limit), region RAM overflowed with stack)
                0x00000000                cy_checksum_exclude_size = (CY_APPL_LOADABLE == 0x1)?SIZEOF (.cy_checksum_exclude):0x0
                0x00000001                ASSERT ((cy_checksum_exclude_size <= CY_CHECKSUM_EXCLUDE_SIZE), CY_BOOT: Section .cy_checksum_exclude size exceedes specified limit.)

.cyloadermeta
 *(.cyloadermeta)

.cyloadablemeta
 *(.cyloadablemeta)

.cyconfigecc    0x80000000      0x908
 *(.cyconfigecc)
 .cyconfigecc   0x80000000      0x908 .\CortexM3\ARM_GCC_541\Debug\cymetadata.o
                0x80000000                cy_meta_configecc

.cycustnvl      0x90000000        0x4
 *(.cycustnvl)
 .cycustnvl     0x90000000        0x4 .\CortexM3\ARM_GCC_541\Debug\cymetadata.o
                0x90000000                cy_meta_custnvl

.cywolatch      0x90100000        0x4
 *(.cywolatch)
 .cywolatch     0x90100000        0x4 .\CortexM3\ARM_GCC_541\Debug\cymetadata.o
                0x90100000                cy_meta_wonvl

.cyeeprom       0x90200000        0x0
 *(.cyeeprom)
                0x00000001                ASSERT ((. <= ((0x90200000 + ee_offset) + ee_size)), .cyeeprom data will not fit in EEPROM)

.cyflashprotect
                0x90400000      0x100
 *(.cyflashprotect)
 .cyflashprotect
                0x90400000      0x100 .\CortexM3\ARM_GCC_541\Debug\cymetadata.o
                0x90400000                cy_meta_flashprotect

.cymeta         0x90500000        0xc
 *(.cymeta)
 .cymeta        0x90500000        0xc .\CortexM3\ARM_GCC_541\Debug\cymetadata.o
                0x90500000                cy_metadata

.rel.dyn        0x00001d60        0x0 load address 0x9050000c
 .rel.iplt      0x00001d60        0x0 c:/program files (x86)/cypress/psoc creator/4.2/psoc creator/import/gnu/arm/5.4.1/bin/../lib/gcc/arm-none-eabi/5.4.1/armv7-m/crtbegin.o

.stab
 *(.stab)

.stabstr
 *(.stabstr)

.debug
 *(.debug)

.line
 *(.line)

.debug_srcinfo
 *(.debug_srcinfo)

.debug_sfnames
 *(.debug_sfnames)

.debug_aranges  0x00000000      0xef8
 *(.debug_aranges)
 .debug_aranges
                0x00000000       0x40 .\CortexM3\ARM_GCC_541\Debug\main.o
 .debug_aranges
                0x00000040       0x58 .\CortexM3\ARM_GCC_541\Debug\motorStyring.o
 .debug_aranges
                0x00000098       0x28 .\CortexM3\ARM_GCC_541\Debug\sonar.o
 .debug_aranges
                0x000000c0       0x38 .\CortexM3\ARM_GCC_541\Debug\opsamlerStyring.o
 .debug_aranges
                0x000000f8       0x58 .\CortexM3\ARM_GCC_541\Debug\cyfitter_cfg.o
 .debug_aranges
                0x00000150       0x18 .\CortexM3\ARM_GCC_541\Debug\cymetadata.o
 .debug_aranges
                0x00000168       0x48 .\CortexM3\ARM_GCC_541\Debug\Cm3Start.o
 .debug_aranges
                0x000001b0       0x98 .\CortexM3\ARM_GCC_541\Debug\Motorstyring.a(Motorpwm_right.o)
 .debug_aranges
                0x00000248       0x98 .\CortexM3\ARM_GCC_541\Debug\Motorstyring.a(Motorpwm_Left.o)
 .debug_aranges
                0x000002e0       0x28 .\CortexM3\ARM_GCC_541\Debug\Motorstyring.a(mode.o)
 .debug_aranges
                0x00000308       0xa8 .\CortexM3\ARM_GCC_541\Debug\Motorstyring.a(ADC_calR.o)
 .debug_aranges
                0x000003b0       0x20 .\CortexM3\ARM_GCC_541\Debug\Motorstyring.a(ADC_calR_INT.o)
 .debug_aranges
                0x000003d0       0xa8 .\CortexM3\ARM_GCC_541\Debug\Motorstyring.a(ADC_calL.o)
 .debug_aranges
                0x00000478       0x20 .\CortexM3\ARM_GCC_541\Debug\Motorstyring.a(ADC_calL_INT.o)
 .debug_aranges
                0x00000498       0xe0 .\CortexM3\ARM_GCC_541\Debug\Motorstyring.a(SPIS_1.o)
 .debug_aranges
                0x00000578       0x28 .\CortexM3\ARM_GCC_541\Debug\Motorstyring.a(SPIS_1_INT.o)
 .debug_aranges
                0x000005a0       0xf0 .\CortexM3\ARM_GCC_541\Debug\Motorstyring.a(UART_1.o)
 .debug_aranges
                0x00000690       0x80 .\CortexM3\ARM_GCC_541\Debug\Motorstyring.a(ISR_SLAVE_RX.o)
 .debug_aranges
                0x00000710       0x80 .\CortexM3\ARM_GCC_541\Debug\Motorstyring.a(UART_rx.o)
 .debug_aranges
                0x00000790       0x38 .\CortexM3\ARM_GCC_541\Debug\Motorstyring.a(I2C_Master.o)
 .debug_aranges
                0x000007c8       0x20 .\CortexM3\ARM_GCC_541\Debug\Motorstyring.a(I2C_Master_INT.o)
 .debug_aranges
                0x000007e8       0x38 .\CortexM3\ARM_GCC_541\Debug\Motorstyring.a(I2C_Master_PM.o)
 .debug_aranges
                0x00000820       0x80 .\CortexM3\ARM_GCC_541\Debug\Motorstyring.a(I2C_Master_MASTER.o)
 .debug_aranges
                0x000008a0       0x80 .\CortexM3\ARM_GCC_541\Debug\Motorstyring.a(ADC_calR_theACLK.o)
 .debug_aranges
                0x00000920       0x80 .\CortexM3\ARM_GCC_541\Debug\Motorstyring.a(ADC_calL_theACLK.o)
 .debug_aranges
                0x000009a0       0x70 .\CortexM3\ARM_GCC_541\Debug\Motorstyring.a(UART_1_IntClock.o)
 .debug_aranges
                0x00000a10      0x2a0 .\CortexM3\ARM_GCC_541\Debug\Motorstyring.a(CyLib.o)
 .debug_aranges
                0x00000cb0       0x98 .\CortexM3\ARM_GCC_541\Debug\Motorstyring.a(cyPm.o)
 .debug_aranges
                0x00000d48       0x38 .\CortexM3\ARM_GCC_541\Debug\Motorstyring.a(sonarOutput.o)
 .debug_aranges
                0x00000d80       0x28 .\CortexM3\ARM_GCC_541\Debug\Motorstyring.a(Stepper_control.o)
 .debug_aranges
                0x00000da8       0x28 .\CortexM3\ARM_GCC_541\Debug\Motorstyring.a(Steps_1.o)
 .debug_aranges
                0x00000dd0       0x20 .\CortexM3\ARM_GCC_541\Debug\Motorstyring.a(CyBootAsmGnu.o)
 .debug_aranges
                0x00000df0       0x88 .\CortexM3\ARM_GCC_541\Debug\Motorstyring.a(CyFlash.o)
 .debug_aranges
                0x00000e78       0x80 .\CortexM3\ARM_GCC_541\Debug\Motorstyring.a(CySpc.o)

.debug_pubnames
 *(.debug_pubnames)

.debug_info     0x00000000     0x7d69
 *(.debug_info .gnu.linkonce.wi.*)
 .debug_info    0x00000000      0x52d .\CortexM3\ARM_GCC_541\Debug\main.o
 .debug_info    0x0000052d      0x4ca .\CortexM3\ARM_GCC_541\Debug\motorStyring.o
 .debug_info    0x000009f7      0x292 .\CortexM3\ARM_GCC_541\Debug\sonar.o
 .debug_info    0x00000c89      0x1a6 .\CortexM3\ARM_GCC_541\Debug\opsamlerStyring.o
 .debug_info    0x00000e2f      0x618 .\CortexM3\ARM_GCC_541\Debug\cyfitter_cfg.o
 .debug_info    0x00001447      0x139 .\CortexM3\ARM_GCC_541\Debug\cymetadata.o
 .debug_info    0x00001580      0x3bb .\CortexM3\ARM_GCC_541\Debug\Cm3Start.o
 .debug_info    0x0000193b      0x333 .\CortexM3\ARM_GCC_541\Debug\Motorstyring.a(Motorpwm_right.o)
 .debug_info    0x00001c6e      0x333 .\CortexM3\ARM_GCC_541\Debug\Motorstyring.a(Motorpwm_Left.o)
 .debug_info    0x00001fa1       0xd6 .\CortexM3\ARM_GCC_541\Debug\Motorstyring.a(mode.o)
 .debug_info    0x00002077      0x5c0 .\CortexM3\ARM_GCC_541\Debug\Motorstyring.a(ADC_calR.o)
 .debug_info    0x00002637       0x92 .\CortexM3\ARM_GCC_541\Debug\Motorstyring.a(ADC_calR_INT.o)
 .debug_info    0x000026c9      0x5c0 .\CortexM3\ARM_GCC_541\Debug\Motorstyring.a(ADC_calL.o)
 .debug_info    0x00002c89       0x92 .\CortexM3\ARM_GCC_541\Debug\Motorstyring.a(ADC_calL_INT.o)
 .debug_info    0x00002d1b      0x518 .\CortexM3\ARM_GCC_541\Debug\Motorstyring.a(SPIS_1.o)
 .debug_info    0x00003233       0xb1 .\CortexM3\ARM_GCC_541\Debug\Motorstyring.a(SPIS_1_INT.o)
 .debug_info    0x000032e4      0x60c .\CortexM3\ARM_GCC_541\Debug\Motorstyring.a(UART_1.o)
 .debug_info    0x000038f0      0x2d2 .\CortexM3\ARM_GCC_541\Debug\Motorstyring.a(ISR_SLAVE_RX.o)
 .debug_info    0x00003bc2      0x2d2 .\CortexM3\ARM_GCC_541\Debug\Motorstyring.a(UART_rx.o)
 .debug_info    0x00003e94      0x2ad .\CortexM3\ARM_GCC_541\Debug\Motorstyring.a(I2C_Master.o)
 .debug_info    0x00004141      0x184 .\CortexM3\ARM_GCC_541\Debug\Motorstyring.a(I2C_Master_INT.o)
 .debug_info    0x000042c5      0x207 .\CortexM3\ARM_GCC_541\Debug\Motorstyring.a(I2C_Master_PM.o)
 .debug_info    0x000044cc      0x407 .\CortexM3\ARM_GCC_541\Debug\Motorstyring.a(I2C_Master_MASTER.o)
 .debug_info    0x000048d3      0x2c4 .\CortexM3\ARM_GCC_541\Debug\Motorstyring.a(ADC_calR_theACLK.o)
 .debug_info    0x00004b97      0x2c4 .\CortexM3\ARM_GCC_541\Debug\Motorstyring.a(ADC_calL_theACLK.o)
 .debug_info    0x00004e5b      0x283 .\CortexM3\ARM_GCC_541\Debug\Motorstyring.a(UART_1_IntClock.o)
 .debug_info    0x000050de     0x1374 .\CortexM3\ARM_GCC_541\Debug\Motorstyring.a(CyLib.o)
 .debug_info    0x00006452      0xa2a .\CortexM3\ARM_GCC_541\Debug\Motorstyring.a(cyPm.o)
 .debug_info    0x00006e7c      0x11f .\CortexM3\ARM_GCC_541\Debug\Motorstyring.a(sonarOutput.o)
 .debug_info    0x00006f9b       0xd6 .\CortexM3\ARM_GCC_541\Debug\Motorstyring.a(Stepper_control.o)
 .debug_info    0x00007071       0xd6 .\CortexM3\ARM_GCC_541\Debug\Motorstyring.a(Steps_1.o)
 .debug_info    0x00007147       0x85 .\CortexM3\ARM_GCC_541\Debug\Motorstyring.a(CyBootAsmGnu.o)
 .debug_info    0x000071cc      0x64d .\CortexM3\ARM_GCC_541\Debug\Motorstyring.a(CyFlash.o)
 .debug_info    0x00007819      0x550 .\CortexM3\ARM_GCC_541\Debug\Motorstyring.a(CySpc.o)

.debug_abbrev   0x00000000     0x2528
 *(.debug_abbrev)
 .debug_abbrev  0x00000000      0x127 .\CortexM3\ARM_GCC_541\Debug\main.o
 .debug_abbrev  0x00000127       0xd0 .\CortexM3\ARM_GCC_541\Debug\motorStyring.o
 .debug_abbrev  0x000001f7       0xee .\CortexM3\ARM_GCC_541\Debug\sonar.o
 .debug_abbrev  0x000002e5       0xc3 .\CortexM3\ARM_GCC_541\Debug\opsamlerStyring.o
 .debug_abbrev  0x000003a8      0x20d .\CortexM3\ARM_GCC_541\Debug\cyfitter_cfg.o
 .debug_abbrev  0x000005b5       0x77 .\CortexM3\ARM_GCC_541\Debug\cymetadata.o
 .debug_abbrev  0x0000062c      0x1e8 .\CortexM3\ARM_GCC_541\Debug\Cm3Start.o
 .debug_abbrev  0x00000814      0x133 .\CortexM3\ARM_GCC_541\Debug\Motorstyring.a(Motorpwm_right.o)
 .debug_abbrev  0x00000947      0x133 .\CortexM3\ARM_GCC_541\Debug\Motorstyring.a(Motorpwm_Left.o)
 .debug_abbrev  0x00000a7a       0x81 .\CortexM3\ARM_GCC_541\Debug\Motorstyring.a(mode.o)
 .debug_abbrev  0x00000afb      0x1ac .\CortexM3\ARM_GCC_541\Debug\Motorstyring.a(ADC_calR.o)
 .debug_abbrev  0x00000ca7       0x42 .\CortexM3\ARM_GCC_541\Debug\Motorstyring.a(ADC_calR_INT.o)
 .debug_abbrev  0x00000ce9      0x1ac .\CortexM3\ARM_GCC_541\Debug\Motorstyring.a(ADC_calL.o)
 .debug_abbrev  0x00000e95       0x42 .\CortexM3\ARM_GCC_541\Debug\Motorstyring.a(ADC_calL_INT.o)
 .debug_abbrev  0x00000ed7      0x15f .\CortexM3\ARM_GCC_541\Debug\Motorstyring.a(SPIS_1.o)
 .debug_abbrev  0x00001036       0x42 .\CortexM3\ARM_GCC_541\Debug\Motorstyring.a(SPIS_1_INT.o)
 .debug_abbrev  0x00001078      0x175 .\CortexM3\ARM_GCC_541\Debug\Motorstyring.a(UART_1.o)
 .debug_abbrev  0x000011ed      0x173 .\CortexM3\ARM_GCC_541\Debug\Motorstyring.a(ISR_SLAVE_RX.o)
 .debug_abbrev  0x00001360      0x173 .\CortexM3\ARM_GCC_541\Debug\Motorstyring.a(UART_rx.o)
 .debug_abbrev  0x000014d3      0x10a .\CortexM3\ARM_GCC_541\Debug\Motorstyring.a(I2C_Master.o)
 .debug_abbrev  0x000015dd       0xb6 .\CortexM3\ARM_GCC_541\Debug\Motorstyring.a(I2C_Master_INT.o)
 .debug_abbrev  0x00001693       0xfe .\CortexM3\ARM_GCC_541\Debug\Motorstyring.a(I2C_Master_PM.o)
 .debug_abbrev  0x00001791      0x13c .\CortexM3\ARM_GCC_541\Debug\Motorstyring.a(I2C_Master_MASTER.o)
 .debug_abbrev  0x000018cd      0x121 .\CortexM3\ARM_GCC_541\Debug\Motorstyring.a(ADC_calR_theACLK.o)
 .debug_abbrev  0x000019ee      0x121 .\CortexM3\ARM_GCC_541\Debug\Motorstyring.a(ADC_calL_theACLK.o)
 .debug_abbrev  0x00001b0f      0x139 .\CortexM3\ARM_GCC_541\Debug\Motorstyring.a(UART_1_IntClock.o)
 .debug_abbrev  0x00001c48      0x254 .\CortexM3\ARM_GCC_541\Debug\Motorstyring.a(CyLib.o)
 .debug_abbrev  0x00001e9c      0x1ab .\CortexM3\ARM_GCC_541\Debug\Motorstyring.a(cyPm.o)
 .debug_abbrev  0x00002047       0x90 .\CortexM3\ARM_GCC_541\Debug\Motorstyring.a(sonarOutput.o)
 .debug_abbrev  0x000020d7       0x81 .\CortexM3\ARM_GCC_541\Debug\Motorstyring.a(Stepper_control.o)
 .debug_abbrev  0x00002158       0x81 .\CortexM3\ARM_GCC_541\Debug\Motorstyring.a(Steps_1.o)
 .debug_abbrev  0x000021d9       0x14 .\CortexM3\ARM_GCC_541\Debug\Motorstyring.a(CyBootAsmGnu.o)
 .debug_abbrev  0x000021ed      0x1a7 .\CortexM3\ARM_GCC_541\Debug\Motorstyring.a(CyFlash.o)
 .debug_abbrev  0x00002394      0x194 .\CortexM3\ARM_GCC_541\Debug\Motorstyring.a(CySpc.o)

.debug_line     0x00000000     0x39a8
 *(.debug_line)
 .debug_line    0x00000000      0x2c7 .\CortexM3\ARM_GCC_541\Debug\main.o
 .debug_line    0x000002c7      0x22f .\CortexM3\ARM_GCC_541\Debug\motorStyring.o
 .debug_line    0x000004f6      0x1ad .\CortexM3\ARM_GCC_541\Debug\sonar.o
 .debug_line    0x000006a3      0x1b4 .\CortexM3\ARM_GCC_541\Debug\opsamlerStyring.o
 .debug_line    0x00000857      0x210 .\CortexM3\ARM_GCC_541\Debug\cyfitter_cfg.o
 .debug_line    0x00000a67      0x141 .\CortexM3\ARM_GCC_541\Debug\cymetadata.o
 .debug_line    0x00000ba8      0x234 .\CortexM3\ARM_GCC_541\Debug\Cm3Start.o
 .debug_line    0x00000ddc      0x18e .\CortexM3\ARM_GCC_541\Debug\Motorstyring.a(Motorpwm_right.o)
 .debug_line    0x00000f6a      0x18d .\CortexM3\ARM_GCC_541\Debug\Motorstyring.a(Motorpwm_Left.o)
 .debug_line    0x000010f7       0x6c .\CortexM3\ARM_GCC_541\Debug\Motorstyring.a(mode.o)
 .debug_line    0x00001163      0x21e .\CortexM3\ARM_GCC_541\Debug\Motorstyring.a(ADC_calR.o)
 .debug_line    0x00001381       0x55 .\CortexM3\ARM_GCC_541\Debug\Motorstyring.a(ADC_calR_INT.o)
 .debug_line    0x000013d6      0x21e .\CortexM3\ARM_GCC_541\Debug\Motorstyring.a(ADC_calL.o)
 .debug_line    0x000015f4       0x55 .\CortexM3\ARM_GCC_541\Debug\Motorstyring.a(ADC_calL_INT.o)
 .debug_line    0x00001649      0x24e .\CortexM3\ARM_GCC_541\Debug\Motorstyring.a(SPIS_1.o)
 .debug_line    0x00001897       0x63 .\CortexM3\ARM_GCC_541\Debug\Motorstyring.a(SPIS_1_INT.o)
 .debug_line    0x000018fa      0x2c0 .\CortexM3\ARM_GCC_541\Debug\Motorstyring.a(UART_1.o)
 .debug_line    0x00001bba      0x139 .\CortexM3\ARM_GCC_541\Debug\Motorstyring.a(ISR_SLAVE_RX.o)
 .debug_line    0x00001cf3      0x134 .\CortexM3\ARM_GCC_541\Debug\Motorstyring.a(UART_rx.o)
 .debug_line    0x00001e27       0xee .\CortexM3\ARM_GCC_541\Debug\Motorstyring.a(I2C_Master.o)
 .debug_line    0x00001f15      0x122 .\CortexM3\ARM_GCC_541\Debug\Motorstyring.a(I2C_Master_INT.o)
 .debug_line    0x00002037       0xc9 .\CortexM3\ARM_GCC_541\Debug\Motorstyring.a(I2C_Master_PM.o)
 .debug_line    0x00002100      0x20b .\CortexM3\ARM_GCC_541\Debug\Motorstyring.a(I2C_Master_MASTER.o)
 .debug_line    0x0000230b      0x1a2 .\CortexM3\ARM_GCC_541\Debug\Motorstyring.a(ADC_calR_theACLK.o)
 .debug_line    0x000024ad      0x1a2 .\CortexM3\ARM_GCC_541\Debug\Motorstyring.a(ADC_calL_theACLK.o)
 .debug_line    0x0000264f      0x17e .\CortexM3\ARM_GCC_541\Debug\Motorstyring.a(UART_1_IntClock.o)
 .debug_line    0x000027cd      0x816 .\CortexM3\ARM_GCC_541\Debug\Motorstyring.a(CyLib.o)
 .debug_line    0x00002fe3      0x367 .\CortexM3\ARM_GCC_541\Debug\Motorstyring.a(cyPm.o)
 .debug_line    0x0000334a       0x98 .\CortexM3\ARM_GCC_541\Debug\Motorstyring.a(sonarOutput.o)
 .debug_line    0x000033e2       0x77 .\CortexM3\ARM_GCC_541\Debug\Motorstyring.a(Stepper_control.o)
 .debug_line    0x00003459       0x6f .\CortexM3\ARM_GCC_541\Debug\Motorstyring.a(Steps_1.o)
 .debug_line    0x000034c8       0x66 .\CortexM3\ARM_GCC_541\Debug\Motorstyring.a(CyBootAsmGnu.o)
 .debug_line    0x0000352e      0x21a .\CortexM3\ARM_GCC_541\Debug\Motorstyring.a(CyFlash.o)
 .debug_line    0x00003748      0x260 .\CortexM3\ARM_GCC_541\Debug\Motorstyring.a(CySpc.o)

.debug_frame    0x00000000     0x27a8
 *(.debug_frame)
 .debug_frame   0x00000000       0xa0 .\CortexM3\ARM_GCC_541\Debug\main.o
 .debug_frame   0x000000a0      0x12c .\CortexM3\ARM_GCC_541\Debug\motorStyring.o
 .debug_frame   0x000001cc       0x48 .\CortexM3\ARM_GCC_541\Debug\sonar.o
 .debug_frame   0x00000214       0x80 .\CortexM3\ARM_GCC_541\Debug\opsamlerStyring.o
 .debug_frame   0x00000294       0xfc .\CortexM3\ARM_GCC_541\Debug\cyfitter_cfg.o
 .debug_frame   0x00000390       0xb8 .\CortexM3\ARM_GCC_541\Debug\Cm3Start.o
 .debug_frame   0x00000448      0x134 .\CortexM3\ARM_GCC_541\Debug\Motorstyring.a(Motorpwm_right.o)
 .debug_frame   0x0000057c      0x134 .\CortexM3\ARM_GCC_541\Debug\Motorstyring.a(Motorpwm_Left.o)
 .debug_frame   0x000006b0       0x30 .\CortexM3\ARM_GCC_541\Debug\Motorstyring.a(mode.o)
 .debug_frame   0x000006e0      0x1b0 .\CortexM3\ARM_GCC_541\Debug\Motorstyring.a(ADC_calR.o)
 .debug_frame   0x00000890       0x20 .\CortexM3\ARM_GCC_541\Debug\Motorstyring.a(ADC_calR_INT.o)
 .debug_frame   0x000008b0      0x1b0 .\CortexM3\ARM_GCC_541\Debug\Motorstyring.a(ADC_calL.o)
 .debug_frame   0x00000a60       0x20 .\CortexM3\ARM_GCC_541\Debug\Motorstyring.a(ADC_calL_INT.o)
 .debug_frame   0x00000a80      0x1f8 .\CortexM3\ARM_GCC_541\Debug\Motorstyring.a(SPIS_1.o)
 .debug_frame   0x00000c78       0x30 .\CortexM3\ARM_GCC_541\Debug\Motorstyring.a(SPIS_1_INT.o)
 .debug_frame   0x00000ca8      0x250 .\CortexM3\ARM_GCC_541\Debug\Motorstyring.a(UART_1.o)
 .debug_frame   0x00000ef8      0x104 .\CortexM3\ARM_GCC_541\Debug\Motorstyring.a(ISR_SLAVE_RX.o)
 .debug_frame   0x00000ffc      0x104 .\CortexM3\ARM_GCC_541\Debug\Motorstyring.a(UART_rx.o)
 .debug_frame   0x00001100       0x94 .\CortexM3\ARM_GCC_541\Debug\Motorstyring.a(I2C_Master.o)
 .debug_frame   0x00001194       0x30 .\CortexM3\ARM_GCC_541\Debug\Motorstyring.a(I2C_Master_INT.o)
 .debug_frame   0x000011c4       0x74 .\CortexM3\ARM_GCC_541\Debug\Motorstyring.a(I2C_Master_PM.o)
 .debug_frame   0x00001238      0x138 .\CortexM3\ARM_GCC_541\Debug\Motorstyring.a(I2C_Master_MASTER.o)
 .debug_frame   0x00001370      0x100 .\CortexM3\ARM_GCC_541\Debug\Motorstyring.a(ADC_calR_theACLK.o)
 .debug_frame   0x00001470      0x100 .\CortexM3\ARM_GCC_541\Debug\Motorstyring.a(ADC_calL_theACLK.o)
 .debug_frame   0x00001570       0xe0 .\CortexM3\ARM_GCC_541\Debug\Motorstyring.a(UART_1_IntClock.o)
 .debug_frame   0x00001650      0x738 .\CortexM3\ARM_GCC_541\Debug\Motorstyring.a(CyLib.o)
 .debug_frame   0x00001d88      0x1f8 .\CortexM3\ARM_GCC_541\Debug\Motorstyring.a(cyPm.o)
 .debug_frame   0x00001f80       0x50 .\CortexM3\ARM_GCC_541\Debug\Motorstyring.a(sonarOutput.o)
 .debug_frame   0x00001fd0       0x30 .\CortexM3\ARM_GCC_541\Debug\Motorstyring.a(Stepper_control.o)
 .debug_frame   0x00002000       0x30 .\CortexM3\ARM_GCC_541\Debug\Motorstyring.a(Steps_1.o)
 .debug_frame   0x00002030      0x194 .\CortexM3\ARM_GCC_541\Debug\Motorstyring.a(CyFlash.o)
 .debug_frame   0x000021c4      0x180 .\CortexM3\ARM_GCC_541\Debug\Motorstyring.a(CySpc.o)
 .debug_frame   0x00002344       0x44 c:/program files (x86)/cypress/psoc creator/4.2/psoc creator/import/gnu/arm/5.4.1/bin/../lib/gcc/arm-none-eabi/5.4.1/armv7-m\libgcc.a(_aeabi_ldivmod.o)
 .debug_frame   0x00002388       0x38 c:/program files (x86)/cypress/psoc creator/4.2/psoc creator/import/gnu/arm/5.4.1/bin/../lib/gcc/arm-none-eabi/5.4.1/armv7-m\libgcc.a(_udivmoddi4.o)
 .debug_frame   0x000023c0       0x20 c:/program files (x86)/cypress/psoc creator/4.2/psoc creator/import/gnu/arm/5.4.1/bin/../lib/gcc/arm-none-eabi/5.4.1/../../../../arm-none-eabi/lib/armv7-m\libg_nano.a(lib_a-errno.o)
 .debug_frame   0x000023e0       0x28 c:/program files (x86)/cypress/psoc creator/4.2/psoc creator/import/gnu/arm/5.4.1/bin/../lib/gcc/arm-none-eabi/5.4.1/../../../../arm-none-eabi/lib/armv7-m\libg_nano.a(lib_a-exit.o)
 .debug_frame   0x00002408       0x2c c:/program files (x86)/cypress/psoc creator/4.2/psoc creator/import/gnu/arm/5.4.1/bin/../lib/gcc/arm-none-eabi/5.4.1/../../../../arm-none-eabi/lib/armv7-m\libg_nano.a(lib_a-init.o)
 .debug_frame   0x00002434       0x28 c:/program files (x86)/cypress/psoc creator/4.2/psoc creator/import/gnu/arm/5.4.1/bin/../lib/gcc/arm-none-eabi/5.4.1/../../../../arm-none-eabi/lib/armv7-m\libg_nano.a(lib_a-memcpy-stub.o)
 .debug_frame   0x0000245c       0x20 c:/program files (x86)/cypress/psoc creator/4.2/psoc creator/import/gnu/arm/5.4.1/bin/../lib/gcc/arm-none-eabi/5.4.1/../../../../arm-none-eabi/lib/armv7-m\libg_nano.a(lib_a-memset.o)
 .debug_frame   0x0000247c       0x74 c:/program files (x86)/cypress/psoc creator/4.2/psoc creator/import/gnu/arm/5.4.1/bin/../lib/gcc/arm-none-eabi/5.4.1/../../../../arm-none-eabi/lib/armv7-m\libg_nano.a(lib_a-snprintf.o)
 .debug_frame   0x000024f0       0x90 c:/program files (x86)/cypress/psoc creator/4.2/psoc creator/import/gnu/arm/5.4.1/bin/../lib/gcc/arm-none-eabi/5.4.1/../../../../arm-none-eabi/lib/armv7-m\libg_nano.a(lib_a-nano-svfprintf.o)
 .debug_frame   0x00002580       0x60 c:/program files (x86)/cypress/psoc creator/4.2/psoc creator/import/gnu/arm/5.4.1/bin/../lib/gcc/arm-none-eabi/5.4.1/../../../../arm-none-eabi/lib/armv7-m\libg_nano.a(lib_a-nano-vfprintf_i.o)
 .debug_frame   0x000025e0       0x28 c:/program files (x86)/cypress/psoc creator/4.2/psoc creator/import/gnu/arm/5.4.1/bin/../lib/gcc/arm-none-eabi/5.4.1/../../../../arm-none-eabi/lib/armv7-m\libg_nano.a(lib_a-memchr-stub.o)
 .debug_frame   0x00002608       0x28 c:/program files (x86)/cypress/psoc creator/4.2/psoc creator/import/gnu/arm/5.4.1/bin/../lib/gcc/arm-none-eabi/5.4.1/../../../../arm-none-eabi/lib/armv7-m\libg_nano.a(lib_a-memmove.o)
 .debug_frame   0x00002630       0x38 c:/program files (x86)/cypress/psoc creator/4.2/psoc creator/import/gnu/arm/5.4.1/bin/../lib/gcc/arm-none-eabi/5.4.1/../../../../arm-none-eabi/lib/armv7-m\libg_nano.a(lib_a-nano-freer.o)
 .debug_frame   0x00002668       0x2c c:/program files (x86)/cypress/psoc creator/4.2/psoc creator/import/gnu/arm/5.4.1/bin/../lib/gcc/arm-none-eabi/5.4.1/../../../../arm-none-eabi/lib/armv7-m\libg_nano.a(lib_a-nano-mallocr.o)
 .debug_frame   0x00002694       0x3c c:/program files (x86)/cypress/psoc creator/4.2/psoc creator/import/gnu/arm/5.4.1/bin/../lib/gcc/arm-none-eabi/5.4.1/../../../../arm-none-eabi/lib/armv7-m\libg_nano.a(lib_a-nano-reallocr.o)
 .debug_frame   0x000026d0       0x2c c:/program files (x86)/cypress/psoc creator/4.2/psoc creator/import/gnu/arm/5.4.1/bin/../lib/gcc/arm-none-eabi/5.4.1/../../../../arm-none-eabi/lib/armv7-m\libg_nano.a(lib_a-sbrkr.o)
 .debug_frame   0x000026fc       0x30 c:/program files (x86)/cypress/psoc creator/4.2/psoc creator/import/gnu/arm/5.4.1/bin/../lib/gcc/arm-none-eabi/5.4.1/../../../../arm-none-eabi/lib/armv7-m\libg_nano.a(lib_a-mlock.o)
 .debug_frame   0x0000272c       0x20 c:/program files (x86)/cypress/psoc creator/4.2/psoc creator/import/gnu/arm/5.4.1/bin/../lib/gcc/arm-none-eabi/5.4.1/../../../../arm-none-eabi/lib/armv7-m\libg_nano.a(lib_a-nano-msizer.o)
 .debug_frame   0x0000274c       0x5c c:/program files (x86)/cypress/psoc creator/4.2/psoc creator/import/gnu/arm/5.4.1/bin/../lib/gcc/arm-none-eabi/5.4.1/../../../../arm-none-eabi/lib/armv7-m\libg_nano.a(lib_a-reent.o)

.debug_str      0x00000000     0x2fa5
 *(.debug_str)
 .debug_str     0x00000000      0x352 .\CortexM3\ARM_GCC_541\Debug\main.o
                                0x3a7 (size before relaxing)
 .debug_str     0x00000352      0x13e .\CortexM3\ARM_GCC_541\Debug\motorStyring.o
                                0x301 (size before relaxing)
 .debug_str     0x00000490       0xe2 .\CortexM3\ARM_GCC_541\Debug\sonar.o
                                0x2a5 (size before relaxing)
 .debug_str     0x00000572       0x3c .\CortexM3\ARM_GCC_541\Debug\opsamlerStyring.o
                                0x20f (size before relaxing)
 .debug_str     0x000005ae      0x1bf .\CortexM3\ARM_GCC_541\Debug\cyfitter_cfg.o
                                0x343 (size before relaxing)
 .debug_str     0x0000076d       0x75 .\CortexM3\ARM_GCC_541\Debug\cymetadata.o
                                0x1d9 (size before relaxing)
 .debug_str     0x000007e2      0x13f .\CortexM3\ARM_GCC_541\Debug\Cm3Start.o
                                0x2ff (size before relaxing)
 .debug_str     0x00000921      0x231 .\CortexM3\ARM_GCC_541\Debug\Motorstyring.a(Motorpwm_right.o)
                                0x3f1 (size before relaxing)
 .debug_str     0x00000b52      0x1bb .\CortexM3\ARM_GCC_541\Debug\Motorstyring.a(Motorpwm_Left.o)
                                0x3de (size before relaxing)
 .debug_str     0x00000d0d       0x28 .\CortexM3\ARM_GCC_541\Debug\Motorstyring.a(mode.o)
                                0x1a1 (size before relaxing)
 .debug_str     0x00000d35      0x256 .\CortexM3\ARM_GCC_541\Debug\Motorstyring.a(ADC_calR.o)
                                0x499 (size before relaxing)
 .debug_str     0x00000f8b       0x33 .\CortexM3\ARM_GCC_541\Debug\Motorstyring.a(ADC_calR_INT.o)
                                0x18e (size before relaxing)
 .debug_str     0x00000fbe      0x1d8 .\CortexM3\ARM_GCC_541\Debug\Motorstyring.a(ADC_calL.o)
                                0x499 (size before relaxing)
 .debug_str     0x00001196       0x33 .\CortexM3\ARM_GCC_541\Debug\Motorstyring.a(ADC_calL_INT.o)
                                0x18e (size before relaxing)
 .debug_str     0x000011c9      0x233 .\CortexM3\ARM_GCC_541\Debug\Motorstyring.a(SPIS_1.o)
                                0x461 (size before relaxing)
 .debug_str     0x000013fc       0x40 .\CortexM3\ARM_GCC_541\Debug\Motorstyring.a(SPIS_1_INT.o)
                                0x1b0 (size before relaxing)
 .debug_str     0x0000143c      0x23e .\CortexM3\ARM_GCC_541\Debug\Motorstyring.a(UART_1.o)
                                0x4a8 (size before relaxing)
 .debug_str     0x0000167a      0x14b .\CortexM3\ARM_GCC_541\Debug\Motorstyring.a(ISR_SLAVE_RX.o)
                                0x2fd (size before relaxing)
 .debug_str     0x000017c5       0xf2 .\CortexM3\ARM_GCC_541\Debug\Motorstyring.a(UART_rx.o)
                                0x2b7 (size before relaxing)
 .debug_str     0x000018b7      0x12f .\CortexM3\ARM_GCC_541\Debug\Motorstyring.a(I2C_Master.o)
                                0x32a (size before relaxing)
 .debug_str     0x000019e6       0xb7 .\CortexM3\ARM_GCC_541\Debug\Motorstyring.a(I2C_Master_INT.o)
                                0x2a1 (size before relaxing)
 .debug_str     0x00001a9d       0x79 .\CortexM3\ARM_GCC_541\Debug\Motorstyring.a(I2C_Master_PM.o)
                                0x2b1 (size before relaxing)
 .debug_str     0x00001b16      0x150 .\CortexM3\ARM_GCC_541\Debug\Motorstyring.a(I2C_Master_MASTER.o)
                                0x43a (size before relaxing)
 .debug_str     0x00001c66      0x1fa .\CortexM3\ARM_GCC_541\Debug\Motorstyring.a(ADC_calR_theACLK.o)
                                0x39c (size before relaxing)
 .debug_str     0x00001e60      0x1a6 .\CortexM3\ARM_GCC_541\Debug\Motorstyring.a(ADC_calL_theACLK.o)
                                0x39c (size before relaxing)
 .debug_str     0x00002006      0x14c .\CortexM3\ARM_GCC_541\Debug\Motorstyring.a(UART_1_IntClock.o)
                                0x343 (size before relaxing)
 .debug_str     0x00002152      0x7b0 .\CortexM3\ARM_GCC_541\Debug\Motorstyring.a(CyLib.o)
                                0xa3c (size before relaxing)
 .debug_str     0x00002902      0x365 .\CortexM3\ARM_GCC_541\Debug\Motorstyring.a(cyPm.o)
                                0x728 (size before relaxing)
 .debug_str     0x00002c67       0x72 .\CortexM3\ARM_GCC_541\Debug\Motorstyring.a(sonarOutput.o)
                                0x1f5 (size before relaxing)
 .debug_str     0x00002cd9       0x3e .\CortexM3\ARM_GCC_541\Debug\Motorstyring.a(Stepper_control.o)
                                0x1c2 (size before relaxing)
 .debug_str     0x00002d17       0x2e .\CortexM3\ARM_GCC_541\Debug\Motorstyring.a(Steps_1.o)
                                0x1aa (size before relaxing)
 .debug_str     0x00002d45      0x1b4 .\CortexM3\ARM_GCC_541\Debug\Motorstyring.a(CyFlash.o)
                                0x3b5 (size before relaxing)
 .debug_str     0x00002ef9       0xac .\CortexM3\ARM_GCC_541\Debug\Motorstyring.a(CySpc.o)
                                0x32d (size before relaxing)

.debug_loc      0x00000000     0x30be
 *(.debug_loc)
 .debug_loc     0x00000000       0x60 .\CortexM3\ARM_GCC_541\Debug\main.o
 .debug_loc     0x00000060      0x258 .\CortexM3\ARM_GCC_541\Debug\motorStyring.o
 .debug_loc     0x000002b8       0x44 .\CortexM3\ARM_GCC_541\Debug\sonar.o
 .debug_loc     0x000002fc       0x42 .\CortexM3\ARM_GCC_541\Debug\opsamlerStyring.o
 .debug_loc     0x0000033e      0x27f .\CortexM3\ARM_GCC_541\Debug\cyfitter_cfg.o
 .debug_loc     0x000005bd      0x144 .\CortexM3\ARM_GCC_541\Debug\Cm3Start.o
 .debug_loc     0x00000701       0x26 .\CortexM3\ARM_GCC_541\Debug\Motorstyring.a(Motorpwm_right.o)
 .debug_loc     0x00000727       0x26 .\CortexM3\ARM_GCC_541\Debug\Motorstyring.a(Motorpwm_Left.o)
 .debug_loc     0x0000074d      0x295 .\CortexM3\ARM_GCC_541\Debug\Motorstyring.a(ADC_calR.o)
 .debug_loc     0x000009e2      0x295 .\CortexM3\ARM_GCC_541\Debug\Motorstyring.a(ADC_calL.o)
 .debug_loc     0x00000c77       0xf3 .\CortexM3\ARM_GCC_541\Debug\Motorstyring.a(SPIS_1.o)
 .debug_loc     0x00000d6a      0x258 .\CortexM3\ARM_GCC_541\Debug\Motorstyring.a(UART_1.o)
 .debug_loc     0x00000fc2       0x56 .\CortexM3\ARM_GCC_541\Debug\Motorstyring.a(ISR_SLAVE_RX.o)
 .debug_loc     0x00001018       0x56 .\CortexM3\ARM_GCC_541\Debug\Motorstyring.a(UART_rx.o)
 .debug_loc     0x0000106e       0x39 .\CortexM3\ARM_GCC_541\Debug\Motorstyring.a(I2C_Master.o)
 .debug_loc     0x000010a7       0x29 .\CortexM3\ARM_GCC_541\Debug\Motorstyring.a(I2C_Master_INT.o)
 .debug_loc     0x000010d0       0x13 .\CortexM3\ARM_GCC_541\Debug\Motorstyring.a(I2C_Master_PM.o)
 .debug_loc     0x000010e3      0x52f .\CortexM3\ARM_GCC_541\Debug\Motorstyring.a(I2C_Master_MASTER.o)
 .debug_loc     0x00001612      0x14d .\CortexM3\ARM_GCC_541\Debug\Motorstyring.a(ADC_calR_theACLK.o)
 .debug_loc     0x0000175f      0x149 .\CortexM3\ARM_GCC_541\Debug\Motorstyring.a(ADC_calL_theACLK.o)
 .debug_loc     0x000018a8      0x128 .\CortexM3\ARM_GCC_541\Debug\Motorstyring.a(UART_1_IntClock.o)
 .debug_loc     0x000019d0      0xa11 .\CortexM3\ARM_GCC_541\Debug\Motorstyring.a(CyLib.o)
 .debug_loc     0x000023e1      0x1e4 .\CortexM3\ARM_GCC_541\Debug\Motorstyring.a(cyPm.o)
 .debug_loc     0x000025c5       0x42 .\CortexM3\ARM_GCC_541\Debug\Motorstyring.a(sonarOutput.o)
 .debug_loc     0x00002607      0x3b2 .\CortexM3\ARM_GCC_541\Debug\Motorstyring.a(CyFlash.o)
 .debug_loc     0x000029b9      0x705 .\CortexM3\ARM_GCC_541\Debug\Motorstyring.a(CySpc.o)

.debug_macinfo
 *(.debug_macinfo)

.debug_ranges   0x00000000      0xcc0
 *(.debug_ranges)
 .debug_ranges  0x00000000       0x30 .\CortexM3\ARM_GCC_541\Debug\main.o
 .debug_ranges  0x00000030       0x48 .\CortexM3\ARM_GCC_541\Debug\motorStyring.o
 .debug_ranges  0x00000078       0x18 .\CortexM3\ARM_GCC_541\Debug\sonar.o
 .debug_ranges  0x00000090       0x28 .\CortexM3\ARM_GCC_541\Debug\opsamlerStyring.o
 .debug_ranges  0x000000b8       0x48 .\CortexM3\ARM_GCC_541\Debug\cyfitter_cfg.o
 .debug_ranges  0x00000100       0x38 .\CortexM3\ARM_GCC_541\Debug\Cm3Start.o
 .debug_ranges  0x00000138       0x88 .\CortexM3\ARM_GCC_541\Debug\Motorstyring.a(Motorpwm_right.o)
 .debug_ranges  0x000001c0       0x88 .\CortexM3\ARM_GCC_541\Debug\Motorstyring.a(Motorpwm_Left.o)
 .debug_ranges  0x00000248       0x18 .\CortexM3\ARM_GCC_541\Debug\Motorstyring.a(mode.o)
 .debug_ranges  0x00000260       0x98 .\CortexM3\ARM_GCC_541\Debug\Motorstyring.a(ADC_calR.o)
 .debug_ranges  0x000002f8       0x10 .\CortexM3\ARM_GCC_541\Debug\Motorstyring.a(ADC_calR_INT.o)
 .debug_ranges  0x00000308       0x98 .\CortexM3\ARM_GCC_541\Debug\Motorstyring.a(ADC_calL.o)
 .debug_ranges  0x000003a0       0x10 .\CortexM3\ARM_GCC_541\Debug\Motorstyring.a(ADC_calL_INT.o)
 .debug_ranges  0x000003b0       0xd0 .\CortexM3\ARM_GCC_541\Debug\Motorstyring.a(SPIS_1.o)
 .debug_ranges  0x00000480       0x18 .\CortexM3\ARM_GCC_541\Debug\Motorstyring.a(SPIS_1_INT.o)
 .debug_ranges  0x00000498       0xe0 .\CortexM3\ARM_GCC_541\Debug\Motorstyring.a(UART_1.o)
 .debug_ranges  0x00000578       0x70 .\CortexM3\ARM_GCC_541\Debug\Motorstyring.a(ISR_SLAVE_RX.o)
 .debug_ranges  0x000005e8       0x70 .\CortexM3\ARM_GCC_541\Debug\Motorstyring.a(UART_rx.o)
 .debug_ranges  0x00000658       0x28 .\CortexM3\ARM_GCC_541\Debug\Motorstyring.a(I2C_Master.o)
 .debug_ranges  0x00000680       0x10 .\CortexM3\ARM_GCC_541\Debug\Motorstyring.a(I2C_Master_INT.o)
 .debug_ranges  0x00000690       0x28 .\CortexM3\ARM_GCC_541\Debug\Motorstyring.a(I2C_Master_PM.o)
 .debug_ranges  0x000006b8       0x70 .\CortexM3\ARM_GCC_541\Debug\Motorstyring.a(I2C_Master_MASTER.o)
 .debug_ranges  0x00000728       0x70 .\CortexM3\ARM_GCC_541\Debug\Motorstyring.a(ADC_calR_theACLK.o)
 .debug_ranges  0x00000798       0x70 .\CortexM3\ARM_GCC_541\Debug\Motorstyring.a(ADC_calL_theACLK.o)
 .debug_ranges  0x00000808       0x60 .\CortexM3\ARM_GCC_541\Debug\Motorstyring.a(UART_1_IntClock.o)
 .debug_ranges  0x00000868      0x290 .\CortexM3\ARM_GCC_541\Debug\Motorstyring.a(CyLib.o)
 .debug_ranges  0x00000af8       0x88 .\CortexM3\ARM_GCC_541\Debug\Motorstyring.a(cyPm.o)
 .debug_ranges  0x00000b80       0x28 .\CortexM3\ARM_GCC_541\Debug\Motorstyring.a(sonarOutput.o)
 .debug_ranges  0x00000ba8       0x18 .\CortexM3\ARM_GCC_541\Debug\Motorstyring.a(Stepper_control.o)
 .debug_ranges  0x00000bc0       0x18 .\CortexM3\ARM_GCC_541\Debug\Motorstyring.a(Steps_1.o)
 .debug_ranges  0x00000bd8       0x78 .\CortexM3\ARM_GCC_541\Debug\Motorstyring.a(CyFlash.o)
 .debug_ranges  0x00000c50       0x70 .\CortexM3\ARM_GCC_541\Debug\Motorstyring.a(CySpc.o)

.comment        0x00000000       0x6e
 .comment       0x00000000       0x6e .\CortexM3\ARM_GCC_541\Debug\main.o
                                 0x6f (size before relaxing)
 .comment       0x0000006e       0x6f .\CortexM3\ARM_GCC_541\Debug\motorStyring.o
 .comment       0x0000006e       0x6f .\CortexM3\ARM_GCC_541\Debug\sonar.o
 .comment       0x0000006e       0x6f .\CortexM3\ARM_GCC_541\Debug\opsamlerStyring.o
 .comment       0x0000006e       0x6f .\CortexM3\ARM_GCC_541\Debug\cyfitter_cfg.o
 .comment       0x0000006e       0x6f .\CortexM3\ARM_GCC_541\Debug\cymetadata.o
 .comment       0x0000006e       0x6f .\CortexM3\ARM_GCC_541\Debug\Cm3Start.o
 .comment       0x0000006e       0x6f .\CortexM3\ARM_GCC_541\Debug\Motorstyring.a(Motorpwm_right.o)
 .comment       0x0000006e       0x6f .\CortexM3\ARM_GCC_541\Debug\Motorstyring.a(Motorpwm_Left.o)
 .comment       0x0000006e       0x6f .\CortexM3\ARM_GCC_541\Debug\Motorstyring.a(mode.o)
 .comment       0x0000006e       0x6f .\CortexM3\ARM_GCC_541\Debug\Motorstyring.a(ADC_calR.o)
 .comment       0x0000006e       0x6f .\CortexM3\ARM_GCC_541\Debug\Motorstyring.a(ADC_calR_INT.o)
 .comment       0x0000006e       0x6f .\CortexM3\ARM_GCC_541\Debug\Motorstyring.a(ADC_calL.o)
 .comment       0x0000006e       0x6f .\CortexM3\ARM_GCC_541\Debug\Motorstyring.a(ADC_calL_INT.o)
 .comment       0x0000006e       0x6f .\CortexM3\ARM_GCC_541\Debug\Motorstyring.a(SPIS_1.o)
 .comment       0x0000006e       0x6f .\CortexM3\ARM_GCC_541\Debug\Motorstyring.a(SPIS_1_INT.o)
 .comment       0x0000006e       0x6f .\CortexM3\ARM_GCC_541\Debug\Motorstyring.a(UART_1.o)
 .comment       0x0000006e       0x6f .\CortexM3\ARM_GCC_541\Debug\Motorstyring.a(ISR_SLAVE_RX.o)
 .comment       0x0000006e       0x6f .\CortexM3\ARM_GCC_541\Debug\Motorstyring.a(UART_rx.o)
 .comment       0x0000006e       0x6f .\CortexM3\ARM_GCC_541\Debug\Motorstyring.a(I2C_Master.o)
 .comment       0x0000006e       0x6f .\CortexM3\ARM_GCC_541\Debug\Motorstyring.a(I2C_Master_INT.o)
 .comment       0x0000006e       0x6f .\CortexM3\ARM_GCC_541\Debug\Motorstyring.a(I2C_Master_PM.o)
 .comment       0x0000006e       0x6f .\CortexM3\ARM_GCC_541\Debug\Motorstyring.a(I2C_Master_MASTER.o)
 .comment       0x0000006e       0x6f .\CortexM3\ARM_GCC_541\Debug\Motorstyring.a(ADC_calR_theACLK.o)
 .comment       0x0000006e       0x6f .\CortexM3\ARM_GCC_541\Debug\Motorstyring.a(ADC_calL_theACLK.o)
 .comment       0x0000006e       0x6f .\CortexM3\ARM_GCC_541\Debug\Motorstyring.a(UART_1_IntClock.o)
 .comment       0x0000006e       0x6f .\CortexM3\ARM_GCC_541\Debug\Motorstyring.a(CyLib.o)
 .comment       0x0000006e       0x6f .\CortexM3\ARM_GCC_541\Debug\Motorstyring.a(cyPm.o)
 .comment       0x0000006e       0x6f .\CortexM3\ARM_GCC_541\Debug\Motorstyring.a(sonarOutput.o)
 .comment       0x0000006e       0x6f .\CortexM3\ARM_GCC_541\Debug\Motorstyring.a(Stepper_control.o)
 .comment       0x0000006e       0x6f .\CortexM3\ARM_GCC_541\Debug\Motorstyring.a(Steps_1.o)
 .comment       0x0000006e       0x6f .\CortexM3\ARM_GCC_541\Debug\Motorstyring.a(CyFlash.o)
 .comment       0x0000006e       0x6f .\CortexM3\ARM_GCC_541\Debug\Motorstyring.a(CySpc.o)

.debug_weaknames
 *(.debug_weaknames)

.debug_funcnames
 *(.debug_funcnames)

.debug_typenames
 *(.debug_typenames)

.debug_varnames
 *(.debug_varnames)

.note.gnu.arm.ident
 *(.note.gnu.arm.ident)

.ARM.attributes
                0x00000000       0x29
 *(.ARM.attributes)
 .ARM.attributes
                0x00000000       0x1d c:/program files (x86)/cypress/psoc creator/4.2/psoc creator/import/gnu/arm/5.4.1/bin/../lib/gcc/arm-none-eabi/5.4.1/armv7-m/crti.o
 .ARM.attributes
                0x0000001d       0x2d c:/program files (x86)/cypress/psoc creator/4.2/psoc creator/import/gnu/arm/5.4.1/bin/../lib/gcc/arm-none-eabi/5.4.1/armv7-m/crtbegin.o
 .ARM.attributes
                0x0000004a       0x1b c:/program files (x86)/cypress/psoc creator/4.2/psoc creator/import/gnu/arm/5.4.1/bin/../lib/gcc/arm-none-eabi/5.4.1/../../../../arm-none-eabi/lib/armv7-m/crt0.o
 .ARM.attributes
                0x00000065       0x33 .\CortexM3\ARM_GCC_541\Debug\main.o
 .ARM.attributes
                0x00000098       0x33 .\CortexM3\ARM_GCC_541\Debug\motorStyring.o
 .ARM.attributes
                0x000000cb       0x33 .\CortexM3\ARM_GCC_541\Debug\sonar.o
 .ARM.attributes
                0x000000fe       0x33 .\CortexM3\ARM_GCC_541\Debug\opsamlerStyring.o
 .ARM.attributes
                0x00000131       0x33 .\CortexM3\ARM_GCC_541\Debug\cyfitter_cfg.o
 .ARM.attributes
                0x00000164       0x33 .\CortexM3\ARM_GCC_541\Debug\cymetadata.o
 .ARM.attributes
                0x00000197       0x33 .\CortexM3\ARM_GCC_541\Debug\Cm3Start.o
 .ARM.attributes
                0x000001ca       0x33 .\CortexM3\ARM_GCC_541\Debug\Motorstyring.a(Motorpwm_right.o)
 .ARM.attributes
                0x000001fd       0x33 .\CortexM3\ARM_GCC_541\Debug\Motorstyring.a(Motorpwm_Left.o)
 .ARM.attributes
                0x00000230       0x33 .\CortexM3\ARM_GCC_541\Debug\Motorstyring.a(mode.o)
 .ARM.attributes
                0x00000263       0x33 .\CortexM3\ARM_GCC_541\Debug\Motorstyring.a(ADC_calR.o)
 .ARM.attributes
                0x00000296       0x33 .\CortexM3\ARM_GCC_541\Debug\Motorstyring.a(ADC_calR_INT.o)
 .ARM.attributes
                0x000002c9       0x33 .\CortexM3\ARM_GCC_541\Debug\Motorstyring.a(ADC_calL.o)
 .ARM.attributes
                0x000002fc       0x33 .\CortexM3\ARM_GCC_541\Debug\Motorstyring.a(ADC_calL_INT.o)
 .ARM.attributes
                0x0000032f       0x33 .\CortexM3\ARM_GCC_541\Debug\Motorstyring.a(SPIS_1.o)
 .ARM.attributes
                0x00000362       0x33 .\CortexM3\ARM_GCC_541\Debug\Motorstyring.a(SPIS_1_INT.o)
 .ARM.attributes
                0x00000395       0x33 .\CortexM3\ARM_GCC_541\Debug\Motorstyring.a(UART_1.o)
 .ARM.attributes
                0x000003c8       0x33 .\CortexM3\ARM_GCC_541\Debug\Motorstyring.a(ISR_SLAVE_RX.o)
 .ARM.attributes
                0x000003fb       0x33 .\CortexM3\ARM_GCC_541\Debug\Motorstyring.a(UART_rx.o)
 .ARM.attributes
                0x0000042e       0x33 .\CortexM3\ARM_GCC_541\Debug\Motorstyring.a(I2C_Master.o)
 .ARM.attributes
                0x00000461       0x33 .\CortexM3\ARM_GCC_541\Debug\Motorstyring.a(I2C_Master_INT.o)
 .ARM.attributes
                0x00000494       0x33 .\CortexM3\ARM_GCC_541\Debug\Motorstyring.a(I2C_Master_PM.o)
 .ARM.attributes
                0x000004c7       0x33 .\CortexM3\ARM_GCC_541\Debug\Motorstyring.a(I2C_Master_MASTER.o)
 .ARM.attributes
                0x000004fa       0x33 .\CortexM3\ARM_GCC_541\Debug\Motorstyring.a(ADC_calR_theACLK.o)
 .ARM.attributes
                0x0000052d       0x33 .\CortexM3\ARM_GCC_541\Debug\Motorstyring.a(ADC_calL_theACLK.o)
 .ARM.attributes
                0x00000560       0x33 .\CortexM3\ARM_GCC_541\Debug\Motorstyring.a(UART_1_IntClock.o)
 .ARM.attributes
                0x00000593       0x33 .\CortexM3\ARM_GCC_541\Debug\Motorstyring.a(CyLib.o)
 .ARM.attributes
                0x000005c6       0x33 .\CortexM3\ARM_GCC_541\Debug\Motorstyring.a(cyPm.o)
 .ARM.attributes
                0x000005f9       0x33 .\CortexM3\ARM_GCC_541\Debug\Motorstyring.a(sonarOutput.o)
 .ARM.attributes
                0x0000062c       0x33 .\CortexM3\ARM_GCC_541\Debug\Motorstyring.a(Stepper_control.o)
 .ARM.attributes
                0x0000065f       0x33 .\CortexM3\ARM_GCC_541\Debug\Motorstyring.a(Steps_1.o)
 .ARM.attributes
                0x00000692       0x21 .\CortexM3\ARM_GCC_541\Debug\Motorstyring.a(CyBootAsmGnu.o)
 .ARM.attributes
                0x000006b3       0x33 .\CortexM3\ARM_GCC_541\Debug\Motorstyring.a(CyFlash.o)
 .ARM.attributes
                0x000006e6       0x33 .\CortexM3\ARM_GCC_541\Debug\Motorstyring.a(CySpc.o)
 .ARM.attributes
                0x00000719       0x1d c:/program files (x86)/cypress/psoc creator/4.2/psoc creator/import/gnu/arm/5.4.1/bin/../lib/gcc/arm-none-eabi/5.4.1/armv7-m\libgcc.a(_arm_addsubsf3.o)
 .ARM.attributes
                0x00000736       0x1d c:/program files (x86)/cypress/psoc creator/4.2/psoc creator/import/gnu/arm/5.4.1/bin/../lib/gcc/arm-none-eabi/5.4.1/armv7-m\libgcc.a(_arm_muldivsf3.o)
 .ARM.attributes
                0x00000753       0x1d c:/program files (x86)/cypress/psoc creator/4.2/psoc creator/import/gnu/arm/5.4.1/bin/../lib/gcc/arm-none-eabi/5.4.1/armv7-m\libgcc.a(_aeabi_ldivmod.o)
 .ARM.attributes
                0x00000770       0x2d c:/program files (x86)/cypress/psoc creator/4.2/psoc creator/import/gnu/arm/5.4.1/bin/../lib/gcc/arm-none-eabi/5.4.1/armv7-m\libgcc.a(_udivmoddi4.o)
 .ARM.attributes
                0x0000079d       0x1d c:/program files (x86)/cypress/psoc creator/4.2/psoc creator/import/gnu/arm/5.4.1/bin/../lib/gcc/arm-none-eabi/5.4.1/armv7-m\libgcc.a(_dvmd_tls.o)
 .ARM.attributes
                0x000007ba       0x2d c:/program files (x86)/cypress/psoc creator/4.2/psoc creator/import/gnu/arm/5.4.1/bin/../lib/gcc/arm-none-eabi/5.4.1/../../../../arm-none-eabi/lib/armv7-m\libg_nano.a(lib_a-errno.o)
 .ARM.attributes
                0x000007e7       0x2d c:/program files (x86)/cypress/psoc creator/4.2/psoc creator/import/gnu/arm/5.4.1/bin/../lib/gcc/arm-none-eabi/5.4.1/../../../../arm-none-eabi/lib/armv7-m\libg_nano.a(lib_a-exit.o)
 .ARM.attributes
                0x00000814       0x2d c:/program files (x86)/cypress/psoc creator/4.2/psoc creator/import/gnu/arm/5.4.1/bin/../lib/gcc/arm-none-eabi/5.4.1/../../../../arm-none-eabi/lib/armv7-m\libg_nano.a(lib_a-impure.o)
 .ARM.attributes
                0x00000841       0x2d c:/program files (x86)/cypress/psoc creator/4.2/psoc creator/import/gnu/arm/5.4.1/bin/../lib/gcc/arm-none-eabi/5.4.1/../../../../arm-none-eabi/lib/armv7-m\libg_nano.a(lib_a-init.o)
 .ARM.attributes
                0x0000086e       0x2d c:/program files (x86)/cypress/psoc creator/4.2/psoc creator/import/gnu/arm/5.4.1/bin/../lib/gcc/arm-none-eabi/5.4.1/../../../../arm-none-eabi/lib/armv7-m\libg_nano.a(lib_a-memcpy-stub.o)
 .ARM.attributes
                0x0000089b       0x2d c:/program files (x86)/cypress/psoc creator/4.2/psoc creator/import/gnu/arm/5.4.1/bin/../lib/gcc/arm-none-eabi/5.4.1/../../../../arm-none-eabi/lib/armv7-m\libg_nano.a(lib_a-memset.o)
 .ARM.attributes
                0x000008c8       0x2d c:/program files (x86)/cypress/psoc creator/4.2/psoc creator/import/gnu/arm/5.4.1/bin/../lib/gcc/arm-none-eabi/5.4.1/../../../../arm-none-eabi/lib/armv7-m\libg_nano.a(lib_a-snprintf.o)
 .ARM.attributes
                0x000008f5       0x2d c:/program files (x86)/cypress/psoc creator/4.2/psoc creator/import/gnu/arm/5.4.1/bin/../lib/gcc/arm-none-eabi/5.4.1/../../../../arm-none-eabi/lib/armv7-m\libg_nano.a(lib_a-nano-svfprintf.o)
 .ARM.attributes
                0x00000922       0x2d c:/program files (x86)/cypress/psoc creator/4.2/psoc creator/import/gnu/arm/5.4.1/bin/../lib/gcc/arm-none-eabi/5.4.1/../../../../arm-none-eabi/lib/armv7-m\libg_nano.a(lib_a-nano-vfprintf_i.o)
 .ARM.attributes
                0x0000094f       0x2d c:/program files (x86)/cypress/psoc creator/4.2/psoc creator/import/gnu/arm/5.4.1/bin/../lib/gcc/arm-none-eabi/5.4.1/../../../../arm-none-eabi/lib/armv7-m\libg_nano.a(lib_a-memchr-stub.o)
 .ARM.attributes
                0x0000097c       0x2d c:/program files (x86)/cypress/psoc creator/4.2/psoc creator/import/gnu/arm/5.4.1/bin/../lib/gcc/arm-none-eabi/5.4.1/../../../../arm-none-eabi/lib/armv7-m\libg_nano.a(lib_a-memmove.o)
 .ARM.attributes
                0x000009a9       0x2d c:/program files (x86)/cypress/psoc creator/4.2/psoc creator/import/gnu/arm/5.4.1/bin/../lib/gcc/arm-none-eabi/5.4.1/../../../../arm-none-eabi/lib/armv7-m\libg_nano.a(lib_a-nano-freer.o)
 .ARM.attributes
                0x000009d6       0x2d c:/program files (x86)/cypress/psoc creator/4.2/psoc creator/import/gnu/arm/5.4.1/bin/../lib/gcc/arm-none-eabi/5.4.1/../../../../arm-none-eabi/lib/armv7-m\libg_nano.a(lib_a-nano-mallocr.o)
 .ARM.attributes
                0x00000a03       0x2d c:/program files (x86)/cypress/psoc creator/4.2/psoc creator/import/gnu/arm/5.4.1/bin/../lib/gcc/arm-none-eabi/5.4.1/../../../../arm-none-eabi/lib/armv7-m\libg_nano.a(lib_a-nano-reallocr.o)
 .ARM.attributes
                0x00000a30       0x2d c:/program files (x86)/cypress/psoc creator/4.2/psoc creator/import/gnu/arm/5.4.1/bin/../lib/gcc/arm-none-eabi/5.4.1/../../../../arm-none-eabi/lib/armv7-m\libg_nano.a(lib_a-sbrkr.o)
 .ARM.attributes
                0x00000a5d       0x2d c:/program files (x86)/cypress/psoc creator/4.2/psoc creator/import/gnu/arm/5.4.1/bin/../lib/gcc/arm-none-eabi/5.4.1/../../../../arm-none-eabi/lib/armv7-m\libg_nano.a(lib_a-mlock.o)
 .ARM.attributes
                0x00000a8a       0x2d c:/program files (x86)/cypress/psoc creator/4.2/psoc creator/import/gnu/arm/5.4.1/bin/../lib/gcc/arm-none-eabi/5.4.1/../../../../arm-none-eabi/lib/armv7-m\libg_nano.a(lib_a-nano-msizer.o)
 .ARM.attributes
                0x00000ab7       0x2d c:/program files (x86)/cypress/psoc creator/4.2/psoc creator/import/gnu/arm/5.4.1/bin/../lib/gcc/arm-none-eabi/5.4.1/../../../../arm-none-eabi/lib/armv7-m\libg_nano.a(lib_a-reent.o)
 .ARM.attributes
                0x00000ae4       0x2d c:/program files (x86)/cypress/psoc creator/4.2/psoc creator/import/gnu/arm/5.4.1/bin/../lib/gcc/arm-none-eabi/5.4.1/armv7-m/crtend.o
 .ARM.attributes
                0x00000b11       0x1d c:/program files (x86)/cypress/psoc creator/4.2/psoc creator/import/gnu/arm/5.4.1/bin/../lib/gcc/arm-none-eabi/5.4.1/armv7-m/crtn.o

/DISCARD/
 *(.note.GNU-stack)
OUTPUT(C:\Users\andre\Desktop\Motorstyring1.3\Motorstyring.cydsn\CortexM3\ARM_GCC_541\Debug\Motorstyring.elf elf32-littlearm)
